Component: ARM Compiler 5.05 update 1 (build 106) Tool: armlink [4d0efa]

==============================================================================

Section Cross References

    startup_stm32f40_41xxx.o(RESET) refers to startup_stm32f40_41xxx.o(STACK) for __initial_sp
    startup_stm32f40_41xxx.o(RESET) refers to startup_stm32f40_41xxx.o(.text) for Reset_Handler
    startup_stm32f40_41xxx.o(RESET) refers to stm32f4xx_it.o(i.NMI_Handler) for NMI_Handler
    startup_stm32f40_41xxx.o(RESET) refers to stm32f4xx_it.o(i.HardFault_Handler) for HardFault_Handler
    startup_stm32f40_41xxx.o(RESET) refers to stm32f4xx_it.o(i.MemManage_Handler) for MemManage_Handler
    startup_stm32f40_41xxx.o(RESET) refers to stm32f4xx_it.o(i.BusFault_Handler) for BusFault_Handler
    startup_stm32f40_41xxx.o(RESET) refers to stm32f4xx_it.o(i.UsageFault_Handler) for UsageFault_Handler
    startup_stm32f40_41xxx.o(RESET) refers to port.o(.emb_text) for SVC_Handler
    startup_stm32f40_41xxx.o(RESET) refers to stm32f4xx_it.o(i.DebugMon_Handler) for DebugMon_Handler
    startup_stm32f40_41xxx.o(RESET) refers to delay.o(i.SysTick_Handler) for SysTick_Handler
    startup_stm32f40_41xxx.o(RESET) refers to can_callback.o(i.CAN1_RX0_IRQHandler) for CAN1_RX0_IRQHandler
    startup_stm32f40_41xxx.o(RESET) refers to timx_callback.o(i.TIM1_CC_IRQHandler) for TIM1_CC_IRQHandler
    startup_stm32f40_41xxx.o(RESET) refers to uartx_callback.o(i.USART1_IRQHandler) for USART1_IRQHandler
    startup_stm32f40_41xxx.o(RESET) refers to uartx_callback.o(i.USART3_IRQHandler) for USART3_IRQHandler
    startup_stm32f40_41xxx.o(RESET) refers to uartx_callback.o(i.UART4_IRQHandler) for UART4_IRQHandler
    startup_stm32f40_41xxx.o(RESET) refers to usbh_os_middleware.o(i.OTG_FS_IRQHandler) for OTG_FS_IRQHandler
    startup_stm32f40_41xxx.o(.text) refers to system_stm32f4xx.o(i.SystemInit) for SystemInit
    startup_stm32f40_41xxx.o(.text) refers to entry.o(.ARM.Collect$$$$00000000) for __main
    stm32f4xx_gpio.o(i.GPIO_DeInit) refers to stm32f4xx_rcc.o(i.RCC_AHB1PeriphResetCmd) for RCC_AHB1PeriphResetCmd
    stm32f4xx_rcc.o(i.RCC_GetClocksFreq) refers to stm32f4xx_rcc.o(.data) for .data
    stm32f4xx_rcc.o(i.RCC_WaitForHSEStartUp) refers to stm32f4xx_rcc.o(i.RCC_GetFlagStatus) for RCC_GetFlagStatus
    stm32f4xx_syscfg.o(i.SYSCFG_DeInit) refers to stm32f4xx_rcc.o(i.RCC_APB2PeriphResetCmd) for RCC_APB2PeriphResetCmd
    stm32f4xx_usart.o(i.USART_DeInit) refers to stm32f4xx_rcc.o(i.RCC_APB2PeriphResetCmd) for RCC_APB2PeriphResetCmd
    stm32f4xx_usart.o(i.USART_DeInit) refers to stm32f4xx_rcc.o(i.RCC_APB1PeriphResetCmd) for RCC_APB1PeriphResetCmd
    stm32f4xx_usart.o(i.USART_Init) refers to stm32f4xx_rcc.o(i.RCC_GetClocksFreq) for RCC_GetClocksFreq
    stm32f4xx_adc.o(i.ADC_DeInit) refers to stm32f4xx_rcc.o(i.RCC_APB2PeriphResetCmd) for RCC_APB2PeriphResetCmd
    stm32f4xx_can.o(i.CAN_DeInit) refers to stm32f4xx_rcc.o(i.RCC_APB1PeriphResetCmd) for RCC_APB1PeriphResetCmd
    stm32f4xx_can.o(i.CAN_GetITStatus) refers to stm32f4xx_can.o(i.CheckITStatus) for CheckITStatus
    stm32f4xx_tim.o(i.TIM_DeInit) refers to stm32f4xx_rcc.o(i.RCC_APB2PeriphResetCmd) for RCC_APB2PeriphResetCmd
    stm32f4xx_tim.o(i.TIM_DeInit) refers to stm32f4xx_rcc.o(i.RCC_APB1PeriphResetCmd) for RCC_APB1PeriphResetCmd
    stm32f4xx_tim.o(i.TIM_ETRClockMode1Config) refers to stm32f4xx_tim.o(i.TIM_ETRConfig) for TIM_ETRConfig
    stm32f4xx_tim.o(i.TIM_ETRClockMode2Config) refers to stm32f4xx_tim.o(i.TIM_ETRConfig) for TIM_ETRConfig
    stm32f4xx_tim.o(i.TIM_ICInit) refers to stm32f4xx_tim.o(i.TIM_SetIC4Prescaler) for TIM_SetIC4Prescaler
    stm32f4xx_tim.o(i.TIM_ICInit) refers to stm32f4xx_tim.o(i.TI1_Config) for TI1_Config
    stm32f4xx_tim.o(i.TIM_ICInit) refers to stm32f4xx_tim.o(i.TIM_SetIC1Prescaler) for TIM_SetIC1Prescaler
    stm32f4xx_tim.o(i.TIM_ICInit) refers to stm32f4xx_tim.o(i.TI2_Config) for TI2_Config
    stm32f4xx_tim.o(i.TIM_ICInit) refers to stm32f4xx_tim.o(i.TIM_SetIC2Prescaler) for TIM_SetIC2Prescaler
    stm32f4xx_tim.o(i.TIM_ICInit) refers to stm32f4xx_tim.o(i.TIM_SetIC3Prescaler) for TIM_SetIC3Prescaler
    stm32f4xx_tim.o(i.TIM_ITRxExternalClockConfig) refers to stm32f4xx_tim.o(i.TIM_SelectInputTrigger) for TIM_SelectInputTrigger
    stm32f4xx_tim.o(i.TIM_PWMIConfig) refers to stm32f4xx_tim.o(i.TI2_Config) for TI2_Config
    stm32f4xx_tim.o(i.TIM_PWMIConfig) refers to stm32f4xx_tim.o(i.TIM_SetIC2Prescaler) for TIM_SetIC2Prescaler
    stm32f4xx_tim.o(i.TIM_PWMIConfig) refers to stm32f4xx_tim.o(i.TI1_Config) for TI1_Config
    stm32f4xx_tim.o(i.TIM_PWMIConfig) refers to stm32f4xx_tim.o(i.TIM_SetIC1Prescaler) for TIM_SetIC1Prescaler
    stm32f4xx_tim.o(i.TIM_TIxExternalClockConfig) refers to stm32f4xx_tim.o(i.TI1_Config) for TI1_Config
    stm32f4xx_tim.o(i.TIM_TIxExternalClockConfig) refers to stm32f4xx_tim.o(i.TIM_SelectInputTrigger) for TIM_SelectInputTrigger
[...]
    TIM_TimeBaseInit                         0x080063bd   Thumb Code    96  stm32f4xx_tim.o(i.TIM_TimeBaseInit)
    TIM_TimeBaseStructInit                   0x08006439   Thumb Code    18  stm32f4xx_tim.o(i.TIM_TimeBaseStructInit)
    TIMx_PWM1_Mode_Init                      0x0800644d   Thumb Code   368  motor.o(i.TIMx_PWM1_Mode_Init)
    UART1_Init                               0x08006731   Thumb Code   204  uartx.o(i.UART1_Init)
    UART3_Init                               0x08006805   Thumb Code   202  uartx.o(i.UART3_Init)
    UART4_IRQHandler                         0x080068d9   Thumb Code   878  uartx_callback.o(i.UART4_IRQHandler)
    UART4_Init                               0x08006c81   Thumb Code   204  uartx.o(i.UART4_Init)
    USART1_IRQHandler                        0x08006d55   Thumb Code    44  uartx_callback.o(i.USART1_IRQHandler)
    USART3_IRQHandler                        0x08006d89   Thumb Code    44  uartx_callback.o(i.USART3_IRQHandler)
    USART_Cmd                                0x08006dbd   Thumb Code    20  stm32f4xx_usart.o(i.USART_Cmd)
    USART_GetITStatus                        0x08006dd1   Thumb Code    62  stm32f4xx_usart.o(i.USART_GetITStatus)
    USART_ITConfig                           0x08006e0f   Thumb Code    48  stm32f4xx_usart.o(i.USART_ITConfig)
    USART_Init                               0x08006e41   Thumb Code   164  stm32f4xx_usart.o(i.USART_Init)
    USART_ReceiveData                        0x08006eed   Thumb Code     8  stm32f4xx_usart.o(i.USART_ReceiveData)
    USBH_AllocPipe                           0x08006ef5   Thumb Code    56  usbh_pipes.o(i.USBH_AllocPipe)
    USBH_ClosePipe                           0x08006f2d   Thumb Code    10  usbh_pipes.o(i.USBH_ClosePipe)
    USBH_ClrFeature                          0x08006f37   Thumb Code    30  usbh_ctlreq.o(i.USBH_ClrFeature)
    USBH_CtlReceiveData                      0x08006f55   Thumb Code    34  usbh_ioreq.o(i.USBH_CtlReceiveData)
    USBH_CtlReq                              0x08006f77   Thumb Code    96  usbh_ctlreq.o(i.USBH_CtlReq)
    USBH_CtlSendData                         0x08006fd7   Thumb Code    42  usbh_ioreq.o(i.USBH_CtlSendData)
    USBH_CtlSendSetup                        0x08007001   Thumb Code    30  usbh_ioreq.o(i.USBH_CtlSendSetup)
    USBH_Delay                               0x0800701f   Thumb Code     4  usbh_conf.o(i.USBH_Delay)
    USBH_FindInterface                       0x08007023   Thumb Code    66  usbh_core.o(i.USBH_FindInterface)
    USBH_FreePipe                            0x08007065   Thumb Code    24  usbh_pipes.o(i.USBH_FreePipe)
    USBH_GetDescriptor                       0x0800707d   Thumb Code    54  usbh_ctlreq.o(i.USBH_GetDescriptor)
    USBH_GetNextDesc                         0x080070b3   Thumb Code    14  usbh_ctlreq.o(i.USBH_GetNextDesc)
    USBH_Get_CfgDesc                         0x080070c1   Thumb Code    54  usbh_ctlreq.o(i.USBH_Get_CfgDesc)
    USBH_Get_DevDesc                         0x080070f9   Thumb Code    62  usbh_ctlreq.o(i.USBH_Get_DevDesc)
    USBH_Get_StringDesc                      0x0800713d   Thumb Code    84  usbh_ctlreq.o(i.USBH_Get_StringDesc)
    USBH_Get_USB_Status                      0x08007191   Thumb Code    24  usbh_conf.o(i.USBH_Get_USB_Status)
    USBH_HID_EventCallback                   0x08007265   Thumb Code    46  usb_host.o(i.USBH_HID_EventCallback)
    USBH_HID_FifoInit                        0x080072a1   Thumb Code    14  usbh_hid.o(i.USBH_HID_FifoInit)
    USBH_HID_FifoRead                        0x080072af   Thumb Code    68  usbh_hid.o(i.USBH_HID_FifoRead)
    USBH_HID_FifoWrite                       0x080072f3   Thumb Code    82  usbh_hid.o(i.USBH_HID_FifoWrite)
    USBH_HID_GamePadInit                     0x08007345   Thumb Code    60  usbh_hid_gamepad.o(i.USBH_HID_GamePadInit)
    USBH_HID_GetHIDReportDescriptor          0x08007389   Thumb Code    30  usbh_hid.o(i.USBH_HID_GetHIDReportDescriptor)
    USBH_HID_GetReport                       0x080073a7   Thumb Code    34  usbh_hid.o(i.USBH_HID_GetReport)
    USBH_HID_PS2_Decode                      0x080075ad   Thumb Code   108  usbh_hid_gamepad.o(i.USBH_HID_PS2_Decode)
    USBH_HID_SetIdle                         0x0800776f   Thumb Code    26  usbh_hid.o(i.USBH_HID_SetIdle)
    USBH_HID_SetProtocol                     0x08007789   Thumb Code    32  usbh_hid.o(i.USBH_HID_SetProtocol)
    USBH_Init                                0x08007b49   Thumb Code   100  usbh_core.o(i.USBH_Init)
    USBH_InterruptReceiveData                0x08007bbd   Thumb Code    34  usbh_ioreq.o(i.USBH_InterruptReceiveData)
    USBH_InterruptSendData                   0x08007bdf   Thumb Code    34  usbh_ioreq.o(i.USBH_InterruptSendData)
    USBH_LL_ClosePipe                        0x08007c01   Thumb Code    18  usbh_conf.o(i.USBH_LL_ClosePipe)
    USBH_LL_Connect                          0x08007c13   Thumb Code    44  usbh_core.o(i.USBH_LL_Connect)
    USBH_LL_Disconnect                       0x08007c3f   Thumb Code    66  usbh_core.o(i.USBH_LL_Disconnect)
    USBH_LL_DriverVBUS                       0x08007c81   Thumb Code    12  usbh_conf.o(i.USBH_LL_DriverVBUS)
    USBH_LL_GetLastXferSize                  0x08007c8d   Thumb Code     8  usbh_conf.o(i.USBH_LL_GetLastXferSize)
    USBH_LL_GetSpeed                         0x08007c95   Thumb Code    34  usbh_conf.o(i.USBH_LL_GetSpeed)
    USBH_LL_GetURBState                      0x08007cb7   Thumb Code     8  usbh_conf.o(i.USBH_LL_GetURBState)
    USBH_LL_IncTimer                         0x08007cbf   Thumb Code    30  usbh_core.o(i.USBH_LL_IncTimer)
    USBH_LL_Init                             0x08007cdd   Thumb Code    74  usbh_conf.o(i.USBH_LL_Init)
    USBH_LL_NotifyURBChange                  0x08007d2d   Thumb Code    30  usbh_core.o(i.USBH_LL_NotifyURBChange)
    USBH_LL_OpenPipe                         0x08007d4b   Thumb Code    28  usbh_conf.o(i.USBH_LL_OpenPipe)
    USBH_LL_PortDisabled                     0x08007d67   Thumb Code     8  usbh_core.o(i.USBH_LL_PortDisabled)
    USBH_LL_PortEnabled                      0x08007d6f   Thumb Code    32  usbh_core.o(i.USBH_LL_PortEnabled)
    USBH_LL_ResetPort                        0x08007d8f   Thumb Code    18  usbh_conf.o(i.USBH_LL_ResetPort)
    USBH_LL_SetTimer                         0x08007da1   Thumb Code     6  usbh_core.o(i.USBH_LL_SetTimer)
    USBH_LL_SetToggle                        0x08007da7   Thumb Code    30  usbh_conf.o(i.USBH_LL_SetToggle)
    USBH_LL_Start                            0x08007dc5   Thumb Code    18  usbh_conf.o(i.USBH_LL_Start)
    USBH_LL_Stop                             0x08007dd7   Thumb Code    18  usbh_conf.o(i.USBH_LL_Stop)
    USBH_LL_SubmitURB                        0x08007de9   Thumb Code    34  usbh_conf.o(i.USBH_LL_SubmitURB)
    USBH_OpenPipe                            0x08007e0b   Thumb Code    20  usbh_pipes.o(i.USBH_OpenPipe)
    USBH_Process                             0x08008095   Thumb Code   618  usbh_core.o(i.USBH_Process)
    USBH_RegisterClass                       0x08008323   Thumb Code    36  usbh_core.o(i.USBH_RegisterClass)
    USBH_SelectInterface                     0x08008347   Thumb Code    22  usbh_core.o(i.USBH_SelectInterface)
    USBH_SetAddress                          0x0800835d   Thumb Code    28  usbh_ctlreq.o(i.USBH_SetAddress)
    USBH_SetCfg                              0x08008379   Thumb Code    28  usbh_ctlreq.o(i.USBH_SetCfg)
    USBH_SetFeature                          0x08008395   Thumb Code    28  usbh_ctlreq.o(i.USBH_SetFeature)
    USBH_Start                               0x080083b1   Thumb Code    20  usbh_core.o(i.USBH_Start)
    USB_CoreInit                             0x080083e5   Thumb Code   126  stm32f4xx_ll_usb.o(i.USB_CoreInit)
    USB_DisableGlobalInt                     0x080084a5   Thumb Code    12  stm32f4xx_ll_usb.o(i.USB_DisableGlobalInt)
    USB_DoPing                               0x080084b1   Thumb Code    30  stm32f4xx_ll_usb.o(i.USB_DoPing)
    USB_DriveVbus                            0x080084d5   Thumb Code    44  stm32f4xx_ll_usb.o(i.USB_DriveVbus)
    USB_EnableGlobalInt                      0x08008501   Thumb Code    12  stm32f4xx_ll_usb.o(i.USB_EnableGlobalInt)
    USB_FlushRxFifo                          0x0800850d   Thumb Code    56  stm32f4xx_ll_usb.o(i.USB_FlushRxFifo)
    USB_FlushTxFifo                          0x08008545   Thumb Code    60  stm32f4xx_ll_usb.o(i.USB_FlushTxFifo)
    USB_GamePad_InsertCallback               0x08008581   Thumb Code    20  bsp_gamepad.o(i.USB_GamePad_InsertCallback)
    USB_GamePad_PullOutCallback              0x08008599   Thumb Code    40  bsp_gamepad.o(i.USB_GamePad_PullOutCallback)
    USB_GetCurrentFrame                      0x080085c5   Thumb Code     8  stm32f4xx_ll_usb.o(i.USB_GetCurrentFrame)
    USB_GetHostSpeed                         0x080085cd   Thumb Code    14  stm32f4xx_ll_usb.o(i.USB_GetHostSpeed)
    USB_GetMode                              0x080085db   Thumb Code     8  stm32f4xx_ll_usb.o(i.USB_GetMode)
    USB_HC_Halt                              0x080085e3   Thumb Code   212  stm32f4xx_ll_usb.o(i.USB_HC_Halt)
    USB_HC_Init                              0x080086b9   Thumb Code   274  stm32f4xx_ll_usb.o(i.USB_HC_Init)
    USB_HC_ReadInterrupt                     0x080087d1   Thumb Code     8  stm32f4xx_ll_usb.o(i.USB_HC_ReadInterrupt)
    USB_HC_StartXfer                         0x080087d9   Thumb Code   600  stm32f4xx_ll_usb.o(i.USB_HC_StartXfer)
    USB_HostInit                             0x08008a35   Thumb Code   184  stm32f4xx_ll_usb.o(i.USB_HostInit)
    USB_InitFSLSPClkSel                      0x08008b05   Thumb Code    56  stm32f4xx_ll_usb.o(i.USB_InitFSLSPClkSel)
    USB_ReadChInterrupts                     0x08008b3d   Thumb Code    16  stm32f4xx_ll_usb.o(i.USB_ReadChInterrupts)
    USB_ReadInterrupts                       0x08008b4d   Thumb Code     8  stm32f4xx_ll_usb.o(i.USB_ReadInterrupts)
    USB_ReadPacket                           0x08008b55   Thumb Code    62  stm32f4xx_ll_usb.o(i.USB_ReadPacket)
    USB_ResetPort                            0x08008b93   Thumb Code    50  stm32f4xx_ll_usb.o(i.USB_ResetPort)
    USB_SetCurrentMode                       0x08008bc5   Thumb Code    92  stm32f4xx_ll_usb.o(i.USB_SetCurrentMode)
    USB_StopHost                             0x08008c21   Thumb Code   138  stm32f4xx_ll_usb.o(i.USB_StopHost)
    USB_WritePacket                          0x08008cab   Thumb Code    38  stm32f4xx_ll_usb.o(i.USB_WritePacket)
    UsageFault_Handler                       0x08008de1   Thumb Code     2  stm32f4xx_it.o(i.UsageFault_Handler)
    V1_0_CAN1_Mode_Init                      0x08008e69   Thumb Code   220  can.o(i.V1_0_CAN1_Mode_Init)
    V1_0_LED_Init                            0x08008fc5   Thumb Code   166  led.o(i.V1_0_LED_Init)
    V1_0_MiniBalance_PWM_Init                0x08009149   Thumb Code   160  motor.o(i.V1_0_MiniBalance_PWM_Init)
    Wired_USB_PS2GamePad_KeyEvent_Callback   0x080092d5   Thumb Code    94  balance_task.o(i.Wired_USB_PS2GamePad_KeyEvent_Callback)
    Wired_USB_PS2gamepad_Decode              0x08009345   Thumb Code   434  wiredps2_gamepad.o(i.Wired_USB_PS2gamepad_Decode)
    Wired_USB_V2_PS2gamepad_Decode           0x08009501   Thumb Code   434  wiredps2_gamepad.o(i.Wired_USB_V2_PS2gamepad_Decode)
    Write_Flash                              0x080096bd   Thumb Code    52  stmflash.o(i.Write_Flash)
    Xbox360GamePad_KeyEvent_Callback         0x0800974d   Thumb Code   190  balance_task.o(i.Xbox360GamePad_KeyEvent_Callback)
    Xbox360_gamepad_Decode                   0x08009911   Thumb Code   162  xbox360_gamepad.o(i.Xbox360_gamepad_Decode)
    __0printf                                0x08009a31   Thumb Code    22  printfa.o(i.__0printf)
    __1printf                                0x08009a31   Thumb Code     0  printfa.o(i.__0printf)
    __2printf                                0x08009a31   Thumb Code     0  printfa.o(i.__0printf)
    __c89printf                              0x08009a31   Thumb Code     0  printfa.o(i.__0printf)
    printf                                   0x08009a31   Thumb Code     0  printfa.o(i.__0printf)
    __0vsprintf                              0x08009a51   Thumb Code    30  printfa.o(i.__0vsprintf)
    __1vsprintf                              0x08009a51   Thumb Code     0  printfa.o(i.__0vsprintf)
    __2vsprintf                              0x08009a51   Thumb Code     0  printfa.o(i.__0vsprintf)
    __c89vsprintf                            0x08009a51   Thumb Code     0  printfa.o(i.__0vsprintf)
    vsprintf                                 0x08009a51   Thumb Code     0  printfa.o(i.__0vsprintf)
    __ARM_fpclassify                         0x08009a75   Thumb Code    48  fpclassify.o(i.__ARM_fpclassify)
    __hardfp_pow                             0x08009aa9   Thumb Code  3044  pow.o(i.__hardfp_pow)
    __kernel_poly                            0x0800a6e1   Thumb Code   248  poly.o(i.__kernel_poly)
    __mathlib_dbl_divzero                    0x0800a7d9   Thumb Code    28  dunder.o(i.__mathlib_dbl_divzero)
    __mathlib_dbl_infnan2                    0x0800a809   Thumb Code    20  dunder.o(i.__mathlib_dbl_infnan2)
    __mathlib_dbl_invalid                    0x0800a821   Thumb Code    24  dunder.o(i.__mathlib_dbl_invalid)
    __mathlib_dbl_overflow                   0x0800a841   Thumb Code    24  dunder.o(i.__mathlib_dbl_overflow)
    __mathlib_dbl_underflow                  0x0800a861   Thumb Code    24  dunder.o(i.__mathlib_dbl_underflow)
    __scatterload_copy                       0x0800a881   Thumb Code    14  handlers.o(i.__scatterload_copy)
    __scatterload_null                       0x0800a88f   Thumb Code     2  handlers.o(i.__scatterload_null)
    __scatterload_zeroinit                   0x0800a891   Thumb Code    14  handlers.o(i.__scatterload_zeroinit)
    __set_errno                              0x0800a8a1   Thumb Code     6  errno.o(i.__set_errno)
    any_printf                               0x0800b149   Thumb Code    58  usart.o(i.any_printf)
    auto_recharge_reset                      0x0800b189   Thumb Code    82  auto_recharge.o(i.auto_recharge_reset)
    data_task                                0x0800b1ed   Thumb Code   114  data_task.o(i.data_task)
    delay_init                               0x0800b40d   Thumb Code    50  delay.o(i.delay_init)
    delay_ms                                 0x0800b445   Thumb Code    52  delay.o(i.delay_ms)
    delay_us                                 0x0800b47d   Thumb Code    48  delay.o(i.delay_us)
    fabs                                     0x0800b4b1   Thumb Code    24  fabs.o(i.fabs)
    fputc                                    0x0800b4c9   Thumb Code    18  usart.o(i.fputc)
    free                                     0x0800b4e1   Thumb Code    76  malloc.o(i.free)
    getHW_Ver                                0x0800b531   Thumb Code    20  sys.o(i.getHW_Ver)
    getSW_Ver                                0x0800b55d   Thumb Code    12  sys.o(i.getSW_Ver)
    getSysTickCnt                            0x0800b579   Thumb Code    24  delay.o(i.getSysTickCnt)
    invMSInit                                0x0800b595   Thumb Code    24  icm20948.o(i.invMSInit)
    led_task                                 0x0800b975   Thumb Code   104  led_task.o(i.led_task)
    main                                     0x0800b9e9   Thumb Code    34  main.o(i.main)
    malloc                                   0x0800ba21   Thumb Code    92  malloc.o(i.malloc)
    oled_showfloat                           0x0800bccd   Thumb Code   288  oled.o(i.oled_showfloat)
    osMessageQueueGet                        0x0800bdf9   Thumb Code    98  usbh_os_middleware.o(i.osMessageQueueGet)
    osMessageQueuePut                        0x0800be61   Thumb Code    76  usbh_os_middleware.o(i.osMessageQueuePut)
    pstwo_task                               0x0800c77d   Thumb Code    68  ps2_task.o(i.pstwo_task)
    pvPortMalloc                             0x0800c7cd   Thumb Code   214  heap_4.o(i.pvPortMalloc)
    pvTaskIncrementMutexHeldCount            0x0800c8e1   Thumb Code    18  tasks.o(i.pvTaskIncrementMutexHeldCount)
    pxPortInitialiseStack                    0x0800c8f9   Thumb Code    40  port.o(i.pxPortInitialiseStack)
    show_task                                0x0800cb6d   Thumb Code   168  show_task.o(i.show_task)
    sqrt                                     0x0800cc35   Thumb Code   110  sqrt.o(i.sqrt)
    start_task                               0x0800cca5   Thumb Code   162  main.o(i.start_task)
    stmflash_erase_sector                    0x0800cdc1   Thumb Code    80  stmflash.o(i.stmflash_erase_sector)
    stmflash_init                            0x0800ceb5   Thumb Code    72  stmflash.o(i.stmflash_init)
    stmflash_unlock                          0x0800cf11   Thumb Code    26  stmflash.o(i.stmflash_unlock)
    stmflash_write                           0x0800cf8d   Thumb Code   244  stmflash.o(i.stmflash_write)
    systemInit                               0x0800d08d   Thumb Code   316  system.o(i.systemInit)
    target_limit_float                       0x0800d1fd   Thumb Code    32  balance_task.o(i.target_limit_float)
    uart1_send                               0x0800d22d   Thumb Code    12  uartx.o(i.uart1_send)
    uart3_send                               0x0800d23d   Thumb Code    14  uartx.o(i.uart3_send)
    uxListRemove                             0x0800d251   Thumb Code    36  list.o(i.uxListRemove)
    vListInitialise                          0x0800d275   Thumb Code    22  list.o(i.vListInitialise)
    vListInitialiseItem                      0x0800d28b   Thumb Code     6  list.o(i.vListInitialiseItem)
    vListInsert                              0x0800d291   Thumb Code    48  list.o(i.vListInsert)
    vListInsertEnd                           0x0800d2c1   Thumb Code    24  list.o(i.vListInsertEnd)
    vPortEnterCritical                       0x0800d2d9   Thumb Code    50  port.o(i.vPortEnterCritical)
    vPortExitCritical                        0x0800d351   Thumb Code    34  port.o(i.vPortExitCritical)
    vPortFree                                0x0800d3b5   Thumb Code    94  heap_4.o(i.vPortFree)
    vPortSetupTimerInterrupt                 0x0800d451   Thumb Code    26  port.o(i.vPortSetupTimerInterrupt)
    vPortValidateInterruptPriority           0x0800d471   Thumb Code    70  port.o(i.vPortValidateInterruptPriority)
    vQueueAddToRegistry                      0x0800d4fd   Thumb Code    32  queue.o(i.vQueueAddToRegistry)
    vQueueWaitForMessageRestricted           0x0800d521   Thumb Code    68  queue.o(i.vQueueWaitForMessageRestricted)
    vTaskDelay                               0x0800d565   Thumb Code    62  tasks.o(i.vTaskDelay)
    vTaskDelayUntil                          0x0800d5d1   Thumb Code   128  tasks.o(i.vTaskDelayUntil)
    vTaskDelete                              0x0800d67d   Thumb Code   152  tasks.o(i.vTaskDelete)
    vTaskMissedYield                         0x0800d749   Thumb Code     8  tasks.o(i.vTaskMissedYield)
    vTaskPlaceOnEventList                    0x0800d755   Thumb Code    44  tasks.o(i.vTaskPlaceOnEventList)
    vTaskPlaceOnEventListRestricted          0x0800d7a9   Thumb Code    52  tasks.o(i.vTaskPlaceOnEventListRestricted)
    vTaskPriorityInherit                     0x0800d805   Thumb Code   124  tasks.o(i.vTaskPriorityInherit)
    vTaskResume                              0x0800d889   Thumb Code   112  tasks.o(i.vTaskResume)
    vTaskSetTimeOutState                     0x0800d929   Thumb Code    30  tasks.o(i.vTaskSetTimeOutState)
    vTaskStartScheduler                      0x0800d971   Thumb Code    96  tasks.o(i.vTaskStartScheduler)
    vTaskSuspend                             0x0800da05   Thumb Code   154  tasks.o(i.vTaskSuspend)
    vTaskSuspendAll                          0x0800dad5   Thumb Code    10  tasks.o(i.vTaskSuspendAll)
    vTaskSwitchContext                       0x0800dae5   Thumb Code    80  tasks.o(i.vTaskSwitchContext)
    xPortStartScheduler                      0x0800db95   Thumb Code   196  port.o(i.xPortStartScheduler)
    xPortSysTickHandler                      0x0800dca9   Thumb Code    38  port.o(i.xPortSysTickHandler)
    xQueueGenericCreate                      0x0800dcd5   Thumb Code    82  queue.o(i.xQueueGenericCreate)
    xQueueGenericReceive                     0x0800dd4d   Thumb Code   348  queue.o(i.xQueueGenericReceive)
    xQueueGenericReset                       0x0800ded1   Thumb Code   128  queue.o(i.xQueueGenericReset)
    xQueueGenericSend                        0x0800df79   Thumb Code   350  queue.o(i.xQueueGenericSend)
    xQueueGenericSendFromISR                 0x0800e101   Thumb Code   188  queue.o(i.xQueueGenericSendFromISR)
    xQueueReceiveFromISR                     0x0800e1e1   Thumb Code   144  queue.o(i.xQueueReceiveFromISR)
    xTaskCheckForTimeOut                     0x0800e295   Thumb Code    94  tasks.o(i.xTaskCheckForTimeOut)
    xTaskCreate                              0x0800e31d   Thumb Code    86  tasks.o(i.xTaskCreate)
    xTaskGetSchedulerState                   0x0800e375   Thumb Code    22  tasks.o(i.xTaskGetSchedulerState)
    xTaskGetTickCount                        0x0800e391   Thumb Code     6  tasks.o(i.xTaskGetTickCount)
    xTaskIncrementTick                       0x0800e39d   Thumb Code   188  tasks.o(i.xTaskIncrementTick)
    xTaskPriorityDisinherit                  0x0800e485   Thumb Code   136  tasks.o(i.xTaskPriorityDisinherit)
    xTaskRemoveFromEventList                 0x0800e539   Thumb Code   102  tasks.o(i.xTaskRemoveFromEventList)
    xTaskResumeAll                           0x0800e5d1   Thumb Code   180  tasks.o(i.xTaskResumeAll)
    xTimerCreate                             0x0800e6b5   Thumb Code    74  timers.o(i.xTimerCreate)
    xTimerCreateTimerTask                    0x0800e729   Thumb Code    58  timers.o(i.xTimerCreateTimerTask)
    xTimerGenericCommand                     0x0800e79d   Thumb Code    98  timers.o(i.xTimerGenericCommand)
    oled_asc2_1206                           0x0800e82c   Data        1140  oled.o(.constdata)
    oled_asc2_1608                           0x0800eca0   Data        1520  oled.o(.constdata)
    Hzk16                                    0x0800f290   Data        2624  oled.o(.constdata)
    gImage_usb_bmp                           0x0800fcd0   Data         512  oled.o(.constdata)
    __mathlib_zero                           0x0800ff58   Data           8  qnan.o(.constdata)
    Region$$Table$$Base                      0x08010408   Number         0  anon$$obj.o(Region$$Table)
    Region$$Table$$Limit                     0x08010428   Number         0  anon$$obj.o(Region$$Table)
    pxCurrentTCB                             0x20000010   Data           4  tasks.o(.data)
    StartTask_Handler                        0x20000084   Data           4  main.o(.data)
    SystemCoreClock                          0x20000088   Data           4  system_stm32f4xx.o(.data)
    AHBPrescTable                            0x2000008c   Data          16  system_stm32f4xx.o(.data)
    __stdout                                 0x200000a4   Data           4  usart.o(.data)
    gstGyroOffset                            0x200000b6   Data           6  icm20948.o(.data)
    appkey                                   0x200000d5   Data           5  uartx.o(.data)
    gamepad_brand                            0x200000dc   Data           1  bsp_gamepad.o(.data)
    GamePadDebug                             0x200000dd   Data           3  bsp_gamepad.o(.data)
    GamePadInterface                         0x200000e0   Data           4  bsp_gamepad.o(.data)
    GamePadDefalut                           0x200000e4   Data          20  bsp_gamepad.o(.data)
    Comd                                     0x200000f9   Data           2  ps2_classic.o(.data)
    Handkey                                  0x200000fc   Data           2  ps2_classic.o(.data)
    Classic_PS2Gamepad                       0x20000100   Data          20  ps2_classic.o(.data)
    ps2_default_buf                          0x20000114   Data           9  ps2_classic.o(.data)
    show_TaskHandle                          0x20000154   Data           4  show_task.o(.data)
    oled                                     0x2000015e   Data           4  show_task.o(.data)
    data_TaskHandle                          0x20000168   Data           4  data_task.o(.data)
    Appli_state                              0x200001bd   Data           1  usb_host.o(.data)
    GamePad_HID_Class                        0x200001c0   Data          32  usbh_hid_gamepad.o(.data)
    GamePad_NonStdHID_Class                  0x200001e0   Data          32  usbh_hid_gamepad.o(.data)
    Xbox360Gamepad                           0x2000020c   Data          20  xbox360_gamepad.o(.data)
    Wired_USB_PS2Gamepad                     0x20000224   Data          20  wiredps2_gamepad.o(.data)
    __microlib_freelist                      0x20000238   Data           4  mvars.o(.data)
    __microlib_freelist_initialised          0x2000023c   Data           4  mvars.o(.data)
    xQueueRegistry                           0x20000244   Data          64  queue.o(.bss)
    SysVal                                   0x20007d90   Data          12  system.o(.bss)
    Ux_TxBuff                                0x20007d9c   Data         256  usart.o(.bss)
    Akm_Servo                                0x20007e9c   Data          16  adc.o(.bss)
    charger                                  0x20007eac   Data          56  auto_recharge.o(.bss)
    remoter                                  0x20008370   Data          20  remote.o(.bss)
    Data                                     0x20008384   Data           9  ps2_classic.o(.bss)
    robot                                    0x20008490   Data          88  diff_robot_init.o(.bss)
    robot_control                            0x200084e8   Data          56  balance_task.o(.bss)
    robot_check                              0x20008520   Data          24  balance_task.o(.bss)
    PI_MotorA                                0x20008538   Data          20  balance_task.o(.bss)
    PI_MotorB                                0x2000854c   Data          20  balance_task.o(.bss)
    PI_MotorC                                0x20008560   Data          20  balance_task.o(.bss)
    PI_MotorD                                0x20008574   Data          20  balance_task.o(.bss)
    imu                                      0x20008588   Data          36  imu_task.o(.bss)
    Send_Data                                0x20008748   Data          48  data_task.o(.bss)
    Send_AutoCharge_Data                     0x20008778   Data          16  data_task.o(.bss)
    Receive_Data                             0x200087bc   Data          32  uartx_callback.o(.bss)
    hhcd_USB_OTG_FS                          0x200087f0   Data         992  usbh_conf.o(.bss)
    hUsbHostFS                               0x20008bd0   Data        2536  usb_host.o(.bss)
    GamePad_Manufacturer                     0x200095b8   Data         100  usbh_hid_gamepad.o(.bss)
    GamePad_iSerialNum                       0x2000969c   Data         100  usbh_hid_gamepad.o(.bss)
    __heap_base                              0x20009900   Data           0  startup_stm32f40_41xxx.o(HEAP)
    __heap_limit                             0x20009b00   Data           0  startup_stm32f40_41xxx.o(HEAP)
    __initial_sp                             0x20009f00   Data           0  startup_stm32f40_41xxx.o(STACK)



==============================================================================

Memory Map of the image

  Image Entry point : 0x08000189

  Load Region LR_IROM1 (Base: 0x08000000, Size: 0x0001066c, Max: 0x00080000, ABSOLUTE, COMPRESSED[0x000104ac])

    Execution Region ER_IROM1 (Base: 0x08000000, Size: 0x00010428, Max: 0x00080000, ABSOLUTE)

    Base Addr    Size         Type   Attr      Idx    E Section Name        Object

    0x08000000   0x00000188   Data   RO            3    RESET               startup_stm32f40_41xxx.o
    0x08000188   0x00000000   Code   RO         6827  * .ARM.Collect$$$$00000000  mc_w.l(entry.o)
    0x08000188   0x00000004   Code   RO         7182    .ARM.Collect$$$$00000001  mc_w.l(entry2.o)
    0x0800018c   0x00000004   Code   RO         7185    .ARM.Collect$$$$00000004  mc_w.l(entry5.o)
    0x08000190   0x00000000   Code   RO         7187    .ARM.Collect$$$$00000008  mc_w.l(entry7b.o)
    0x08000190   0x00000000   Code   RO         7189    .ARM.Collect$$$$0000000A  mc_w.l(entry8b.o)
    0x08000190   0x00000008   Code   RO         7190    .ARM.Collect$$$$0000000B  mc_w.l(entry9a.o)
    0x08000198   0x00000000   Code   RO         7192    .ARM.Collect$$$$0000000D  mc_w.l(entry10a.o)
    0x08000198   0x00000000   Code   RO         7194    .ARM.Collect$$$$0000000F  mc_w.l(entry11a.o)
    0x08000198   0x00000004   Code   RO         7183    .ARM.Collect$$$$00002712  mc_w.l(entry2.o)
    0x0800019c   0x000000b6   Code   RO         3501    .emb_text           port.o
    0x08000252   0x00000002   PAD
    0x08000254   0x00000024   Code   RO            4    .text               startup_stm32f40_41xxx.o
    0x08000278   0x00000024   Code   RO         6830    .text               mc_w.l(memcpya.o)
    0x0800029c   0x00000024   Code   RO         6832    .text               mc_w.l(memseta.o)
    0x080002c0   0x0000000e   Code   RO         6834    .text               mc_w.l(strlen.o)
    0x080002ce   0x0000001c   Code   RO         6836    .text               mc_w.l(strcmp.o)
    0x080002ea   0x0000014e   Code   RO         7131    .text               mf_w.l(dadd.o)
    0x08000438   0x000000e4   Code   RO         7133    .text               mf_w.l(dmul.o)
    0x0800051c   0x000000de   Code   RO         7135    .text               mf_w.l(ddiv.o)
    0x080005fa   0x00000022   Code   RO         7137    .text               mf_w.l(dflti.o)
    0x0800061c   0x0000001a   Code   RO         7139    .text               mf_w.l(dfltui.o)
    0x08000636   0x00000026   Code   RO         7141    .text               mf_w.l(f2d.o)
    0x0800065c   0x00000038   Code   RO         7143    .text               mf_w.l(d2f.o)
    0x08000694   0x0000002c   Code   RO         7196    .text               mc_w.l(uidiv.o)
    0x080006c0   0x00000062   Code   RO         7198    .text               mc_w.l(uldiv.o)
    0x08000722   0x0000001e   Code   RO         7200    .text               mc_w.l(llshl.o)
    0x08000740   0x00000024   Code   RO         7202    .text               mc_w.l(llsshr.o)
    0x08000764   0x00000000   Code   RO         7213    .text               mc_w.l(iusefp.o)
    0x08000764   0x0000006e   Code   RO         7214    .text               mf_w.l(fepilogue.o)
    0x080007d2   0x000000ba   Code   RO         7216    .text               mf_w.l(depilogue.o)
    0x0800088c   0x0000002e   Code   RO         7220    .text               mf_w.l(dscalb.o)
    0x080008ba   0x00000030   Code   RO         7222    .text               mf_w.l(dfixul.o)
    0x080008ea   0x00000002   PAD
    0x080008ec   0x00000030   Code   RO         7224    .text               mf_w.l(cdrcmple.o)
    0x0800091c   0x00000024   Code   RO         7226    .text               mc_w.l(init.o)
    0x08000940   0x00000020   Code   RO         7228    .text               mc_w.l(llushr.o)
    0x08000960   0x000000a2   Code   RO         7230    .text               mf_w.l(dsqrt.o)
    0x08000a02   0x00000056   Code   RO         7242    .text               mc_w.l(__dczerorl2.o)
    0x08000a58   0x000000a0   Code   RO         4098    i.ADC1_Init         adc.o
    0x08000af8   0x00000014   Code   RO          853    i.ADC_Cmd           stm32f4xx_adc.o
    0x08000b0c   0x0000002c   Code   RO          854    i.ADC_CommonInit    stm32f4xx_adc.o
    0x08000b38   0x00000006   Code   RO          865    i.ADC_GetConversionValue  stm32f4xx_adc.o
    0x08000b3e   0x0000000e   Code   RO          866    i.ADC_GetFlagStatus  stm32f4xx_adc.o
    0x08000b4c   0x0000004c   Code   RO          873    i.ADC_Init          stm32f4xx_adc.o
    0x08000b98   0x00000074   Code   RO          878    i.ADC_RegularChannelConfig  stm32f4xx_adc.o
    0x08000c0c   0x0000000a   Code   RO          880    i.ADC_SoftwareStartConv  stm32f4xx_adc.o
    0x08000c16   0x0000000e   Code   RO         5077    i.APPKey_Param_Init  uartx.o
    0x08000c24   0x00000158   Code   RO         5559    i.APP_ShowTask      show_task.o
    0x08000d7c   0x00000090   Code   RO         5703    i.AT_Command_Capture  uartx_callback.o
    0x08000e0c   0x00000012   Code   RO         4101    i.Akm_ServoParam_Init  adc.o
    0x08000e1e   0x00000002   PAD
    0x08000e20   0x000001b8   Code   RO         5316    i.Balance_task      balance_task.o
    0x08000fd8   0x00000002   Code   RO         3854    i.BusFault_Handler  stm32f4xx_it.o
    0x08000fda   0x00000002   PAD
    0x08000fdc   0x0000003c   Code   RO         4286    i.Buzzer_AddTask    buzzer.o
    0x08001018   0x00000040   Code   RO         4287    i.Buzzer_Init       buzzer.o
    0x08001058   0x000000b0   Code   RO         4288    i.Buzzer_Response   buzzer.o
    0x08001108   0x00000078   Code   RO         4289    i.Buzzer_task       buzzer.o
    0x08001180   0x000000c8   Code   RO         4234    i.CAN1_Mode_Init    can.o
    0x08001248   0x000000e4   Code   RO         5767    i.CAN1_RX0_IRQHandler  can_callback.o
    0x0800132c   0x00000070   Code   RO         5660    i.CAN1_SendTask     data_task.o
    0x0800139c   0x00000058   Code   RO         4235    i.CAN1_Send_EXTid_Num  can.o
    0x080013f4   0x00000058   Code   RO         4236    i.CAN1_Send_Num     can.o
    0x0800144c   0x000000cc   Code   RO         1095    i.CAN_FilterInit    stm32f4xx_can.o
    0x08001518   0x00000010   Code   RO         1101    i.CAN_ITConfig      stm32f4xx_can.o
    0x08001528   0x000000e8   Code   RO         1102    i.CAN_Init          stm32f4xx_can.o
    0x08001610   0x0000008e   Code   RO         1105    i.CAN_Receive       stm32f4xx_can.o
    0x0800169e   0x00000002   PAD
    0x080016a0   0x00000084   Code   RO         4172    i.CAN_Send_AutoRecharge  auto_recharge.o
    0x08001724   0x000000a4   Code   RO         1110    i.CAN_Transmit      stm32f4xx_can.o
    0x080017c8   0x0000006c   Code   RO         1111    i.CAN_TransmitStatus  stm32f4xx_can.o
    0x08001834   0x00000090   Code   RO         5317    i.Charger_DevCheck  balance_task.o
    0x080018c4   0x00000018   Code   RO         5661    i.Check_BCC         data_task.o
    0x080018dc   0x00000014   Code   RO         5177    i.ClassicPS2_GetKeyState  ps2_classic.o
    0x080018f0   0x00000070   Code   RO         5318    i.Classic_PS2GamePad_KeyEvent_Callback  balance_task.o
    0x08001960   0x00000078   Code   RO         5815    i.DeInitStateMachine  usbh_core.o
    0x080019d8   0x00000002   Code   RO         3855    i.DebugMon_Handler  stm32f4xx_it.o
    0x080019da   0x00000002   PAD
    0x080019dc   0x000005f8   Code   RO         5319    i.Deep_SelfCheck    balance_task.o
    0x08001fd4   0x00000128   Code   RO         5320    i.Drive_Motor       balance_task.o
    0x080020fc   0x00000030   Code   RO         4375    i.EnableKey_Init    enable_key.o
    0x0800212c   0x00000038   Code   RO         4326    i.EncoderA_Init     encoder.o
    0x08002164   0x00000034   Code   RO         4327    i.EncoderB_Init     encoder.o
    0x08002198   0x00000034   Code   RO         4328    i.EncoderC_Init     encoder.o
    0x080021cc   0x00000034   Code   RO         4329    i.EncoderD_Init     encoder.o
    0x08002200   0x00000164   Code   RO         4330    i.Encoder_TI12_ModeInit  encoder.o
    0x08002364   0x00000004   Code   RO         6599    i.Error_Handler     usbh_os_middleware.o
    0x08002368   0x00000024   Code   RO         4173    i.Find_Charging_HardWare  auto_recharge.o
    0x0800238c   0x000000a0   Code   RO         5321    i.FlashParam_Read   balance_task.o
    0x0800242c   0x00000060   Code   RO         5322    i.FlashParam_Save   balance_task.o
    0x0800248c   0x00000022   Code   RO         4946    i.GPIO_AFPP_Init    remote.o
    0x080024ae   0x00000002   PAD
    0x080024b0   0x00000070   Code   RO         4237    i.GPIO_CANPort_Init  can.o
    0x08002520   0x00000078   Code   RO          172    i.GPIO_Init         stm32f4xx_gpio.o
    0x08002598   0x00000020   Code   RO         4675    i.GPIO_Output_Init  motor.o
    0x080025b8   0x000000dc   Code   RO         4593    i.GPIO_PWM_Init     led.o
    0x08002694   0x00000020   Code   RO          173    i.GPIO_PinAFConfig  stm32f4xx_gpio.o
    0x080026b4   0x00000004   Code   RO          180    i.GPIO_SetBits      stm32f4xx_gpio.o
    0x080026b8   0x000000a0   Code   RO         4947    i.GPIOx_PIN_AFConfig  remote.o
    0x08002758   0x00000090   Code   RO         5139    i.GamePadKey_CheckEvent  bsp_gamepad.o
    0x080027e8   0x00000034   Code   RO         4102    i.Get_ADC1          adc.o
    0x0800281c   0x00000028   Code   RO         4103    i.Get_ADC1_Average  adc.o
    0x08002844   0x000000c8   Code   RO         5323    i.Get_APPcmd        balance_task.o
    0x0800290c   0x00000098   Code   RO         5324    i.Get_Robot_FeedBack  balance_task.o
    0x080029a4   0x00000054   Code   RO         4104    i.Get_battery_volt  adc.o
    0x080029f8   0x00000008   Code   RO         6402    i.HAL_HCD_Connect_Callback  usbh_conf.o
    0x08002a00   0x00000008   Code   RO         6403    i.HAL_HCD_Disconnect_Callback  usbh_conf.o
    0x08002a08   0x00000006   Code   RO         2052    i.HAL_HCD_GetCurrentFrame  stm32f4xx_hal_hcd.o
    0x08002a0e   0x00000006   Code   RO         2053    i.HAL_HCD_GetCurrentSpeed  stm32f4xx_hal_hcd.o
    0x08002a14   0x00000018   Code   RO         2055    i.HAL_HCD_HC_ClearHubInfo  stm32f4xx_hal_hcd.o
    0x08002a2c   0x0000000e   Code   RO         2057    i.HAL_HCD_HC_GetURBState  stm32f4xx_hal_hcd.o
    0x08002a3a   0x0000000c   Code   RO         2058    i.HAL_HCD_HC_GetXferCount  stm32f4xx_hal_hcd.o
    0x08002a46   0x00000024   Code   RO         2059    i.HAL_HCD_HC_Halt   stm32f4xx_hal_hcd.o
    0x08002a6a   0x0000009c   Code   RO         2060    i.HAL_HCD_HC_Init   stm32f4xx_hal_hcd.o
    0x08002b06   0x00000008   Code   RO         6404    i.HAL_HCD_HC_NotifyURBChange_Callback  usbh_conf.o
    0x08002b0e   0x0000009a   Code   RO         2063    i.HAL_HCD_HC_SubmitRequest  stm32f4xx_hal_hcd.o
    0x08002ba8   0x00000140   Code   RO         2064    i.HAL_HCD_IRQHandler  stm32f4xx_hal_hcd.o
    0x08002ce8   0x00000070   Code   RO         2065    i.HAL_HCD_Init      stm32f4xx_hal_hcd.o
    0x08002d58   0x0000006c   Code   RO         6406    i.HAL_HCD_MspInit   usbh_conf.o
    0x08002dc4   0x00000008   Code   RO         6407    i.HAL_HCD_PortDisabled_Callback  usbh_conf.o
    0x08002dcc   0x00000008   Code   RO         6408    i.HAL_HCD_PortEnabled_Callback  usbh_conf.o
    0x08002dd4   0x00000006   Code   RO         2070    i.HAL_HCD_ResetPort  stm32f4xx_hal_hcd.o
    0x08002dda   0x00000008   Code   RO         6409    i.HAL_HCD_SOF_Callback  usbh_conf.o
    0x08002de2   0x0000002c   Code   RO         2072    i.HAL_HCD_Start     stm32f4xx_hal_hcd.o
    0x08002e0e   0x00000024   Code   RO         2073    i.HAL_HCD_Stop      stm32f4xx_hal_hcd.o
    0x08002e32   0x0000037c   Code   RO         2075    i.HCD_HC_IN_IRQHandler  stm32f4xx_hal_hcd.o
    0x080031ae   0x000002e6   Code   RO         2076    i.HCD_HC_OUT_IRQHandler  stm32f4xx_hal_hcd.o
    0x08003494   0x00000094   Code   RO         2077    i.HCD_Port_IRQHandler  stm32f4xx_hal_hcd.o
    0x08003528   0x00000086   Code   RO         2078    i.HCD_RXQLVL_IRQHandler  stm32f4xx_hal_hcd.o
    0x080035ae   0x00000002   PAD
    0x080035b0   0x000000bc   Code   RO         4174    i.Handle_Normal_AutoRecharge  auto_recharge.o
    0x0800366c   0x00000002   Code   RO         3856    i.HardFault_Handler  stm32f4xx_it.o
    0x0800366e   0x00000002   PAD
    0x08003670   0x00000040   Code   RO         4395    i.I2C_Ack           i2c.o
    0x080036b0   0x0000006c   Code   RO         4396    i.I2C_GPIOInit      i2c.o
    0x0800371c   0x00000040   Code   RO         4397    i.I2C_NAck          i2c.o
    0x0800375c   0x00000070   Code   RO         4399    i.I2C_ReadByte      i2c.o
    0x080037cc   0x0000003e   Code   RO         4400    i.I2C_ReadOneByte   i2c.o
    0x0800380a   0x00000002   PAD
    0x0800380c   0x00000050   Code   RO         4401    i.I2C_Start         i2c.o
    0x0800385c   0x00000040   Code   RO         4402    i.I2C_Stop          i2c.o
    0x0800389c   0x00000054   Code   RO         4403    i.I2C_WaiteForAck   i2c.o
    0x080038f0   0x0000004a   Code   RO         4404    i.I2C_WriteBits     i2c.o
    0x0800393a   0x00000002   PAD
    0x0800393c   0x00000060   Code   RO         4406    i.I2C_WriteByte     i2c.o
    0x0800399c   0x00000032   Code   RO         4408    i.I2C_WriteOneByte  i2c.o
    0x080039ce   0x00000002   PAD
    0x080039d0   0x00000048   Code   RO         4493    i.ICM20948_Get_Accel  icm20948.o
    0x08003a18   0x00000044   Code   RO         4494    i.ICM20948_Get_Gyroscope  icm20948.o
    0x08003a5c   0x00000008   Code   RO         4495    i.ICM20948_getDeviceID  icm20948.o
    0x08003a64   0x00000048   Code   RO         5521    i.ICM20948_task     imu_task.o
    0x08003aac   0x0000000e   Code   RO         5522    i.ImuData_copy      imu_task.o
    0x08003aba   0x00000056   Code   RO         5325    i.Incremental_MOTOR  balance_task.o
    0x08003b10   0x00000030   Code   RO         4566    i.KEY_Init          key.o
    0x08003b40   0x0000010c   Code   RO         4567    i.KEY_Scan          key.o
    0x08003c4c   0x00000050   Code   RO         4595    i.LED_SetColor      led.o
    0x08003c9c   0x00000074   Code   RO         4596    i.LED_SetState      led.o
    0x08003d10   0x00000030   Code   RO         4598    i.LightStrip_SetColor  led.o
    0x08003d40   0x00000084   Code   RO         4734    i.MPU6050_Get_Accelscope  mpu6050.o
    0x08003dc4   0x00000080   Code   RO         4735    i.MPU6050_Get_Gyroscope  mpu6050.o
    0x08003e44   0x00000032   Code   RO         4736    i.MPU6050_Set_LPF   mpu6050.o
    0x08003e76   0x00000030   Code   RO         4737    i.MPU6050_Set_Rate  mpu6050.o
    0x08003ea6   0x00000008   Code   RO         4738    i.MPU6050_getDeviceID  mpu6050.o
    0x08003eae   0x00000084   Code   RO         4739    i.MPU6050_initialize  mpu6050.o
    0x08003f32   0x00000012   Code   RO         4742    i.MPU6050_setFullScaleAccelRange  mpu6050.o
    0x08003f44   0x00000012   Code   RO         4743    i.MPU6050_setFullScaleGyroRange  mpu6050.o
    0x08003f56   0x00000002   PAD
    0x08003f58   0x00000048   Code   RO         5523    i.MPU6050_task      imu_task.o
    0x08003fa0   0x00000060   Code   RO         6563    i.MX_USB_HOST_Init  usb_host.o
    0x08004000   0x00000002   Code   RO         3857    i.MemManage_Handler  stm32f4xx_it.o
    0x08004002   0x00000002   PAD
    0x08004004   0x000000e4   Code   RO         4676    i.MiniBalance_Motor_Init  motor.o
    0x080040e8   0x000000a8   Code   RO         4677    i.MiniBalance_PWM_Init  motor.o
    0x08004190   0x00000002   Code   RO         3858    i.NMI_Handler       stm32f4xx_it.o
    0x08004192   0x00000002   PAD
    0x08004194   0x00000064   Code   RO           12    i.NVIC_Init         misc.o
    0x080041f8   0x00000014   Code   RO           13    i.NVIC_PriorityGroupConfig  misc.o
    0x0800420c   0x0000002c   Code   RO         4839    i.OLED_Clear        oled.o
    0x08004238   0x00000028   Code   RO         4840    i.OLED_ClearBuf     oled.o
    0x08004260   0x00000040   Code   RO         4841    i.OLED_DrawBMP      oled.o
    0x080042a0   0x0000003c   Code   RO         4842    i.OLED_DrawPoint    oled.o
    0x080042dc   0x00000168   Code   RO         4843    i.OLED_Init         oled.o
    0x08004444   0x00000010   Code   RO         5560    i.OLED_Param_Init   show_task.o
    0x08004454   0x00000048   Code   RO         4844    i.OLED_Refresh_Gram  oled.o
    0x0800449c   0x00000048   Code   RO         4845    i.OLED_Refresh_Line  oled.o
    0x080044e4   0x00000028   Code   RO         4846    i.OLED_Set_Pos      oled.o
    0x0800450c   0x00000084   Code   RO         4848    i.OLED_ShowChar     oled.o
    0x08004590   0x0000000c   Code   RO         5561    i.OLED_ShowGamePadState  show_task.o
    0x0800459c   0x00000080   Code   RO         4849    i.OLED_ShowNumber   oled.o
    0x0800461c   0x0000003e   Code   RO         4850    i.OLED_ShowString   oled.o
    0x0800465a   0x00000002   PAD
    0x0800465c   0x0000040c   Code   RO         5562    i.OLED_ShowTask     show_task.o
    0x08004a68   0x00000044   Code   RO         4851    i.OLED_WR_Byte      oled.o
    0x08004aac   0x0000000c   Code   RO         6600    i.OTG_FS_IRQHandler  usbh_os_middleware.o
    0x08004ab8   0x00000024   Code   RO         5326    i.PI_Clear_Output   balance_task.o
    0x08004adc   0x0000001c   Code   RO         5327    i.PI_Controller_Init  balance_task.o
    0x08004af8   0x00000018   Code   RO         5328    i.PI_Controller_Reset  balance_task.o
    0x08004b10   0x0000000e   Code   RO         5329    i.PI_SetParam       balance_task.o
    0x08004b1e   0x00000002   PAD
    0x08004b20   0x00000098   Code   RO         5179    i.PS2_Cmd           ps2_classic.o
    0x08004bb8   0x000000ac   Code   RO         5180    i.PS2_DataKey       ps2_classic.o
    0x08004c64   0x000000a4   Code   RO         5181    i.PS2_Init          ps2_classic.o
    0x08004d08   0x0000001c   Code   RO         5182    i.PS2_Key_Param_Init  ps2_classic.o
    0x08004d24   0x00000070   Code   RO         5183    i.PS2_Read          ps2_classic.o
    0x08004d94   0x000000a8   Code   RO         5184    i.PS2_ReadData      ps2_classic.o
    0x08004e3c   0x000000f0   Code   RO         5185    i.PS2_SetInit       ps2_classic.o
    0x08004f2c   0x00000044   Code   RO         5186    i.PS2_ShortPoll     ps2_classic.o
    0x08004f70   0x00000238   Code   RO         5330    i.PS2_control       balance_task.o
    0x080051a8   0x00000018   Code   RO          269    i.RCC_AHB1PeriphClockCmd  stm32f4xx_rcc.o
    0x080051c0   0x00000018   Code   RO          272    i.RCC_AHB2PeriphClockCmd  stm32f4xx_rcc.o
    0x080051d8   0x00000018   Code   RO          278    i.RCC_APB1PeriphClockCmd  stm32f4xx_rcc.o
    0x080051f0   0x00000018   Code   RO          281    i.RCC_APB2PeriphClockCmd  stm32f4xx_rcc.o
    0x08005208   0x00000018   Code   RO          283    i.RCC_APB2PeriphResetCmd  stm32f4xx_rcc.o
    0x08005220   0x00000090   Code   RO          290    i.RCC_GetClocksFreq  stm32f4xx_rcc.o
    0x080052b0   0x000000a8   Code   RO         4599    i.RGB_LightStrip_Init  led.o
    0x08005358   0x0000005c   Code   RO         5331    i.ROBOT_CONTROL_t_Init  balance_task.o
    0x080053b4   0x00000040   Code   RO         4331    i.Read_Encoder      encoder.o
    0x080053f4   0x0000000c   Code   RO         4988    i.Read_Flash        stmflash.o
    0x08005400   0x00000174   Code   RO         5332    i.Remote_Control    balance_task.o
    0x08005574   0x0000015c   Code   RO         4948    i.Remoter_Init      remote.o
    0x080056d0   0x00000016   Code   RO         4949    i.Remoter_Param_Init  remote.o
    0x080056e6   0x00000002   PAD
    0x080056e8   0x00000050   Code   RO         5333    i.ResponseControl   balance_task.o
    0x08005738   0x00000048   Code   RO         5285    i.Robot_Init        diff_robot_init.o
    0x08005780   0x000001a0   Code   RO         5334    i.Robot_ParkingCheck  balance_task.o
    0x08005920   0x000000a0   Code   RO         5286    i.Robot_Select      diff_robot_init.o
    0x080059c0   0x00000012   Code   RO         3997    i.SYS_VAL_t_Init    sys.o
    0x080059d2   0x00000002   PAD
    0x080059d4   0x000000b4   Code   RO         3907    i.SetSysClock       system_stm32f4xx.o
    0x08005a88   0x0000008c   Code   RO         5335    i.Set_Pwm           balance_task.o
    0x08005b14   0x0000004c   Code   RO         5336    i.Set_Robot_PI_Param  balance_task.o
    0x08005b60   0x000000a8   Code   RO         6641    i.SwitchPro_GamePad_Init  usbh_hid_gamepad.o
    0x08005c08   0x00000018   Code   RO           16    i.SysTick_CLKSourceConfig  misc.o
    0x08005c20   0x00000014   Code   RO         3944    i.SysTick_Handler   delay.o
    0x08005c34   0x0000005c   Code   RO         3909    i.SystemInit        system_stm32f4xx.o
    0x08005c90   0x0000002e   Code   RO         1252    i.TI1_Config        stm32f4xx_tim.o
    0x08005cbe   0x00000036   Code   RO         1253    i.TI2_Config        stm32f4xx_tim.o
    0x08005cf4   0x000002b0   Code   RO         5790    i.TIM1_CC_IRQHandler  timx_callback.o
    0x08005fa4   0x00000014   Code   RO         1254    i.TIM_ARRPreloadConfig  stm32f4xx_tim.o
    0x08005fb8   0x00000006   Code   RO         1260    i.TIM_ClearFlag     stm32f4xx_tim.o
    0x08005fbe   0x00000006   Code   RO         1261    i.TIM_ClearITPendingBit  stm32f4xx_tim.o
    0x08005fc4   0x00000014   Code   RO         1266    i.TIM_Cmd           stm32f4xx_tim.o
    0x08005fd8   0x00000016   Code   RO         1268    i.TIM_CtrlPWMOutputs  stm32f4xx_tim.o
    0x08005fee   0x00000032   Code   RO         1275    i.TIM_EncoderInterfaceConfig  stm32f4xx_tim.o
    0x08006020   0x00000004   Code   RO         1281    i.TIM_GetCapture1   stm32f4xx_tim.o
    0x08006024   0x00000004   Code   RO         1282    i.TIM_GetCapture2   stm32f4xx_tim.o
    0x08006028   0x00000004   Code   RO         1283    i.TIM_GetCapture3   stm32f4xx_tim.o
    0x0800602c   0x00000004   Code   RO         1284    i.TIM_GetCapture4   stm32f4xx_tim.o
    0x08006030   0x00000018   Code   RO         1287    i.TIM_GetITStatus   stm32f4xx_tim.o
    0x08006048   0x000000ac   Code   RO         1289    i.TIM_ICInit        stm32f4xx_tim.o
    0x080060f4   0x00000010   Code   RO         1290    i.TIM_ICStructInit  stm32f4xx_tim.o
    0x08006104   0x00000010   Code   RO         1291    i.TIM_ITConfig      stm32f4xx_tim.o
    0x08006114   0x00000060   Code   RO         1295    i.TIM_OC1Init       stm32f4xx_tim.o
    0x08006174   0x0000000c   Code   RO         1297    i.TIM_OC1PolarityConfig  stm32f4xx_tim.o
    0x08006180   0x0000000c   Code   RO         1298    i.TIM_OC1PreloadConfig  stm32f4xx_tim.o
    0x0800618c   0x00000080   Code   RO         1300    i.TIM_OC2Init       stm32f4xx_tim.o
    0x0800620c   0x00000014   Code   RO         1302    i.TIM_OC2PolarityConfig  stm32f4xx_tim.o
    0x08006220   0x00000014   Code   RO         1303    i.TIM_OC2PreloadConfig  stm32f4xx_tim.o
    0x08006234   0x0000007c   Code   RO         1305    i.TIM_OC3Init       stm32f4xx_tim.o
    0x080062b0   0x00000014   Code   RO         1307    i.TIM_OC3PolarityConfig  stm32f4xx_tim.o
    0x080062c4   0x0000000c   Code   RO         1308    i.TIM_OC3PreloadConfig  stm32f4xx_tim.o
    0x080062d0   0x00000060   Code   RO         1310    i.TIM_OC4Init       stm32f4xx_tim.o
    0x08006330   0x00000014   Code   RO         1311    i.TIM_OC4PolarityConfig  stm32f4xx_tim.o
    0x08006344   0x00000014   Code   RO         1312    i.TIM_OC4PreloadConfig  stm32f4xx_tim.o
    0x08006358   0x00000004   Code   RO         1328    i.TIM_SetCompare1   stm32f4xx_tim.o
    0x0800635c   0x00000004   Code   RO         1329    i.TIM_SetCompare2   stm32f4xx_tim.o
    0x08006360   0x00000004   Code   RO         1330    i.TIM_SetCompare3   stm32f4xx_tim.o
    0x08006364   0x00000004   Code   RO         1331    i.TIM_SetCompare4   stm32f4xx_tim.o
    0x08006368   0x00000004   Code   RO         1332    i.TIM_SetCounter    stm32f4xx_tim.o
    0x0800636c   0x00000010   Code   RO         1333    i.TIM_SetIC1Prescaler  stm32f4xx_tim.o
    0x0800637c   0x00000018   Code   RO         1334    i.TIM_SetIC2Prescaler  stm32f4xx_tim.o
    0x08006394   0x00000010   Code   RO         1335    i.TIM_SetIC3Prescaler  stm32f4xx_tim.o
    0x080063a4   0x00000018   Code   RO         1336    i.TIM_SetIC4Prescaler  stm32f4xx_tim.o
    0x080063bc   0x0000007c   Code   RO         1338    i.TIM_TimeBaseInit  stm32f4xx_tim.o
    0x08006438   0x00000012   Code   RO         1339    i.TIM_TimeBaseStructInit  stm32f4xx_tim.o
    0x0800644a   0x00000002   PAD
    0x0800644c   0x0000019c   Code   RO         4680    i.TIMx_PWM1_Mode_Init  motor.o
    0x080065e8   0x000000c8   Code   RO         4600    i.TIMx_PWM_Init     led.o
    0x080066b0   0x00000080   Code   RO         5337    i.Turn_Off          balance_task.o
    0x08006730   0x000000d4   Code   RO         5078    i.UART1_Init        uartx.o
    0x08006804   0x000000d4   Code   RO         5079    i.UART3_Init        uartx.o
    0x080068d8   0x000003a8   Code   RO         5704    i.UART4_IRQHandler  uartx_callback.o
    0x08006c80   0x000000d4   Code   RO         5080    i.UART4_Init        uartx.o
    0x08006d54   0x00000034   Code   RO         5705    i.USART1_IRQHandler  uartx_callback.o
    0x08006d88   0x00000034   Code   RO         5706    i.USART3_IRQHandler  uartx_callback.o
    0x08006dbc   0x00000014   Code   RO          663    i.USART_Cmd         stm32f4xx_usart.o
    0x08006dd0   0x0000003e   Code   RO          667    i.USART_GetITStatus  stm32f4xx_usart.o
    0x08006e0e   0x00000030   Code   RO          669    i.USART_ITConfig    stm32f4xx_usart.o
    0x08006e3e   0x00000002   PAD
    0x08006e40   0x000000ac   Code   RO          670    i.USART_Init        stm32f4xx_usart.o
    0x08006eec   0x00000008   Code   RO          677    i.USART_ReceiveData  stm32f4xx_usart.o
    0x08006ef4   0x00000038   Code   RO         6139    i.USBH_AllocPipe    usbh_pipes.o
    0x08006f2c   0x0000000a   Code   RO         6140    i.USBH_ClosePipe    usbh_pipes.o
    0x08006f36   0x0000001e   Code   RO         5970    i.USBH_ClrFeature   usbh_ctlreq.o
    0x08006f54   0x00000022   Code   RO         6073    i.USBH_CtlReceiveData  usbh_ioreq.o
    0x08006f76   0x00000060   Code   RO         5971    i.USBH_CtlReq       usbh_ctlreq.o
    0x08006fd6   0x0000002a   Code   RO         6074    i.USBH_CtlSendData  usbh_ioreq.o
    0x08007000   0x0000001e   Code   RO         6075    i.USBH_CtlSendSetup  usbh_ioreq.o
    0x0800701e   0x00000004   Code   RO         6410    i.USBH_Delay        usbh_conf.o
    0x08007022   0x00000042   Code   RO         5817    i.USBH_FindInterface  usbh_core.o
    0x08007064   0x00000018   Code   RO         6141    i.USBH_FreePipe     usbh_pipes.o
    0x0800707c   0x00000036   Code   RO         5972    i.USBH_GetDescriptor  usbh_ctlreq.o
    0x080070b2   0x0000000e   Code   RO         5973    i.USBH_GetNextDesc  usbh_ctlreq.o
    0x080070c0   0x00000036   Code   RO         5974    i.USBH_Get_CfgDesc  usbh_ctlreq.o
    0x080070f6   0x00000002   PAD
    0x080070f8   0x00000044   Code   RO         5975    i.USBH_Get_DevDesc  usbh_ctlreq.o
    0x0800713c   0x00000054   Code   RO         5976    i.USBH_Get_StringDesc  usbh_ctlreq.o
    0x08007190   0x00000018   Code   RO         6411    i.USBH_Get_USB_Status  usbh_conf.o
    0x080071a8   0x000000ba   Code   RO         6642    i.USBH_HID_ClassRequest  usbh_hid_gamepad.o
    0x08007262   0x00000002   PAD
    0x08007264   0x0000003c   Code   RO         6564    i.USBH_HID_EventCallback  usb_host.o
    0x080072a0   0x0000000e   Code   RO         6179    i.USBH_HID_FifoInit  usbh_hid.o
    0x080072ae   0x00000044   Code   RO         6180    i.USBH_HID_FifoRead  usbh_hid.o
    0x080072f2   0x00000052   Code   RO         6181    i.USBH_HID_FifoWrite  usbh_hid.o
    0x08007344   0x00000044   Code   RO         6643    i.USBH_HID_GamePadInit  usbh_hid_gamepad.o
    0x08007388   0x0000001e   Code   RO         6184    i.USBH_HID_GetHIDReportDescriptor  usbh_hid.o
    0x080073a6   0x00000022   Code   RO         6186    i.USBH_HID_GetReport  usbh_hid.o
    0x080073c8   0x0000004e   Code   RO         6644    i.USBH_HID_InterfaceDeInit  usbh_hid_gamepad.o
    0x08007416   0x00000002   PAD
    0x08007418   0x00000194   Code   RO         6645    i.USBH_HID_InterfaceInit  usbh_hid_gamepad.o
    0x080075ac   0x00000078   Code   RO         6646    i.USBH_HID_PS2_Decode  usbh_hid_gamepad.o
    0x08007624   0x0000010e   Code   RO         6647    i.USBH_HID_Process  usbh_hid_gamepad.o
    0x08007732   0x0000003c   Code   RO         6648    i.USBH_HID_SOFProcess  usbh_hid_gamepad.o
    0x0800776e   0x0000001a   Code   RO         6191    i.USBH_HID_SetIdle  usbh_hid.o
    0x08007788   0x00000020   Code   RO         6192    i.USBH_HID_SetProtocol  usbh_hid.o
    0x080077a8   0x000001ac   Code   RO         5977    i.USBH_HandleControl  usbh_ctlreq.o
    0x08007954   0x000001f4   Code   RO         5820    i.USBH_HandleEnum   usbh_core.o
    0x08007b48   0x00000074   Code   RO         5821    i.USBH_Init         usbh_core.o
    0x08007bbc   0x00000022   Code   RO         6076    i.USBH_InterruptReceiveData  usbh_ioreq.o
    0x08007bde   0x00000022   Code   RO         6077    i.USBH_InterruptSendData  usbh_ioreq.o
    0x08007c00   0x00000012   Code   RO         6412    i.USBH_LL_ClosePipe  usbh_conf.o
    0x08007c12   0x0000002c   Code   RO         5823    i.USBH_LL_Connect   usbh_core.o
    0x08007c3e   0x00000042   Code   RO         5824    i.USBH_LL_Disconnect  usbh_core.o
    0x08007c80   0x0000000c   Code   RO         6414    i.USBH_LL_DriverVBUS  usbh_conf.o
    0x08007c8c   0x00000008   Code   RO         6415    i.USBH_LL_GetLastXferSize  usbh_conf.o
    0x08007c94   0x00000022   Code   RO         6416    i.USBH_LL_GetSpeed  usbh_conf.o
    0x08007cb6   0x00000008   Code   RO         6418    i.USBH_LL_GetURBState  usbh_conf.o
    0x08007cbe   0x0000001e   Code   RO         5825    i.USBH_LL_IncTimer  usbh_core.o
    0x08007cdc   0x00000050   Code   RO         6419    i.USBH_LL_Init      usbh_conf.o
    0x08007d2c   0x0000001e   Code   RO         5826    i.USBH_LL_NotifyURBChange  usbh_core.o
    0x08007d4a   0x0000001c   Code   RO         6420    i.USBH_LL_OpenPipe  usbh_conf.o
    0x08007d66   0x00000008   Code   RO         5827    i.USBH_LL_PortDisabled  usbh_core.o
    0x08007d6e   0x00000020   Code   RO         5828    i.USBH_LL_PortEnabled  usbh_core.o
    0x08007d8e   0x00000012   Code   RO         6421    i.USBH_LL_ResetPort  usbh_conf.o
    0x08007da0   0x00000006   Code   RO         5829    i.USBH_LL_SetTimer  usbh_core.o
    0x08007da6   0x0000001e   Code   RO         6422    i.USBH_LL_SetToggle  usbh_conf.o
    0x08007dc4   0x00000012   Code   RO         6423    i.USBH_LL_Start     usbh_conf.o
    0x08007dd6   0x00000012   Code   RO         6424    i.USBH_LL_Stop      usbh_conf.o
    0x08007de8   0x00000022   Code   RO         6425    i.USBH_LL_SubmitURB  usbh_conf.o
    0x08007e0a   0x00000014   Code   RO         6142    i.USBH_OpenPipe     usbh_pipes.o
    0x08007e1e   0x0000014a   Code   RO         5978    i.USBH_ParseCfgDesc  usbh_ctlreq.o
    0x08007f68   0x0000007c   Code   RO         5979    i.USBH_ParseDevDesc  usbh_ctlreq.o
    0x08007fe4   0x000000b0   Code   RO         5980    i.USBH_ParseEPDesc  usbh_ctlreq.o
    0x08008094   0x0000026a   Code   RO         5830    i.USBH_Process      usbh_core.o
    0x080082fe   0x00000024   Code   RO         5831    i.USBH_Process_OS   usbh_core.o
    0x08008322   0x00000024   Code   RO         5833    i.USBH_RegisterClass  usbh_core.o
    0x08008346   0x00000016   Code   RO         5834    i.USBH_SelectInterface  usbh_core.o
    0x0800835c   0x0000001c   Code   RO         5981    i.USBH_SetAddress   usbh_ctlreq.o
    0x08008378   0x0000001c   Code   RO         5982    i.USBH_SetCfg       usbh_ctlreq.o
    0x08008394   0x0000001c   Code   RO         5983    i.USBH_SetFeature   usbh_ctlreq.o
    0x080083b0   0x00000014   Code   RO         5835    i.USBH_Start        usbh_core.o
    0x080083c4   0x00000020   Code   RO         6565    i.USBH_UserProcess  usb_host.o
    0x080083e4   0x00000084   Code   RO         2298    i.USB_CoreInit      stm32f4xx_ll_usb.o
    0x08008468   0x0000003c   Code   RO         2299    i.USB_CoreReset     stm32f4xx_ll_usb.o
    0x080084a4   0x0000000c   Code   RO         2306    i.USB_DisableGlobalInt  stm32f4xx_ll_usb.o
    0x080084b0   0x00000024   Code   RO         2307    i.USB_DoPing        stm32f4xx_ll_usb.o
    0x080084d4   0x0000002c   Code   RO         2308    i.USB_DriveVbus     stm32f4xx_ll_usb.o
    0x08008500   0x0000000c   Code   RO         2314    i.USB_EnableGlobalInt  stm32f4xx_ll_usb.o
    0x0800850c   0x00000038   Code   RO         2315    i.USB_FlushRxFifo   stm32f4xx_ll_usb.o
    0x08008544   0x0000003c   Code   RO         2316    i.USB_FlushTxFifo   stm32f4xx_ll_usb.o
    0x08008580   0x00000018   Code   RO         5140    i.USB_GamePad_InsertCallback  bsp_gamepad.o
    0x08008598   0x0000002c   Code   RO         5141    i.USB_GamePad_PullOutCallback  bsp_gamepad.o
    0x080085c4   0x00000008   Code   RO         2317    i.USB_GetCurrentFrame  stm32f4xx_ll_usb.o
    0x080085cc   0x0000000e   Code   RO         2319    i.USB_GetHostSpeed  stm32f4xx_ll_usb.o
    0x080085da   0x00000008   Code   RO         2320    i.USB_GetMode       stm32f4xx_ll_usb.o
    0x080085e2   0x000000d4   Code   RO         2321    i.USB_HC_Halt       stm32f4xx_ll_usb.o
    0x080086b6   0x00000002   PAD
    0x080086b8   0x00000118   Code   RO         2322    i.USB_HC_Init       stm32f4xx_ll_usb.o
    0x080087d0   0x00000008   Code   RO         2323    i.USB_HC_ReadInterrupt  stm32f4xx_ll_usb.o
    0x080087d8   0x0000025c   Code   RO         2324    i.USB_HC_StartXfer  stm32f4xx_ll_usb.o
    0x08008a34   0x000000d0   Code   RO         2325    i.USB_HostInit      stm32f4xx_ll_usb.o
    0x08008b04   0x00000038   Code   RO         2326    i.USB_InitFSLSPClkSel  stm32f4xx_ll_usb.o
    0x08008b3c   0x00000010   Code   RO         2327    i.USB_ReadChInterrupts  stm32f4xx_ll_usb.o
    0x08008b4c   0x00000008   Code   RO         2332    i.USB_ReadInterrupts  stm32f4xx_ll_usb.o
    0x08008b54   0x0000003e   Code   RO         2333    i.USB_ReadPacket    stm32f4xx_ll_usb.o
    0x08008b92   0x00000032   Code   RO         2334    i.USB_ResetPort     stm32f4xx_ll_usb.o
    0x08008bc4   0x0000005c   Code   RO         2335    i.USB_SetCurrentMode  stm32f4xx_ll_usb.o
    0x08008c20   0x0000008a   Code   RO         2340    i.USB_StopHost      stm32f4xx_ll_usb.o
    0x08008caa   0x00000026   Code   RO         2341    i.USB_WritePacket   stm32f4xx_ll_usb.o
    0x08008cd0   0x00000110   Code   RO         5707    i.UartxControll_Callback  uartx_callback.o
    0x08008de0   0x00000002   Code   RO         3859    i.UsageFault_Handler  stm32f4xx_it.o
    0x08008de2   0x00000002   PAD
    0x08008de4   0x00000060   Code   RO         5338    i.UserKey_Scan      balance_task.o
    0x08008e44   0x00000024   Code   RO         4601    i.User_PWM_Init     led.o
    0x08008e68   0x000000e4   Code   RO         4238    i.V1_0_CAN1_Mode_Init  can.o
    0x08008f4c   0x00000078   Code   RO         4239    i.V1_0_GPIO_CANPort_Init  can.o
    0x08008fc4   0x000000ac   Code   RO         4602    i.V1_0_LED_Init     led.o
    0x08009070   0x000000d8   Code   RO         4681    i.V1_0_MiniBalance_Motor_Init  motor.o
    0x08009148   0x000000a8   Code   RO         4682    i.V1_0_MiniBalance_PWM_Init  motor.o
    0x080091f0   0x0000002e   Code   RO         5340    i.Vel_SmoothControl  balance_task.o
    0x0800921e   0x00000002   PAD
    0x08009220   0x000000a0   Code   RO         5563    i.VolMean_Filter    show_task.o
    0x080092c0   0x00000014   Code   RO         6766    i.WiredPS2_GetKeyState  wiredps2_gamepad.o
    0x080092d4   0x00000070   Code   RO         5341    i.Wired_USB_PS2GamePad_KeyEvent_Callback  balance_task.o
    0x08009344   0x000001bc   Code   RO         6768    i.Wired_USB_PS2gamepad_Decode  wiredps2_gamepad.o
    0x08009500   0x000001bc   Code   RO         6769    i.Wired_USB_V2_PS2gamepad_Decode  wiredps2_gamepad.o
    0x080096bc   0x0000003c   Code   RO         4989    i.Write_Flash       stmflash.o
    0x080096f8   0x00000054   Code   RO         5708    i.XYZ_Target_Speed_transition  uartx_callback.o
    0x0800974c   0x000000d4   Code   RO         5342    i.Xbox360GamePad_KeyEvent_Callback  balance_task.o
    0x08009820   0x000000b8   Code   RO         6707    i.Xbox360GamePad_Vibration  xbox360_gamepad.o
    0x080098d8   0x00000024   Code   RO         6708    i.Xbox360_GamePad_SetVibration  xbox360_gamepad.o
    0x080098fc   0x00000014   Code   RO         6709    i.Xbox360_GetKeyState  xbox360_gamepad.o
    0x08009910   0x000000b8   Code   RO         6710    i.Xbox360_gamepad_Decode  xbox360_gamepad.o
    0x080099c8   0x00000068   Code   RO         5709    i._System_Reset_    uartx_callback.o
    0x08009a30   0x00000020   Code   RO         7075    i.__0printf         mc_w.l(printfa.o)
    0x08009a50   0x00000024   Code   RO         7081    i.__0vsprintf       mc_w.l(printfa.o)
    0x08009a74   0x00000030   Code   RO         7165    i.__ARM_fpclassify  m_wm.l(fpclassify.o)
    0x08009aa4   0x00000004   PAD
    0x08009aa8   0x00000c38   Code   RO         6813    i.__hardfp_pow      m_wm.l(pow.o)
    0x0800a6e0   0x000000f8   Code   RO         7167    i.__kernel_poly     m_wm.l(poly.o)
    0x0800a7d8   0x00000030   Code   RO         7145    i.__mathlib_dbl_divzero  m_wm.l(dunder.o)
    0x0800a808   0x00000014   Code   RO         7147    i.__mathlib_dbl_infnan2  m_wm.l(dunder.o)
    0x0800a81c   0x00000004   PAD
    0x0800a820   0x00000020   Code   RO         7148    i.__mathlib_dbl_invalid  m_wm.l(dunder.o)
    0x0800a840   0x00000020   Code   RO         7149    i.__mathlib_dbl_overflow  m_wm.l(dunder.o)
    0x0800a860   0x00000020   Code   RO         7151    i.__mathlib_dbl_underflow  m_wm.l(dunder.o)
    0x0800a880   0x0000000e   Code   RO         7236    i.__scatterload_copy  mc_w.l(handlers.o)
    0x0800a88e   0x00000002   Code   RO         7237    i.__scatterload_null  mc_w.l(handlers.o)
    0x0800a890   0x0000000e   Code   RO         7238    i.__scatterload_zeroinit  mc_w.l(handlers.o)
    0x0800a89e   0x00000002   PAD
    0x0800a8a0   0x0000000c   Code   RO         7208    i.__set_errno       mc_w.l(errno.o)
    0x0800a8ac   0x00000164   Code   RO         7082    i._fp_digits        mc_w.l(printfa.o)
    0x0800aa10   0x000006dc   Code   RO         7083    i._printf_core      mc_w.l(printfa.o)
    0x0800b0ec   0x00000024   Code   RO         7084    i._printf_post_padding  mc_w.l(printfa.o)
    0x0800b110   0x0000002e   Code   RO         7085    i._printf_pre_padding  mc_w.l(printfa.o)
    0x0800b13e   0x0000000a   Code   RO         7087    i._sputc            mc_w.l(printfa.o)
    0x0800b148   0x00000040   Code   RO         4036    i.any_printf        usart.o
    0x0800b188   0x00000064   Code   RO         4175    i.auto_recharge_reset  auto_recharge.o
    0x0800b1ec   0x0000007c   Code   RO         5662    i.data_task         data_task.o
    0x0800b268   0x000001a4   Code   RO         5663    i.data_transition   data_task.o
    0x0800b40c   0x00000038   Code   RO         3945    i.delay_init        delay.o
    0x0800b444   0x00000038   Code   RO         3946    i.delay_ms          delay.o
    0x0800b47c   0x00000034   Code   RO         3947    i.delay_us          delay.o
    0x0800b4b0   0x00000018   Code   RO         7161    i.fabs              m_wm.l(fabs.o)
    0x0800b4c8   0x00000018   Code   RO         4037    i.fputc             usart.o
    0x0800b4e0   0x00000050   Code   RO         7103    i.free              mc_w.l(malloc.o)
    0x0800b530   0x0000002c   Code   RO         3998    i.getHW_Ver         sys.o
    0x0800b55c   0x0000001c   Code   RO         3999    i.getSW_Ver         sys.o
    0x0800b578   0x0000001c   Code   RO         3949    i.getSysTickCnt     delay.o
    0x0800b594   0x00000018   Code   RO         4496    i.invMSInit         icm20948.o
    0x0800b5ac   0x000000b0   Code   RO         4497    i.invmsICM20948AccelRead  icm20948.o
    0x0800b65c   0x00000030   Code   RO         4498    i.invmsICM20948CalAvgValue  icm20948.o
    0x0800b68c   0x000000cc   Code   RO         4499    i.invmsICM20948GyroRead  icm20948.o
    0x0800b758   0x000000d8   Code   RO         4500    i.invmsICM20948Init  icm20948.o
    0x0800b830   0x000000ac   Code   RO         4501    i.invmsICM20948ReadSecondary  icm20948.o
    0x0800b8dc   0x00000096   Code   RO         4502    i.invmsICM20948WriteSecondary  icm20948.o
    0x0800b972   0x00000002   PAD
    0x0800b974   0x00000074   Code   RO         5619    i.led_task          led_task.o
    0x0800b9e8   0x00000038   Code   RO         3643    i.main              main.o
    0x0800ba20   0x0000006c   Code   RO         7104    i.malloc            mc_w.l(malloc.o)
    0x0800ba8c   0x00000014   Code   RO         6711    i.map_joystick      xbox360_gamepad.o
    0x0800baa0   0x0000022c   Code   RO         5564    i.oled_diff_show    show_task.o
    0x0800bccc   0x0000012c   Code   RO         4852    i.oled_showfloat    oled.o
    0x0800bdf8   0x00000068   Code   RO         6601    i.osMessageQueueGet  usbh_os_middleware.o
    0x0800be60   0x00000050   Code   RO         6602    i.osMessageQueuePut  usbh_os_middleware.o
    0x0800beb0   0x00000070   Code   RO         3020    i.prvAddCurrentTaskToDelayedList  tasks.o
    0x0800bf20   0x000000d0   Code   RO         3021    i.prvAddNewTaskToReadyList  tasks.o
    0x0800bff0   0x00000050   Code   RO         3373    i.prvCheckForValidListAndQueue  timers.o
    0x0800c040   0x00000054   Code   RO         3022    i.prvCheckTasksWaitingTermination  tasks.o
    0x0800c094   0x00000026   Code   RO         2797    i.prvCopyDataFromQueue  queue.o
    0x0800c0ba   0x0000006c   Code   RO         2798    i.prvCopyDataToQueue  queue.o
    0x0800c126   0x00000014   Code   RO         3023    i.prvDeleteTCB      tasks.o
    0x0800c13a   0x00000002   PAD
    0x0800c13c   0x0000004c   Code   RO         3586    i.prvHeapInit       heap_4.o
    0x0800c188   0x00000028   Code   RO         3024    i.prvIdleTask       tasks.o
    0x0800c1b0   0x000000c0   Code   RO         3025    i.prvInitialiseNewTask  tasks.o
    0x0800c270   0x0000004c   Code   RO         3587    i.prvInsertBlockIntoFreeList  heap_4.o
    0x0800c2bc   0x00000038   Code   RO         3374    i.prvInsertTimerInActiveList  timers.o
    0x0800c2f4   0x0000001a   Code   RO         2799    i.prvIsQueueEmpty   queue.o
    0x0800c30e   0x00000002   PAD
    0x0800c310   0x00000090   Code   RO         2800    i.prvNotifyQueueSetContainer  queue.o
    0x0800c3a0   0x00000060   Code   RO         3375    i.prvProcessExpiredTimer  timers.o
    0x0800c400   0x000000f0   Code   RO         3376    i.prvProcessReceivedCommands  timers.o
    0x0800c4f0   0x0000006c   Code   RO         3377    i.prvProcessTimerOrBlockTask  timers.o
    0x0800c55c   0x00000020   Code   RO         3027    i.prvResetNextTaskUnblockTime  tasks.o
    0x0800c57c   0x00000028   Code   RO         3378    i.prvSampleTimeNow  timers.o
    0x0800c5a4   0x0000006c   Code   RO         3379    i.prvSwitchTimerLists  timers.o
    0x0800c610   0x00000064   Code   RO         3502    i.prvTaskExitError  port.o
    0x0800c674   0x00000054   Code   RO         3028    i.prvTaskIsTaskSuspended  tasks.o
    0x0800c6c8   0x00000028   Code   RO         3380    i.prvTimerTask      timers.o
    0x0800c6f0   0x00000078   Code   RO         2801    i.prvUnlockQueue    queue.o
    0x0800c768   0x00000014   Code   RO         6770    i.ps2_set_bit       wiredps2_gamepad.o
    0x0800c77c   0x00000050   Code   RO         5640    i.pstwo_task        ps2_task.o
    0x0800c7cc   0x00000114   Code   RO         3588    i.pvPortMalloc      heap_4.o
    0x0800c8e0   0x00000018   Code   RO         3029    i.pvTaskIncrementMutexHeldCount  tasks.o
    0x0800c8f8   0x0000002c   Code   RO         3503    i.pxPortInitialiseStack  port.o
    0x0800c924   0x00000038   Code   RO         4603    i.rgb_map_value     led.o
    0x0800c95c   0x00000210   Code   RO         5345    i.robot_mode_check  balance_task.o
    0x0800cb6c   0x000000c8   Code   RO         5565    i.show_task         show_task.o
    0x0800cc34   0x0000006e   Code   RO         7172    i.sqrt              m_wm.l(sqrt.o)
    0x0800cca2   0x00000002   PAD
    0x0800cca4   0x0000011c   Code   RO         3644    i.start_task        main.o
    0x0800cdc0   0x00000054   Code   RO         4993    i.stmflash_erase_sector  stmflash.o
    0x0800ce14   0x000000a0   Code   RO         4994    i.stmflash_get_flash_sector  stmflash.o
    0x0800ceb4   0x0000004c   Code   RO         4995    i.stmflash_init     stmflash.o
    0x0800cf00   0x00000010   Code   RO         4996    i.stmflash_lock     stmflash.o
    0x0800cf10   0x00000028   Code   RO         4998    i.stmflash_unlock   stmflash.o
    0x0800cf38   0x00000054   Code   RO         4999    i.stmflash_wait_done  stmflash.o
    0x0800cf8c   0x00000100   Code   RO         5000    i.stmflash_write    stmflash.o
    0x0800d08c   0x00000170   Code   RO         3824    i.systemInit        system.o
    0x0800d1fc   0x00000020   Code   RO         5346    i.target_limit_float  balance_task.o
    0x0800d21c   0x00000010   Code   RO         5347    i.target_limit_int  balance_task.o
    0x0800d22c   0x00000010   Code   RO         5081    i.uart1_send        uartx.o
    0x0800d23c   0x00000014   Code   RO         5082    i.uart3_send        uartx.o
    0x0800d250   0x00000024   Code   RO         2752    i.uxListRemove      list.o
    0x0800d274   0x00000016   Code   RO         2753    i.vListInitialise   list.o
    0x0800d28a   0x00000006   Code   RO         2754    i.vListInitialiseItem  list.o
    0x0800d290   0x00000030   Code   RO         2755    i.vListInsert       list.o
    0x0800d2c0   0x00000018   Code   RO         2756    i.vListInsertEnd    list.o
    0x0800d2d8   0x00000078   Code   RO         3505    i.vPortEnterCritical  port.o
    0x0800d350   0x00000064   Code   RO         3506    i.vPortExitCritical  port.o
    0x0800d3b4   0x0000009c   Code   RO         3589    i.vPortFree         heap_4.o
    0x0800d450   0x00000020   Code   RO         3507    i.vPortSetupTimerInterrupt  port.o
    0x0800d470   0x0000008c   Code   RO         3508    i.vPortValidateInterruptPriority  port.o
    0x0800d4fc   0x00000024   Code   RO         2807    i.vQueueAddToRegistry  queue.o
    0x0800d520   0x00000044   Code   RO         2811    i.vQueueWaitForMessageRestricted  queue.o
    0x0800d564   0x0000006c   Code   RO         3037    i.vTaskDelay        tasks.o
    0x0800d5d0   0x000000ac   Code   RO         3038    i.vTaskDelayUntil   tasks.o
    0x0800d67c   0x000000cc   Code   RO         3039    i.vTaskDelete       tasks.o
    0x0800d748   0x0000000c   Code   RO         3043    i.vTaskMissedYield  tasks.o
    0x0800d754   0x00000054   Code   RO         3045    i.vTaskPlaceOnEventList  tasks.o
    0x0800d7a8   0x0000005c   Code   RO         3046    i.vTaskPlaceOnEventListRestricted  tasks.o
    0x0800d804   0x00000084   Code   RO         3048    i.vTaskPriorityInherit  tasks.o
    0x0800d888   0x000000a0   Code   RO         3050    i.vTaskResume       tasks.o
    0x0800d928   0x00000048   Code   RO         3052    i.vTaskSetTimeOutState  tasks.o
    0x0800d970   0x00000094   Code   RO         3053    i.vTaskStartScheduler  tasks.o
    0x0800da04   0x000000d0   Code   RO         3054    i.vTaskSuspend      tasks.o
    0x0800dad4   0x00000010   Code   RO         3055    i.vTaskSuspendAll   tasks.o
    0x0800dae4   0x0000007c   Code   RO         3056    i.vTaskSwitchContext  tasks.o
    0x0800db60   0x00000034   Code   RO         5348    i.wheelCoefficient  balance_task.o
    0x0800db94   0x00000114   Code   RO         3509    i.xPortStartScheduler  port.o
    0x0800dca8   0x0000002c   Code   RO         3510    i.xPortSysTickHandler  port.o
    0x0800dcd4   0x00000078   Code   RO         2816    i.xQueueGenericCreate  queue.o
    0x0800dd4c   0x00000184   Code   RO         2817    i.xQueueGenericReceive  queue.o
    0x0800ded0   0x000000a8   Code   RO         2818    i.xQueueGenericReset  queue.o
    0x0800df78   0x00000188   Code   RO         2819    i.xQueueGenericSend  queue.o
    0x0800e100   0x000000e0   Code   RO         2820    i.xQueueGenericSendFromISR  queue.o
    0x0800e1e0   0x000000b4   Code   RO         2826    i.xQueueReceiveFromISR  queue.o
    0x0800e294   0x00000088   Code   RO         3057    i.xTaskCheckForTimeOut  tasks.o
    0x0800e31c   0x00000056   Code   RO         3058    i.xTaskCreate       tasks.o
    0x0800e372   0x00000002   PAD
    0x0800e374   0x0000001c   Code   RO         3062    i.xTaskGetSchedulerState  tasks.o
    0x0800e390   0x0000000c   Code   RO         3063    i.xTaskGetTickCount  tasks.o
    0x0800e39c   0x000000e8   Code   RO         3065    i.xTaskIncrementTick  tasks.o
    0x0800e484   0x000000b4   Code   RO         3068    i.xTaskPriorityDisinherit  tasks.o
    0x0800e538   0x00000098   Code   RO         3069    i.xTaskRemoveFromEventList  tasks.o
    0x0800e5d0   0x000000e4   Code   RO         3071    i.xTaskResumeAll    tasks.o
    0x0800e6b4   0x00000074   Code   RO         3383    i.xTimerCreate      timers.o
    0x0800e728   0x00000074   Code   RO         3384    i.xTimerCreateTimerTask  timers.o
    0x0800e79c   0x00000090   Code   RO         3385    i.xTimerGenericCommand  timers.o
    0x0800e82c   0x000014a4   Data   RO         4854    .constdata          oled.o
    0x0800fcd0   0x00000200   Data   RO         4855    .constdata          oled.o
    0x0800fed0   0x00000088   Data   RO         6816    .constdata          m_wm.l(pow.o)
    0x0800ff58   0x00000008   Data   RO         7169    .constdata          m_wm.l(qnan.o)
    0x0800ff60   0x00000445   Data   RO         5351    .conststring        balance_task.o
    0x080103a5   0x00000003   PAD
    0x080103a8   0x00000059   Data   RO         5711    .conststring        uartx_callback.o
    0x08010401   0x00000003   PAD
    0x08010404   0x00000004   Data   RO         6651    .conststring        usbh_hid_gamepad.o
    0x08010408   0x00000020   Data   RO         7234    Region$$Table       anon$$obj.o


    Execution Region RW_IRAM1 (Base: 0x20000000, Size: 0x00009f00, Max: 0x00020000, ABSOLUTE, COMPRESSED[0x00000084])

    Base Addr    Size         Type   Attr      Idx    E Section Name        Object

    0x20000000   0x00000010   Data   RW          322    .data               stm32f4xx_rcc.o
    0x20000010   0x0000003c   Data   RW         3074    .data               tasks.o
    0x2000004c   0x00000014   Data   RW         3393    .data               timers.o
    0x20000060   0x0000000c   Data   RW         3511    .data               port.o
    0x2000006c   0x00000018   Data   RW         3594    .data               heap_4.o
    0x20000084   0x00000004   Data   RW         3645    .data               main.o
    0x20000088   0x00000014   Data   RW         3910    .data               system_stm32f4xx.o
    0x2000009c   0x00000008   Data   RW         3950    .data               delay.o
    0x200000a4   0x00000004   Data   RW         4042    .data               usart.o
    0x200000a8   0x0000000c   Data   RW         4291    .data               buzzer.o
    0x200000b4   0x00000008   Data   RW         4504    .data               icm20948.o
    0x200000bc   0x0000000a   Data   RW         4568    .data               key.o
    0x200000c6   0x00000002   PAD
    0x200000c8   0x00000008   Data   RW         4604    .data               led.o
    0x200000d0   0x00000004   Data   RW         4856    .data               oled.o
    0x200000d4   0x00000001   Data   RW         5001    .data               stmflash.o
    0x200000d5   0x00000005   Data   RW         5084    .data               uartx.o
    0x200000da   0x00000002   PAD
    0x200000dc   0x0000001c   Data   RW         5142    .data               bsp_gamepad.o
    0x200000f8   0x0000002e   Data   RW         5188    .data               ps2_classic.o
    0x20000126   0x00000002   PAD
    0x20000128   0x0000002a   Data   RW         5352    .data               balance_task.o
    0x20000152   0x00000002   PAD
    0x20000154   0x00000004   Data   RW         5567    .data               show_task.o
    0x20000158   0x0000000a   Data   RW         5568    .data               show_task.o
    0x20000162   0x00000003   Data   RW         5620    .data               led_task.o
    0x20000165   0x00000003   PAD
    0x20000168   0x00000004   Data   RW         5665    .data               data_task.o
    0x2000016c   0x00000030   Data   RW         5712    .data               uartx_callback.o
    0x2000019c   0x0000001a   Data   RW         5792    .data               timx_callback.o
    0x200001b6   0x00000002   PAD
    0x200001b8   0x00000004   Data   RW         5837    .data               usbh_core.o
    0x200001bc   0x00000001   Data   RW         5985    .data               usbh_ctlreq.o
    0x200001bd   0x00000001   Data   RW         6567    .data               usb_host.o
    0x200001be   0x00000002   PAD
    0x200001c0   0x00000020   Data   RW         6653    .data               usbh_hid_gamepad.o
    0x200001e0   0x00000020   Data   RW         6654    .data               usbh_hid_gamepad.o
    0x20000200   0x00000020   Data   RW         6713    .data               xbox360_gamepad.o
    0x20000220   0x00000018   Data   RW         6772    .data               wiredps2_gamepad.o
    0x20000238   0x00000004   Data   RW         7204    .data               mc_w.l(mvars.o)
    0x2000023c   0x00000004   Data   RW         7205    .data               mc_w.l(mvars.o)
    0x20000240   0x00000004   Data   RW         7209    .data               mc_w.l(errno.o)
    0x20000244   0x00000040   Zero   RW         2831    .bss                queue.o
    0x20000284   0x000002e4   Zero   RW         3073    .bss                tasks.o
    0x20000568   0x00000028   Zero   RW         3392    .bss                timers.o
    0x20000590   0x00007800   Zero   RW         3593    .bss                heap_4.o
    0x20007d90   0x0000000c   Zero   RW         3825    .bss                system.o
    0x20007d9c   0x00000100   Zero   RW         4039    .bss                usart.o
    0x20007e9c   0x00000010   Zero   RW         4107    .bss                adc.o
    0x20007eac   0x00000038   Zero   RW         4176    .bss                auto_recharge.o
    0x20007ee4   0x00000014   Zero   RW         4290    .bss                buzzer.o
    0x20007ef8   0x0000006c   Zero   RW         4503    .bss                icm20948.o
    0x20007f64   0x0000040c   Zero   RW         4853    .bss                oled.o
    0x20008370   0x00000014   Zero   RW         4950    .bss                remote.o
    0x20008384   0x0000010c   Zero   RW         5187    .bss                ps2_classic.o
    0x20008490   0x00000058   Zero   RW         5287    .bss                diff_robot_init.o
    0x200084e8   0x000000a0   Zero   RW         5349    .bss                balance_task.o
    0x20008588   0x00000024   Zero   RW         5524    .bss                imu_task.o
    0x200085ac   0x00000190   Zero   RW         5566    .bss                show_task.o
    0x2000873c   0x0000004c   Zero   RW         5664    .bss                data_task.o
    0x20008788   0x00000054   Zero   RW         5710    .bss                uartx_callback.o
    0x200087dc   0x00000014   Zero   RW         5791    .bss                timx_callback.o
    0x200087f0   0x000003e0   Zero   RW         6426    .bss                usbh_conf.o
    0x20008bd0   0x000009e8   Zero   RW         6566    .bss                usb_host.o
    0x200095b8   0x000000e4   Zero   RW         6649    .bss                usbh_hid_gamepad.o
    0x2000969c   0x00000064   Zero   RW         6650    .bss                usbh_hid_gamepad.o
    0x20009700   0x00000100   Zero   RW         6712    .bss                xbox360_gamepad.o
    0x20009800   0x00000100   Zero   RW         6771    .bss                wiredps2_gamepad.o
    0x20009900   0x00000200   Zero   RW            2    HEAP                startup_stm32f40_41xxx.o
    0x20009b00   0x00000400   Zero   RW            1    STACK               startup_stm32f40_41xxx.o


==============================================================================

Image component sizes


      Code (inc. data)   RO Data    RW Data    ZI Data      Debug   Object Name

       354         46          0          0         16       4499   adc.o
       456         56          0          0         56       3390   auto_recharge.o
      6282       1336       1093         42        160      22785   balance_task.o
       212         14          0         28          0       3784   bsp_gamepad.o
       420         42          0         12         20       3065   buzzer.o
       836         32          0          0          0       4545   can.o
       228         24          0          0          0        758   can_callback.o
       680         48          0          4         76       4473   data_task.o
       212         18          0          8          0       2845   delay.o
       232         50          0          0         88       2859   diff_robot_init.o
        48          6          0          0          0        513   enable_key.o
       632         94          0          0          0       3695   encoder.o
         0          0          0          0          0      11668   event_groups.o
       584        138          0         24      30720       3635   heap_4.o
       858         72          0          0          0       6013   i2c.o
      1138         38          0          8        108       7524   icm20948.o
       158         16          0          0         36       2576   imu_task.o
       316         32          0         10          0       1450   key.o
      1096        108          0          8          0       8666   led.o
       116         12          0          3          0        655   led_task.o
       136          0          0          0          0       2842   list.o
       340        144          0          4          0     239343   main.o
       144         14          0          0          0     317857   misc.o
      1224        134          0          0          0       4073   motor.o
       534         20          0          0          0       4818   mpu6050.o
      1442         64       5796          4       1036       9070   oled.o
      1038        382          0         12          0      10445   port.o
      1124         76          0         46        268      18270   ps2_classic.o
        80         12          0          0          0        569   ps2_task.o
      2012        272          0          0         64      12084   queue.o
       564         54          0          0         20       5222   remote.o
      2324        550          0         14        400       5985   show_task.o
        36          8        392          0       1536        840   startup_stm32f40_41xxx.o
       286         20          0          0          0       4946   stm32f4xx_adc.o
       866         30          0          0          0       4929   stm32f4xx_can.o
       156          0          0          0          0       2002   stm32f4xx_gpio.o
      2842          0          0          0          0      99180   stm32f4xx_hal_hcd.o
        12          0          0          0          0       2537   stm32f4xx_it.o
      2214         46          0          0          0      16184   stm32f4xx_ll_usb.o
       264         42          0         16          0       5401   stm32f4xx_rcc.o
      1290         60          0          0          0      22136   stm32f4xx_tim.o
       310          8          0          0          0       3710   stm32f4xx_usart.o
       788        100          0          1          0       6229   stmflash.o
        90         40          0          0          0       1749   sys.o
       368         52          0          0         12      29417   system.o
       272         36          0         20          0       1653   system_stm32f4xx.o
      3382        856          0         60        740      30102   tasks.o
      1144        260          0         20         40       8622   timers.o
       688         26          0         26         20       1737   timx_callback.o
       686         36          0          5          0       5526   uartx.o
      1644        138         89         48         84      33001   uartx_callback.o
        88         12          0          4        256       3563   usart.o
       188         42          0          1       2536       2385   usb_host.o
       490         12          0          0        992      12189   usbh_conf.o
      1750         56          0          4          0      11706   usbh_core.o
      1542         18          0          1          0      11082   usbh_ctlreq.o
       286          0          0          0          0       9050   usbh_hid.o
      1354         66          4         64        328       6798   usbh_hid_gamepad.o
       174          0          0          0          0       3726   usbh_ioreq.o
       200         16          0          0          0       4270   usbh_os_middleware.o
       110          0          0          0          0       2966   usbh_pipes.o
       928         26          0         24        256       3570   wiredps2_gamepad.o
       444         44          0         32        256       3970   xbox360_gamepad.o

    ----------------------------------------------------------------------
     50772       5954       7412        568      40124    1085152   Object Totals
         0          0         32          0          0          0   (incl. Generated)
        60          0          6         15          0          0   (incl. Padding)

    ----------------------------------------------------------------------

      Code (inc. data)   RO Data    RW Data    ZI Data      Debug   Library Member Name

       164         44          0          0          0        620   dunder.o
        24          0          0          0          0        124   fabs.o
        48          0          0          0          0        124   fpclassify.o
       248          0          0          0          0        152   poly.o
      3128        302        136          0          0        356   pow.o
         0          0          8          0          0          0   qnan.o
       110          0          0          0          0        148   sqrt.o
        86          0          0          0          0          0   __dczerorl2.o
         0          0          0          0          0          0   entry.o
         0          0          0          0          0          0   entry10a.o
         0          0          0          0          0          0   entry11a.o
         8          4          0          0          0          0   entry2.o
         4          0          0          0          0          0   entry5.o
         0          0          0          0          0          0   entry7b.o
         0          0          0          0          0          0   entry8b.o
         8          4          0          0          0          0   entry9a.o
        12          6          0          4          0         68   errno.o
        30          0          0          0          0          0   handlers.o
        36          8          0          0          0         68   init.o
         0          0          0          0          0          0   iusefp.o
        30          0          0          0          0         68   llshl.o
        36          0          0          0          0         68   llsshr.o
        32          0          0          0          0         68   llushr.o
       188         20          0          0          0        160   malloc.o
        36          0          0          0          0         68   memcpya.o
        36          0          0          0          0        108   memseta.o
         0          0          0          8          0          0   mvars.o
      2272         96          0          0          0        592   printfa.o
        28          0          0          0          0         76   strcmp.o
        14          0          0          0          0         68   strlen.o
        44          0          0          0          0         80   uidiv.o
        98          0          0          0          0         92   uldiv.o
        48          0          0          0          0         68   cdrcmple.o
        56          0          0          0          0         88   d2f.o
       334          0          0          0          0        148   dadd.o
       222          0          0          0          0        100   ddiv.o
       186          0          0          0          0        176   depilogue.o
        48          0          0          0          0         68   dfixul.o
        34          0          0          0          0         76   dflti.o
        26          0          0          0          0         76   dfltui.o
       228          0          0          0          0         96   dmul.o
        46          0          0          0          0         80   dscalb.o
       162          0          0          0          0        100   dsqrt.o
        38          0          0          0          0         68   f2d.o
       110          0          0          0          0        168   fepilogue.o

    ----------------------------------------------------------------------
      8272        484        144         12          0       4420   Library Totals
        14          0          0          0          0          0   (incl. Padding)

    ----------------------------------------------------------------------

      Code (inc. data)   RO Data    RW Data    ZI Data      Debug   Library Name

      3722        346        144          0          0       1524   m_wm.l
      2998        138          0         12          0       1584   mc_w.l
      1538          0          0          0          0       1312   mf_w.l

    ----------------------------------------------------------------------
      8272        484        144         12          0       4420   Library Totals

    ----------------------------------------------------------------------

==============================================================================


      Code (inc. data)   RO Data    RW Data    ZI Data      Debug   

     59044       6438       7556        580      40124    1041796   Grand Totals
     59044       6438       7556        132      40124    1041796   ELF Image Totals (compressed)
     59044       6438       7556        132          0          0   ROM Totals

==============================================================================

    Total RO  Size (Code + RO Data)                66600 (  65.04kB)
    Total RW  Size (RW Data + ZI Data)             40704 (  39.75kB)
    Total ROM Size (Code + RO Data + RW Data)      66732 (  65.17kB)

==============================================================================

