<html>
<body>
<pre>
<h1>µVision Build Log</h1>
<h2>Tool Versions:</h2>
IDE-Version: ¶ÃVision V5.14.0.0
Copyright (C) 2015 ARM Ltd and ARM Germany GmbH. All rights reserved.
License Information: WEZ wez, WhattoEAT, LIC=14HV2-9PW9C-LQB0Q-NE9IF-MP31Q-PXZ0M
 
Tool Versions:
Toolchain:       MDK-ARM Standard  Version: 5.14.0.0
Toolchain Path:  C:\Keil_v5\ARM\ARMCC\Bin
C Compiler:      Armcc.exe V5.05 update 1 (build 106)
Assembler:       Armasm.exe V5.05 update 1 (build 106)
Linker/Locator:  ArmLink.exe V5.05 update 1 (build 106)
Library Manager: ArmAr.exe V5.05 update 1 (build 106)
Hex Converter:   FromElf.exe V5.05 update 1 (build 106)
CPU DLL:         SARMCM3.DLL V5.14.0.0
Dialog DLL:      DCM.DLL V1.13.1.0
Target DLL:      STLink\ST-LINKIII-KEIL_SWO.dll V2.0.14.0_KEIL
Dialog DLL:      TCM.DLL V1.14.4.0
 
<h2>Project:</h2>
e:\Dev\WheelchairSTM32\USER\WHEELTEC.uvprojx
Project File Date:  08/14/2025

<h2>Output:</h2>
Build target 'Diff_Car'
Before Build - User command #1: .\hexbinHandle.bat
’“≤ªµΩ e:\Dev\WheelchairSTM32\*.bin
compiling balance_task.c...
linking...
Program Size: Code=59052 RO-data=7556 RW-data=580 ZI-data=40124  
FromELF: creating hex file...
After Build - User command #2: .\copyhex.bat
"..\OBJ\Diff_Car.axf" - 0 Error(s), 0 Warning(s).

<h2>Collection of Component include folders:</h2>
  e:\Dev\WheelchairSTM32\USER\RTE
  C:\Keil_v5\ARM\PACK\Keil\STM32F4xx_DFP\2.17.1

<h2>Collection of Component Files used:</h2>
</pre>
</body>
</html>
