Component: ARM Compiler 5.05 update 1 (build 106) Tool: armlink [4d0efa]

==============================================================================

Section Cross References

    main.o(i.main) refers to system.o(i.systemInit) for systemInit
    main.o(i.main) refers to tasks.o(i.xTaskCreate) for xTaskCreate
    main.o(i.main) refers to tasks.o(i.vTaskStartScheduler) for vTaskStartScheduler
    main.o(i.main) refers to main.o(.data) for .data
    main.o(i.main) refers to main.o(i.start_task) for start_task
    main.o(i.start_task) refers to port.o(i.vPortEnterCritical) for vPortEnterCritical
    main.o(i.start_task) refers to tasks.o(i.xTaskCreate) for xTaskCreate
    main.o(i.start_task) refers to tasks.o(i.vTaskDelete) for vTaskDelete
    main.o(i.start_task) refers to port.o(i.vPortExitCritical) for vPortExitCritical
    main.o(i.start_task) refers to balance.o(i.Balance_task) for Balance_task
    main.o(i.start_task) refers to mpu6050.o(i.MPU6050_task) for MPU6050_task
    main.o(i.start_task) refers to show.o(i.show_task) for show_task
    main.o(i.start_task) refers to led.o(i.led_task) for led_task
    main.o(i.start_task) refers to pstwo.o(i.pstwo_task) for pstwo_task
    main.o(i.start_task) refers to usartx.o(i.data_task) for data_task
    main.o(i.start_task) refers to main.o(.data) for .data
    system_stm32f4xx.o(i.SystemCoreClockUpdate) refers to system_stm32f4xx.o(.data) for .data
    system_stm32f4xx.o(i.SystemInit) refers to system_stm32f4xx.o(i.SetSysClock) for SetSysClock
    adc.o(i.Adc_Init) refers to stm32f4xx_rcc.o(i.RCC_AHB1PeriphClockCmd) for RCC_AHB1PeriphClockCmd
    adc.o(i.Adc_Init) refers to stm32f4xx_rcc.o(i.RCC_APB2PeriphClockCmd) for RCC_APB2PeriphClockCmd
    adc.o(i.Adc_Init) refers to stm32f4xx_gpio.o(i.GPIO_Init) for GPIO_Init
    adc.o(i.Adc_Init) refers to stm32f4xx_rcc.o(i.RCC_APB2PeriphResetCmd) for RCC_APB2PeriphResetCmd
    adc.o(i.Adc_Init) refers to stm32f4xx_adc.o(i.ADC_CommonInit) for ADC_CommonInit
    adc.o(i.Adc_Init) refers to stm32f4xx_adc.o(i.ADC_Init) for ADC_Init
    adc.o(i.Adc_Init) refers to stm32f4xx_adc.o(i.ADC_Cmd) for ADC_Cmd
    adc.o(i.Get_Adc) refers to stm32f4xx_adc.o(i.ADC_RegularChannelConfig) for ADC_RegularChannelConfig
    adc.o(i.Get_Adc) refers to stm32f4xx_adc.o(i.ADC_SoftwareStartConv) for ADC_SoftwareStartConv
    adc.o(i.Get_Adc) refers to stm32f4xx_adc.o(i.ADC_GetFlagStatus) for ADC_GetFlagStatus
    adc.o(i.Get_Adc) refers to stm32f4xx_adc.o(i.ADC_GetConversionValue) for ADC_GetConversionValue
    adc.o(i.Get_adc_Average) refers to adc.o(i.Get_Adc) for Get_Adc
    adc.o(i.Get_adc_Average) refers to delay.o(i.delay_ms) for delay_ms
    adc.o(i.Get_battery_volt) refers to adc.o(i.Get_Adc) for Get_Adc
    adc.o(i.Get_battery_volt) refers to dfltui.o(.text) for __aeabi_ui2d
    adc.o(i.Get_battery_volt) refers to dmul.o(.text) for __aeabi_dmul
    adc.o(i.Get_battery_volt) refers to d2f.o(.text) for __aeabi_d2f
    can.o(i.CAN1_Mode_Init) refers to stm32f4xx_rcc.o(i.RCC_AHB1PeriphClockCmd) for RCC_AHB1PeriphClockCmd
    can.o(i.CAN1_Mode_Init) refers to stm32f4xx_rcc.o(i.RCC_APB1PeriphClockCmd) for RCC_APB1PeriphClockCmd
    can.o(i.CAN1_Mode_Init) refers to stm32f4xx_gpio.o(i.GPIO_Init) for GPIO_Init
    can.o(i.CAN1_Mode_Init) refers to stm32f4xx_gpio.o(i.GPIO_PinAFConfig) for GPIO_PinAFConfig
    can.o(i.CAN1_Mode_Init) refers to stm32f4xx_can.o(i.CAN_FilterInit) for CAN_FilterInit
    can.o(i.CAN1_Mode_Init) refers to misc.o(i.NVIC_Init) for NVIC_Init
    can.o(i.CAN1_Mode_Init) refers to stm32f4xx_can.o(i.CAN_ITConfig) for CAN_ITConfig
    can.o(i.CAN1_RX0_IRQHandler) refers to can.o(i.CAN1_Rx_Msg) for CAN1_Rx_Msg
    can.o(i.CAN1_RX0_IRQHandler) refers to system.o(.data) for Get_Charging_HardWare
    can.o(i.CAN1_RX0_IRQHandler) refers to system.o(.data) for CAN_ON_Flag
    can.o(i.CAN1_RX0_IRQHandler) refers to system.o(.data) for PS2_ON_Flag
    can.o(i.CAN1_RX0_IRQHandler) refers to system.o(.data) for APP_ON_Flag
    can.o(i.CAN1_RX0_IRQHandler) refers to system.o(.data) for Remote_ON_Flag
    can.o(i.CAN1_RX0_IRQHandler) refers to system.o(.data) for Usart_ON_Flag
    can.o(i.CAN1_RX0_IRQHandler) refers to balance.o(.data) for command_lost_count
    can.o(i.CAN1_RX0_IRQHandler) refers to system.o(.data) for Move_X
    can.o(i.CAN1_RX0_IRQHandler) refers to system.o(.data) for Move_Y
    can.o(i.CAN1_RX0_IRQHandler) refers to system.o(.data) for Move_Z
    can.o(i.CAN1_RX0_IRQHandler) refers to system.o(.data) for charger_check
    can.o(i.CAN1_RX0_IRQHandler) refers to autorecharge.o(.data) for Recharge_Red_Move_X
    can.o(i.CAN1_RX0_IRQHandler) refers to autorecharge.o(.data) for Recharge_Red_Move_Y
    can.o(i.CAN1_RX0_IRQHandler) refers to autorecharge.o(.data) for Recharge_Red_Move_Z
    can.o(i.CAN1_RX0_IRQHandler) refers to autorecharge.o(.data) for Charging
    can.o(i.CAN1_RX0_IRQHandler) refers to autorecharge.o(.data) for L_A
    can.o(i.CAN1_RX0_IRQHandler) refers to autorecharge.o(.data) for L_B
[...]
    DMA2_Stream4_IRQHandler                  0x0800026f   Thumb Code     0  startup_stm32f40_41xxx.o(.text)
    DMA2_Stream5_IRQHandler                  0x0800026f   Thumb Code     0  startup_stm32f40_41xxx.o(.text)
    DMA2_Stream6_IRQHandler                  0x0800026f   Thumb Code     0  startup_stm32f40_41xxx.o(.text)
    DMA2_Stream7_IRQHandler                  0x0800026f   Thumb Code     0  startup_stm32f40_41xxx.o(.text)
    ETH_IRQHandler                           0x0800026f   Thumb Code     0  startup_stm32f40_41xxx.o(.text)
    ETH_WKUP_IRQHandler                      0x0800026f   Thumb Code     0  startup_stm32f40_41xxx.o(.text)
    EXTI0_IRQHandler                         0x0800026f   Thumb Code     0  startup_stm32f40_41xxx.o(.text)
    EXTI15_10_IRQHandler                     0x0800026f   Thumb Code     0  startup_stm32f40_41xxx.o(.text)
    EXTI1_IRQHandler                         0x0800026f   Thumb Code     0  startup_stm32f40_41xxx.o(.text)
    EXTI2_IRQHandler                         0x0800026f   Thumb Code     0  startup_stm32f40_41xxx.o(.text)
    EXTI3_IRQHandler                         0x0800026f   Thumb Code     0  startup_stm32f40_41xxx.o(.text)
    EXTI4_IRQHandler                         0x0800026f   Thumb Code     0  startup_stm32f40_41xxx.o(.text)
    EXTI9_5_IRQHandler                       0x0800026f   Thumb Code     0  startup_stm32f40_41xxx.o(.text)
    FLASH_IRQHandler                         0x0800026f   Thumb Code     0  startup_stm32f40_41xxx.o(.text)
    FPU_IRQHandler                           0x0800026f   Thumb Code     0  startup_stm32f40_41xxx.o(.text)
    FSMC_IRQHandler                          0x0800026f   Thumb Code     0  startup_stm32f40_41xxx.o(.text)
    HASH_RNG_IRQHandler                      0x0800026f   Thumb Code     0  startup_stm32f40_41xxx.o(.text)
    I2C1_ER_IRQHandler                       0x0800026f   Thumb Code     0  startup_stm32f40_41xxx.o(.text)
    I2C1_EV_IRQHandler                       0x0800026f   Thumb Code     0  startup_stm32f40_41xxx.o(.text)
    I2C2_ER_IRQHandler                       0x0800026f   Thumb Code     0  startup_stm32f40_41xxx.o(.text)
    I2C2_EV_IRQHandler                       0x0800026f   Thumb Code     0  startup_stm32f40_41xxx.o(.text)
    I2C3_ER_IRQHandler                       0x0800026f   Thumb Code     0  startup_stm32f40_41xxx.o(.text)
    I2C3_EV_IRQHandler                       0x0800026f   Thumb Code     0  startup_stm32f40_41xxx.o(.text)
    OTG_FS_IRQHandler                        0x0800026f   Thumb Code     0  startup_stm32f40_41xxx.o(.text)
    OTG_FS_WKUP_IRQHandler                   0x0800026f   Thumb Code     0  startup_stm32f40_41xxx.o(.text)
    OTG_HS_EP1_IN_IRQHandler                 0x0800026f   Thumb Code     0  startup_stm32f40_41xxx.o(.text)
    OTG_HS_EP1_OUT_IRQHandler                0x0800026f   Thumb Code     0  startup_stm32f40_41xxx.o(.text)
    OTG_HS_IRQHandler                        0x0800026f   Thumb Code     0  startup_stm32f40_41xxx.o(.text)
    OTG_HS_WKUP_IRQHandler                   0x0800026f   Thumb Code     0  startup_stm32f40_41xxx.o(.text)
    PVD_IRQHandler                           0x0800026f   Thumb Code     0  startup_stm32f40_41xxx.o(.text)
    RCC_IRQHandler                           0x0800026f   Thumb Code     0  startup_stm32f40_41xxx.o(.text)
    RTC_Alarm_IRQHandler                     0x0800026f   Thumb Code     0  startup_stm32f40_41xxx.o(.text)
    RTC_WKUP_IRQHandler                      0x0800026f   Thumb Code     0  startup_stm32f40_41xxx.o(.text)
    SDIO_IRQHandler                          0x0800026f   Thumb Code     0  startup_stm32f40_41xxx.o(.text)
    SPI1_IRQHandler                          0x0800026f   Thumb Code     0  startup_stm32f40_41xxx.o(.text)
    SPI2_IRQHandler                          0x0800026f   Thumb Code     0  startup_stm32f40_41xxx.o(.text)
    SPI3_IRQHandler                          0x0800026f   Thumb Code     0  startup_stm32f40_41xxx.o(.text)
    TAMP_STAMP_IRQHandler                    0x0800026f   Thumb Code     0  startup_stm32f40_41xxx.o(.text)
    TIM1_BRK_TIM9_IRQHandler                 0x0800026f   Thumb Code     0  startup_stm32f40_41xxx.o(.text)
    TIM1_TRG_COM_TIM11_IRQHandler            0x0800026f   Thumb Code     0  startup_stm32f40_41xxx.o(.text)
    TIM6_DAC_IRQHandler                      0x0800026f   Thumb Code     0  startup_stm32f40_41xxx.o(.text)
    TIM7_IRQHandler                          0x0800026f   Thumb Code     0  startup_stm32f40_41xxx.o(.text)
    TIM8_BRK_TIM12_IRQHandler                0x0800026f   Thumb Code     0  startup_stm32f40_41xxx.o(.text)
    TIM8_CC_IRQHandler                       0x0800026f   Thumb Code     0  startup_stm32f40_41xxx.o(.text)
    TIM8_TRG_COM_TIM14_IRQHandler            0x0800026f   Thumb Code     0  startup_stm32f40_41xxx.o(.text)
    TIM8_UP_TIM13_IRQHandler                 0x0800026f   Thumb Code     0  startup_stm32f40_41xxx.o(.text)
    UART5_IRQHandler                         0x0800026f   Thumb Code     0  startup_stm32f40_41xxx.o(.text)
    USART2_IRQHandler                        0x0800026f   Thumb Code     0  startup_stm32f40_41xxx.o(.text)
    USART6_IRQHandler                        0x0800026f   Thumb Code     0  startup_stm32f40_41xxx.o(.text)
    WWDG_IRQHandler                          0x0800026f   Thumb Code     0  startup_stm32f40_41xxx.o(.text)
    __aeabi_memcpy                           0x08000279   Thumb Code    36  memcpya.o(.text)
    __aeabi_memcpy4                          0x08000279   Thumb Code     0  memcpya.o(.text)
    __aeabi_memcpy8                          0x08000279   Thumb Code     0  memcpya.o(.text)
    __aeabi_memset                           0x0800029d   Thumb Code    14  memseta.o(.text)
    __aeabi_memset4                          0x0800029d   Thumb Code     0  memseta.o(.text)
    __aeabi_memset8                          0x0800029d   Thumb Code     0  memseta.o(.text)
    __aeabi_memclr                           0x080002ab   Thumb Code     4  memseta.o(.text)
    __aeabi_memclr4                          0x080002ab   Thumb Code     0  memseta.o(.text)
    __aeabi_memclr8                          0x080002ab   Thumb Code     0  memseta.o(.text)
    _memset$wrapper                          0x080002af   Thumb Code    18  memseta.o(.text)
    __aeabi_dadd                             0x080002c1   Thumb Code   322  dadd.o(.text)
    __aeabi_dsub                             0x08000403   Thumb Code     6  dadd.o(.text)
    __aeabi_drsub                            0x08000409   Thumb Code     6  dadd.o(.text)
    __aeabi_dmul                             0x0800040f   Thumb Code   228  dmul.o(.text)
    __aeabi_ddiv                             0x080004f3   Thumb Code   222  ddiv.o(.text)
    __aeabi_i2d                              0x080005d1   Thumb Code    34  dflti.o(.text)
    __aeabi_ui2d                             0x080005f3   Thumb Code    26  dfltui.o(.text)
    __aeabi_f2d                              0x0800060d   Thumb Code    38  f2d.o(.text)
    __aeabi_d2f                              0x08000633   Thumb Code    56  d2f.o(.text)
    __aeabi_uidiv                            0x0800066b   Thumb Code     0  uidiv.o(.text)
    __aeabi_uidivmod                         0x0800066b   Thumb Code    44  uidiv.o(.text)
    __aeabi_llsl                             0x08000697   Thumb Code    30  llshl.o(.text)
    _ll_shift_l                              0x08000697   Thumb Code     0  llshl.o(.text)
    __aeabi_lasr                             0x080006b5   Thumb Code    36  llsshr.o(.text)
    _ll_sshift_r                             0x080006b5   Thumb Code     0  llsshr.o(.text)
    __I$use$fp                               0x080006d9   Thumb Code     0  iusefp.o(.text)
    _float_round                             0x080006d9   Thumb Code    18  fepilogue.o(.text)
    _float_epilogue                          0x080006eb   Thumb Code    92  fepilogue.o(.text)
    _double_round                            0x08000747   Thumb Code    30  depilogue.o(.text)
    _double_epilogue                         0x08000765   Thumb Code   156  depilogue.o(.text)
    __ARM_scalbn                             0x08000801   Thumb Code    46  dscalb.o(.text)
    scalbn                                   0x08000801   Thumb Code     0  dscalb.o(.text)
    __aeabi_cdrcmple                         0x08000831   Thumb Code    48  cdrcmple.o(.text)
    __scatterload                            0x08000861   Thumb Code    28  init.o(.text)
    __scatterload_rt2                        0x08000861   Thumb Code     0  init.o(.text)
    __aeabi_llsr                             0x08000885   Thumb Code    32  llushr.o(.text)
    _ll_ushift_r                             0x08000885   Thumb Code     0  llushr.o(.text)
    _dsqrt                                   0x080008a5   Thumb Code   162  dsqrt.o(.text)
    __decompress                             0x08000947   Thumb Code     0  __dczerorl2.o(.text)
    __decompress1                            0x08000947   Thumb Code    86  __dczerorl2.o(.text)
    ADC_Cmd                                  0x0800099d   Thumb Code    20  stm32f4xx_adc.o(i.ADC_Cmd)
    ADC_CommonInit                           0x080009b1   Thumb Code    34  stm32f4xx_adc.o(i.ADC_CommonInit)
    ADC_GetConversionValue                   0x080009dd   Thumb Code     6  stm32f4xx_adc.o(i.ADC_GetConversionValue)
    ADC_GetFlagStatus                        0x080009e3   Thumb Code    14  stm32f4xx_adc.o(i.ADC_GetFlagStatus)
    ADC_Init                                 0x080009f1   Thumb Code    66  stm32f4xx_adc.o(i.ADC_Init)
    ADC_RegularChannelConfig                 0x08000a3d   Thumb Code   116  stm32f4xx_adc.o(i.ADC_RegularChannelConfig)
    ADC_SoftwareStartConv                    0x08000ab1   Thumb Code    10  stm32f4xx_adc.o(i.ADC_SoftwareStartConv)
    APP_Show                                 0x08000abd   Thumb Code   218  show.o(i.APP_Show)
    AT_Command_Capture                       0x08000bf5   Thumb Code   146  usartx.o(i.AT_Command_Capture)
    Adc_Init                                 0x08000c8d   Thumb Code   146  adc.o(i.Adc_Init)
    Balance_task                             0x08000d2d   Thumb Code   510  balance.o(i.Balance_task)
    BusFault_Handler                         0x08000f8d   Thumb Code     2  stm32f4xx_it.o(i.BusFault_Handler)
    Buzzer_Init                              0x08000f91   Thumb Code    48  led.o(i.Buzzer_Init)
    CAN1_Mode_Init                           0x08000fc5   Thumb Code   380  can.o(i.CAN1_Mode_Init)
    CAN1_RX0_IRQHandler                      0x08001149   Thumb Code   448  can.o(i.CAN1_RX0_IRQHandler)
    CAN1_Rx_Msg                              0x08001369   Thumb Code   140  can.o(i.CAN1_Rx_Msg)
    CAN1_Send_EXTid_Num                      0x080013fd   Thumb Code    54  can.o(i.CAN1_Send_EXTid_Num)
    CAN1_Send_Num                            0x08001433   Thumb Code    54  can.o(i.CAN1_Send_Num)
    CAN1_Tx_Msg                              0x08001469   Thumb Code   164  can.o(i.CAN1_Tx_Msg)
    CAN1_Tx_Staus                            0x08001515   Thumb Code    94  can.o(i.CAN1_Tx_Staus)
    CAN_FilterInit                           0x08001579   Thumb Code   194  stm32f4xx_can.o(i.CAN_FilterInit)
    CAN_ITConfig                             0x08001645   Thumb Code    16  stm32f4xx_can.o(i.CAN_ITConfig)
    CAN_SEND                                 0x08001655   Thumb Code    96  usartx.o(i.CAN_SEND)
    CAN_Send_AutoRecharge                    0x080016bd   Thumb Code   116  autorecharge.o(i.CAN_Send_AutoRecharge)
    Check_Sum                                0x08001739   Thumb Code    52  usartx.o(i.Check_Sum)
    Check_Sum_AutoCharge                     0x08001771   Thumb Code    30  usartx.o(i.Check_Sum_AutoCharge)
    DebugMon_Handler                         0x08001795   Thumb Code     2  stm32f4xx_it.o(i.DebugMon_Handler)
    Drive_Motor                              0x08001799   Thumb Code   160  balance.o(i.Drive_Motor)
    Enable_Pin                               0x0800184d   Thumb Code    42  motor.o(i.Enable_Pin)
    Encoder_Init_TIM2                        0x0800187d   Thumb Code   212  encoder.o(i.Encoder_Init_TIM2)
    Encoder_Init_TIM3                        0x08001959   Thumb Code   180  encoder.o(i.Encoder_Init_TIM3)
    Encoder_Init_TIM4                        0x08001a15   Thumb Code   180  encoder.o(i.Encoder_Init_TIM4)
    Encoder_Init_TIM5                        0x08001ad1   Thumb Code   178  encoder.o(i.Encoder_Init_TIM5)
    FenJie_float                             0x08001b8d   Thumb Code    62  oled.o(i.FenJie_float)
    Find_Charging_HardWare                   0x08001bd5   Thumb Code    22  system.o(i.Find_Charging_HardWare)
    GPIO_Init                                0x08001bf9   Thumb Code   120  stm32f4xx_gpio.o(i.GPIO_Init)
    GPIO_PinAFConfig                         0x08001c71   Thumb Code    32  stm32f4xx_gpio.o(i.GPIO_PinAFConfig)
    GPIO_ResetBits                           0x08001c91   Thumb Code     4  stm32f4xx_gpio.o(i.GPIO_ResetBits)
    GPIO_SetBits                             0x08001c95   Thumb Code     4  stm32f4xx_gpio.o(i.GPIO_SetBits)
    Get_Adc                                  0x08001c99   Thumb Code    44  adc.o(i.Get_Adc)
    Get_RC                                   0x08001cc9   Thumb Code   152  balance.o(i.Get_RC)
    Get_Velocity_Form_Encoder                0x08001d85   Thumb Code   140  balance.o(i.Get_Velocity_Form_Encoder)
    Get_adc_Average                          0x08001e29   Thumb Code    46  adc.o(i.Get_adc_Average)
    Get_battery_volt                         0x08001e59   Thumb Code    58  adc.o(i.Get_battery_volt)
    HardFault_Handler                        0x08001ead   Thumb Code     2  stm32f4xx_it.o(i.HardFault_Handler)
    I2C_Ack                                  0x08001eb1   Thumb Code    54  i2c.o(i.I2C_Ack)
    I2C_GPIOInit                             0x08001ef1   Thumb Code    58  i2c.o(i.I2C_GPIOInit)
    I2C_NAck                                 0x08001f35   Thumb Code    56  i2c.o(i.I2C_NAck)
    I2C_ReadByte                             0x08001f75   Thumb Code   102  i2c.o(i.I2C_ReadByte)
    I2C_ReadOneByte                          0x08001fe5   Thumb Code    62  i2c.o(i.I2C_ReadOneByte)
    I2C_Start                                0x08002025   Thumb Code    70  i2c.o(i.I2C_Start)
    I2C_Stop                                 0x08002075   Thumb Code    56  i2c.o(i.I2C_Stop)
    I2C_WaiteForAck                          0x080020b5   Thumb Code    76  i2c.o(i.I2C_WaiteForAck)
    I2C_WriteBits                            0x08002109   Thumb Code    74  i2c.o(i.I2C_WriteBits)
    I2C_WriteByte                            0x08002155   Thumb Code    86  i2c.o(i.I2C_WriteByte)
    I2C_WriteOneByte                         0x080021b5   Thumb Code    50  i2c.o(i.I2C_WriteOneByte)
    Incremental_PI_A                         0x080021e9   Thumb Code   144  balance.o(i.Incremental_PI_A)
    Incremental_PI_B                         0x08002295   Thumb Code   160  balance.o(i.Incremental_PI_B)
    KEY_Init                                 0x08002351   Thumb Code    42  key.o(i.KEY_Init)
    KEY_Scan                                 0x08002381   Thumb Code   242  key.o(i.KEY_Scan)
    Key                                      0x0800248d   Thumb Code    88  balance.o(i.Key)
    LED_Init                                 0x08002501   Thumb Code    80  led.o(i.LED_Init)
    MPU6050_Set_LPF                          0x08002555   Thumb Code    50  mpu6050.o(i.MPU6050_Set_LPF)
    MPU6050_Set_Rate                         0x08002587   Thumb Code    48  mpu6050.o(i.MPU6050_Set_Rate)
    MPU6050_initialize                       0x080025b7   Thumb Code   132  mpu6050.o(i.MPU6050_initialize)
    MPU6050_setFullScaleAccelRange           0x0800263b   Thumb Code    18  mpu6050.o(i.MPU6050_setFullScaleAccelRange)
    MPU6050_setFullScaleGyroRange            0x0800264d   Thumb Code    18  mpu6050.o(i.MPU6050_setFullScaleGyroRange)
    MPU6050_task                             0x08002661   Thumb Code    60  mpu6050.o(i.MPU6050_task)
    MPU_Get_Accelscope                       0x080026a1   Thumb Code   132  mpu6050.o(i.MPU_Get_Accelscope)
    MPU_Get_Gyroscope                        0x08002729   Thumb Code   172  mpu6050.o(i.MPU_Get_Gyroscope)
    MemManage_Handler                        0x080027e1   Thumb Code     2  stm32f4xx_it.o(i.MemManage_Handler)
    MiniBalance_Motor_Init                   0x080027e5   Thumb Code   186  motor.o(i.MiniBalance_Motor_Init)
    MiniBalance_PWM_Init                     0x080028b1   Thumb Code   256  motor.o(i.MiniBalance_PWM_Init)
    NMI_Handler                              0x080029b9   Thumb Code     2  stm32f4xx_it.o(i.NMI_Handler)
    NVIC_Init                                0x080029bd   Thumb Code    96  misc.o(i.NVIC_Init)
    NVIC_PriorityGroupConfig                 0x08002a21   Thumb Code    10  misc.o(i.NVIC_PriorityGroupConfig)
    OLED_Clear                               0x08002a35   Thumb Code    38  oled.o(i.OLED_Clear)
    OLED_DrawPoint                           0x08002a61   Thumb Code    54  oled.o(i.OLED_DrawPoint)
    OLED_Init                                0x08002a9d   Thumb Code   292  oled.o(i.OLED_Init)
    OLED_Refresh_Gram                        0x08002bc9   Thumb Code    66  oled.o(i.OLED_Refresh_Gram)
    OLED_ShowChar                            0x08002c11   Thumb Code   124  oled.o(i.OLED_ShowChar)
    OLED_ShowNumber                          0x08002c95   Thumb Code   120  oled.o(i.OLED_ShowNumber)
    OLED_ShowString                          0x08002d0d   Thumb Code    62  oled.o(i.OLED_ShowString)
    OLED_WR_Byte                             0x08002d4d   Thumb Code    62  oled.o(i.OLED_WR_Byte)
    PS2_ClearData                            0x08002d91   Thumb Code    18  pstwo.o(i.PS2_ClearData)
    PS2_Cmd                                  0x08002da9   Thumb Code   142  pstwo.o(i.PS2_Cmd)
    PS2_DataKey                              0x08002e41   Thumb Code    56  pstwo.o(i.PS2_DataKey)
    PS2_EnterConfing                         0x08002e81   Thumb Code    88  pstwo.o(i.PS2_EnterConfing)
    PS2_ExitConfing                          0x08002edd   Thumb Code    88  pstwo.o(i.PS2_ExitConfing)
    PS2_Init                                 0x08002f39   Thumb Code    66  pstwo.o(i.PS2_Init)
    PS2_Read                                 0x08002f81   Thumb Code   166  pstwo.o(i.PS2_Read)
    PS2_ReadData                             0x08003061   Thumb Code   156  pstwo.o(i.PS2_ReadData)
    PS2_SetInit                              0x08003109   Thumb Code    30  pstwo.o(i.PS2_SetInit)
    PS2_ShortPoll                            0x08003129   Thumb Code    64  pstwo.o(i.PS2_ShortPoll)
    PS2_TurnOnAnalogMode                     0x0800316d   Thumb Code    82  pstwo.o(i.PS2_TurnOnAnalogMode)
    PS2_control                              0x080031c5   Thumb Code   228  balance.o(i.PS2_control)
    PWR_BackupAccessCmd                      0x080032e1   Thumb Code     6  stm32f4xx_pwr.o(i.PWR_BackupAccessCmd)
    RCC_AHB1PeriphClockCmd                   0x080032ed   Thumb Code    18  stm32f4xx_rcc.o(i.RCC_AHB1PeriphClockCmd)
    RCC_APB1PeriphClockCmd                   0x08003305   Thumb Code    18  stm32f4xx_rcc.o(i.RCC_APB1PeriphClockCmd)
    RCC_APB2PeriphClockCmd                   0x0800331d   Thumb Code    18  stm32f4xx_rcc.o(i.RCC_APB2PeriphClockCmd)
    RCC_APB2PeriphResetCmd                   0x08003335   Thumb Code    18  stm32f4xx_rcc.o(i.RCC_APB2PeriphResetCmd)
    RCC_GetClocksFreq                        0x0800334d   Thumb Code   132  stm32f4xx_rcc.o(i.RCC_GetClocksFreq)
    RCC_LSEConfig                            0x080033dd   Thumb Code    22  stm32f4xx_rcc.o(i.RCC_LSEConfig)
    Read_Encoder                             0x080033f9   Thumb Code    52  encoder.o(i.Read_Encoder)
    Remote_Control                           0x08003439   Thumb Code   282  balance.o(i.Remote_Control)
    Robot_Init                               0x08003585   Thumb Code    60  robot_select_init.o(i.Robot_Init)
    Robot_Select                             0x080035d9   Thumb Code   260  robot_select_init.o(i.Robot_Select)
    Servo_PWM_Init                           0x0800370d   Thumb Code   162  motor.o(i.Servo_PWM_Init)
    Set_Pwm                                  0x0800386d   Thumb Code   100  balance.o(i.Set_Pwm)
    Smooth_control                           0x080038e1   Thumb Code   180  balance.o(i.Smooth_control)
    SysTick_CLKSourceConfig                  0x080039a5   Thumb Code    24  misc.o(i.SysTick_CLKSourceConfig)
    SysTick_Handler                          0x080039bd   Thumb Code    20  delay.o(i.SysTick_Handler)
    SystemInit                               0x080039d1   Thumb Code    74  system_stm32f4xx.o(i.SystemInit)
    TIM1_CC_IRQHandler                       0x08003a91   Thumb Code   642  timer.o(i.TIM1_CC_IRQHandler)
    TIM1_Cap_Init                            0x08003d35   Thumb Code   302  timer.o(i.TIM1_Cap_Init)
    TIM1_UP_TIM10_IRQHandler                 0x08003e6d   Thumb Code    12  timer.o(i.TIM1_UP_TIM10_IRQHandler)
    TIM2_IRQHandler                          0x08003e7d   Thumb Code    16  encoder.o(i.TIM2_IRQHandler)
    TIM3_IRQHandler                          0x08003e8d   Thumb Code    14  encoder.o(i.TIM3_IRQHandler)
    TIM4_IRQHandler                          0x08003ea1   Thumb Code    14  encoder.o(i.TIM4_IRQHandler)
    TIM5_IRQHandler                          0x08003eb5   Thumb Code    14  encoder.o(i.TIM5_IRQHandler)
    TIM_ARRPreloadConfig                     0x08003ec9   Thumb Code    20  stm32f4xx_tim.o(i.TIM_ARRPreloadConfig)
    TIM_ClearFlag                            0x08003edd   Thumb Code     6  stm32f4xx_tim.o(i.TIM_ClearFlag)
    TIM_ClearITPendingBit                    0x08003ee3   Thumb Code     6  stm32f4xx_tim.o(i.TIM_ClearITPendingBit)
    TIM_Cmd                                  0x08003ee9   Thumb Code    20  stm32f4xx_tim.o(i.TIM_Cmd)
    TIM_CtrlPWMOutputs                       0x08003efd   Thumb Code    22  stm32f4xx_tim.o(i.TIM_CtrlPWMOutputs)
    TIM_EncoderInterfaceConfig               0x08003f13   Thumb Code    50  stm32f4xx_tim.o(i.TIM_EncoderInterfaceConfig)
    TIM_GetCapture1                          0x08003f45   Thumb Code     4  stm32f4xx_tim.o(i.TIM_GetCapture1)
    TIM_GetCapture2                          0x08003f49   Thumb Code     4  stm32f4xx_tim.o(i.TIM_GetCapture2)
    TIM_GetCapture3                          0x08003f4d   Thumb Code     4  stm32f4xx_tim.o(i.TIM_GetCapture3)
    TIM_GetCapture4                          0x08003f51   Thumb Code     4  stm32f4xx_tim.o(i.TIM_GetCapture4)
    TIM_GetITStatus                          0x08003f55   Thumb Code    24  stm32f4xx_tim.o(i.TIM_GetITStatus)
    TIM_ICInit                               0x08003f6d   Thumb Code   172  stm32f4xx_tim.o(i.TIM_ICInit)
    TIM_ICStructInit                         0x08004019   Thumb Code    16  stm32f4xx_tim.o(i.TIM_ICStructInit)
    TIM_ITConfig                             0x08004029   Thumb Code    16  stm32f4xx_tim.o(i.TIM_ITConfig)
    TIM_OC1Init                              0x08004039   Thumb Code    88  stm32f4xx_tim.o(i.TIM_OC1Init)
    TIM_OC1PolarityConfig                    0x08004099   Thumb Code    12  stm32f4xx_tim.o(i.TIM_OC1PolarityConfig)
    TIM_OC1PreloadConfig                     0x080040a5   Thumb Code    12  stm32f4xx_tim.o(i.TIM_OC1PreloadConfig)
    TIM_OC2Init                              0x080040b1   Thumb Code   120  stm32f4xx_tim.o(i.TIM_OC2Init)
    TIM_OC2PolarityConfig                    0x08004131   Thumb Code    20  stm32f4xx_tim.o(i.TIM_OC2PolarityConfig)
    TIM_OC2PreloadConfig                     0x08004145   Thumb Code    20  stm32f4xx_tim.o(i.TIM_OC2PreloadConfig)
    TIM_OC3Init                              0x08004159   Thumb Code   116  stm32f4xx_tim.o(i.TIM_OC3Init)
    TIM_OC3PolarityConfig                    0x080041d5   Thumb Code    20  stm32f4xx_tim.o(i.TIM_OC3PolarityConfig)
    TIM_OC3PreloadConfig                     0x080041e9   Thumb Code    12  stm32f4xx_tim.o(i.TIM_OC3PreloadConfig)
    TIM_OC4Init                              0x080041f5   Thumb Code    88  stm32f4xx_tim.o(i.TIM_OC4Init)
    TIM_OC4PolarityConfig                    0x08004255   Thumb Code    20  stm32f4xx_tim.o(i.TIM_OC4PolarityConfig)
    TIM_OC4PreloadConfig                     0x08004269   Thumb Code    20  stm32f4xx_tim.o(i.TIM_OC4PreloadConfig)
    TIM_SetCompare3                          0x0800427d   Thumb Code     4  stm32f4xx_tim.o(i.TIM_SetCompare3)
    TIM_SetCompare4                          0x08004281   Thumb Code     4  stm32f4xx_tim.o(i.TIM_SetCompare4)
    TIM_SetCounter                           0x08004285   Thumb Code     4  stm32f4xx_tim.o(i.TIM_SetCounter)
    TIM_SetIC1Prescaler                      0x08004289   Thumb Code    16  stm32f4xx_tim.o(i.TIM_SetIC1Prescaler)
    TIM_SetIC2Prescaler                      0x08004299   Thumb Code    24  stm32f4xx_tim.o(i.TIM_SetIC2Prescaler)
    TIM_SetIC3Prescaler                      0x080042b1   Thumb Code    16  stm32f4xx_tim.o(i.TIM_SetIC3Prescaler)
    TIM_SetIC4Prescaler                      0x080042c1   Thumb Code    24  stm32f4xx_tim.o(i.TIM_SetIC4Prescaler)
    TIM_TimeBaseInit                         0x080042d9   Thumb Code    96  stm32f4xx_tim.o(i.TIM_TimeBaseInit)
    TIM_TimeBaseStructInit                   0x08004355   Thumb Code    18  stm32f4xx_tim.o(i.TIM_TimeBaseStructInit)
    Turn_Off                                 0x08004369   Thumb Code    86  balance.o(i.Turn_Off)
    UART4_IRQHandler                         0x080043dd   Thumb Code   568  usartx.o(i.UART4_IRQHandler)
    USART1_IRQHandler                        0x08004681   Thumb Code   168  usartx.o(i.USART1_IRQHandler)
    USART1_SEND                              0x0800475d   Thumb Code    50  usartx.o(i.USART1_SEND)
    USART3_IRQHandler                        0x08004799   Thumb Code   278  usartx.o(i.USART3_IRQHandler)
    USART3_SEND                              0x08004909   Thumb Code    50  usartx.o(i.USART3_SEND)
    USART_Cmd                                0x08004945   Thumb Code    20  stm32f4xx_usart.o(i.USART_Cmd)
    USART_GetITStatus                        0x08004959   Thumb Code    62  stm32f4xx_usart.o(i.USART_GetITStatus)
    USART_ITConfig                           0x08004997   Thumb Code    48  stm32f4xx_usart.o(i.USART_ITConfig)
    USART_Init                               0x080049c9   Thumb Code   164  stm32f4xx_usart.o(i.USART_Init)
    USART_ReceiveData                        0x08004a75   Thumb Code     8  stm32f4xx_usart.o(i.USART_ReceiveData)
    UsageFault_Handler                       0x08004a7d   Thumb Code     2  stm32f4xx_it.o(i.UsageFault_Handler)
    VolMean_Filter                           0x08004a81   Thumb Code   128  show.o(i.VolMean_Filter)
    XYZ_Target_Speed_transition              0x08004b19   Thumb Code    74  usartx.o(i.XYZ_Target_Speed_transition)
    _System_Reset_                           0x08004b6d   Thumb Code    90  usartx.o(i._System_Reset_)
    __0printf$3                              0x08004bd5   Thumb Code    22  printf3.o(i.__0printf$3)
    __1printf$3                              0x08004bd5   Thumb Code     0  printf3.o(i.__0printf$3)
    __2printf                                0x08004bd5   Thumb Code     0  printf3.o(i.__0printf$3)
    __ARM_fpclassify                         0x08004bf5   Thumb Code    48  fpclassify.o(i.__ARM_fpclassify)
    __hardfp_pow                             0x08004c29   Thumb Code  3044  pow.o(i.__hardfp_pow)
    __kernel_poly                            0x08005861   Thumb Code   248  poly.o(i.__kernel_poly)
    __mathlib_dbl_divzero                    0x08005959   Thumb Code    28  dunder.o(i.__mathlib_dbl_divzero)
    __mathlib_dbl_infnan2                    0x08005989   Thumb Code    20  dunder.o(i.__mathlib_dbl_infnan2)
    __mathlib_dbl_invalid                    0x080059a1   Thumb Code    24  dunder.o(i.__mathlib_dbl_invalid)
    __mathlib_dbl_overflow                   0x080059c1   Thumb Code    24  dunder.o(i.__mathlib_dbl_overflow)
    __mathlib_dbl_underflow                  0x080059e1   Thumb Code    24  dunder.o(i.__mathlib_dbl_underflow)
    __scatterload_copy                       0x08005a01   Thumb Code    14  handlers.o(i.__scatterload_copy)
    __scatterload_null                       0x08005a0f   Thumb Code     2  handlers.o(i.__scatterload_null)
    __scatterload_zeroinit                   0x08005a11   Thumb Code    14  handlers.o(i.__scatterload_zeroinit)
    __set_errno                              0x08005a21   Thumb Code     6  errno.o(i.__set_errno)
    auto_pwm_clear                           0x08005be5   Thumb Code   282  balance.o(i.auto_pwm_clear)
    data_task                                0x08005d25   Thumb Code    34  usartx.o(i.data_task)
    data_transition                          0x08005d49   Thumb Code   368  usartx.o(i.data_transition)
    delay_init                               0x08005eed   Thumb Code    50  delay.o(i.delay_init)
    delay_ms                                 0x08005f25   Thumb Code    52  delay.o(i.delay_ms)
    delay_us                                 0x08005f5d   Thumb Code    48  delay.o(i.delay_us)
    fabs                                     0x08005f91   Thumb Code    24  fabs.o(i.fabs)
    fputc                                    0x08005fa9   Thumb Code    18  usart.o(i.fputc)
    getSysTickCnt                            0x08005fc1   Thumb Code    24  delay.o(i.getSysTickCnt)
    int_abs                                  0x08005fdd   Thumb Code     8  balance.o(i.int_abs)
    led_task                                 0x08005fe5   Thumb Code    96  led.o(i.led_task)
    main                                     0x08006055   Thumb Code    34  main.o(i.main)
    myabs                                    0x0800608d   Thumb Code     8  balance.o(i.myabs)
    oled_pow                                 0x08006095   Thumb Code    16  oled.o(i.oled_pow)
    oled_show                                0x080060a5   Thumb Code  1422  show.o(i.oled_show)
    oled_showfloat                           0x08006695   Thumb Code   224  oled.o(i.oled_showfloat)
    pstwo_task                               0x08006fd9   Thumb Code    22  pstwo.o(i.pstwo_task)
    pvPortMalloc                             0x08006ff1   Thumb Code   214  heap_4.o(i.pvPortMalloc)
    pvTaskIncrementMutexHeldCount            0x08007105   Thumb Code    18  tasks.o(i.pvTaskIncrementMutexHeldCount)
    pxPortInitialiseStack                    0x0800711d   Thumb Code    40  port.o(i.pxPortInitialiseStack)
    show_task                                0x08007149   Thumb Code   258  show.o(i.show_task)
    sqrt                                     0x0800727d   Thumb Code   110  sqrt.o(i.sqrt)
    start_task                               0x080072ed   Thumb Code   132  main.o(i.start_task)
    systemInit                               0x080073dd   Thumb Code   174  system.o(i.systemInit)
    target_limit_float                       0x08007491   Thumb Code    32  balance.o(i.target_limit_float)
    target_limit_int                         0x080074b1   Thumb Code    16  balance.o(i.target_limit_int)
    uart1_init                               0x080074c1   Thumb Code   162  usartx.o(i.uart1_init)
    uart3_init                               0x0800756d   Thumb Code   168  usartx.o(i.uart3_init)
    uart4_init                               0x0800761d   Thumb Code   162  usartx.o(i.uart4_init)
    usart1_send                              0x080076c9   Thumb Code    12  usartx.o(i.usart1_send)
    usart3_send                              0x080076d9   Thumb Code    14  usartx.o(i.usart3_send)
    uxListRemove                             0x080076ed   Thumb Code    36  list.o(i.uxListRemove)
    vListInitialise                          0x08007711   Thumb Code    22  list.o(i.vListInitialise)
    vListInitialiseItem                      0x08007727   Thumb Code     6  list.o(i.vListInitialiseItem)
    vListInsert                              0x0800772d   Thumb Code    48  list.o(i.vListInsert)
    vListInsertEnd                           0x0800775d   Thumb Code    24  list.o(i.vListInsertEnd)
    vPortEnterCritical                       0x08007775   Thumb Code    50  port.o(i.vPortEnterCritical)
    vPortExitCritical                        0x080077ed   Thumb Code    34  port.o(i.vPortExitCritical)
    vPortFree                                0x08007851   Thumb Code    94  heap_4.o(i.vPortFree)
    vPortSetupTimerInterrupt                 0x080078ed   Thumb Code    26  port.o(i.vPortSetupTimerInterrupt)
    vPortValidateInterruptPriority           0x0800790d   Thumb Code    70  port.o(i.vPortValidateInterruptPriority)
    vQueueAddToRegistry                      0x08007999   Thumb Code    32  queue.o(i.vQueueAddToRegistry)
    vQueueWaitForMessageRestricted           0x080079bd   Thumb Code    68  queue.o(i.vQueueWaitForMessageRestricted)
    vTaskDelay                               0x08007a01   Thumb Code    62  tasks.o(i.vTaskDelay)
    vTaskDelayUntil                          0x08007a6d   Thumb Code   128  tasks.o(i.vTaskDelayUntil)
    vTaskDelete                              0x08007b19   Thumb Code   152  tasks.o(i.vTaskDelete)
    vTaskMissedYield                         0x08007be5   Thumb Code     8  tasks.o(i.vTaskMissedYield)
    vTaskPlaceOnEventList                    0x08007bf1   Thumb Code    44  tasks.o(i.vTaskPlaceOnEventList)
    vTaskPlaceOnEventListRestricted          0x08007c45   Thumb Code    52  tasks.o(i.vTaskPlaceOnEventListRestricted)
    vTaskPriorityInherit                     0x08007ca1   Thumb Code   124  tasks.o(i.vTaskPriorityInherit)
    vTaskSetTimeOutState                     0x08007d25   Thumb Code    30  tasks.o(i.vTaskSetTimeOutState)
    vTaskStartScheduler                      0x08007d6d   Thumb Code    96  tasks.o(i.vTaskStartScheduler)
    vTaskSuspendAll                          0x08007e01   Thumb Code    10  tasks.o(i.vTaskSuspendAll)
    vTaskSwitchContext                       0x08007e11   Thumb Code    80  tasks.o(i.vTaskSwitchContext)
    xPortStartScheduler                      0x08007e8d   Thumb Code   196  port.o(i.xPortStartScheduler)
    xPortSysTickHandler                      0x08007fa1   Thumb Code    38  port.o(i.xPortSysTickHandler)
    xQueueGenericCreate                      0x08007fcd   Thumb Code    82  queue.o(i.xQueueGenericCreate)
    xQueueGenericReceive                     0x08008045   Thumb Code   348  queue.o(i.xQueueGenericReceive)
    xQueueGenericReset                       0x080081c9   Thumb Code   128  queue.o(i.xQueueGenericReset)
    xQueueGenericSend                        0x08008271   Thumb Code   350  queue.o(i.xQueueGenericSend)
    xQueueGenericSendFromISR                 0x080083f9   Thumb Code   188  queue.o(i.xQueueGenericSendFromISR)
    xTaskCheckForTimeOut                     0x080084d9   Thumb Code    94  tasks.o(i.xTaskCheckForTimeOut)
    xTaskCreate                              0x08008561   Thumb Code    86  tasks.o(i.xTaskCreate)
    xTaskGetSchedulerState                   0x080085b9   Thumb Code    22  tasks.o(i.xTaskGetSchedulerState)
    xTaskGetTickCount                        0x080085d5   Thumb Code     6  tasks.o(i.xTaskGetTickCount)
    xTaskIncrementTick                       0x080085e1   Thumb Code   188  tasks.o(i.xTaskIncrementTick)
    xTaskPriorityDisinherit                  0x080086c9   Thumb Code   136  tasks.o(i.xTaskPriorityDisinherit)
    xTaskRemoveFromEventList                 0x0800877d   Thumb Code   102  tasks.o(i.xTaskRemoveFromEventList)
    xTaskResumeAll                           0x08008815   Thumb Code   180  tasks.o(i.xTaskResumeAll)
    xTimerCreate                             0x080088f9   Thumb Code    74  timers.o(i.xTimerCreate)
    xTimerCreateTimerTask                    0x0800896d   Thumb Code    58  timers.o(i.xTimerCreateTimerTask)
    xTimerGenericCommand                     0x080089e1   Thumb Code    98  timers.o(i.xTimerGenericCommand)
    oled_asc2_1206                           0x08008a70   Data        1140  oled.o(.constdata)
    oled_asc2_1608                           0x08008ee4   Data        1520  oled.o(.constdata)
    Hzk16                                    0x080094d4   Data        2624  oled.o(.constdata)
    __mathlib_zero                           0x08009fa0   Data           8  qnan.o(.constdata)
    Region$$Table$$Base                      0x0800a004   Number         0  anon$$obj.o(Region$$Table)
    Region$$Table$$Limit                     0x0800a024   Number         0  anon$$obj.o(Region$$Table)
    StartTask_Handler                        0x20000000   Data           4  main.o(.data)
    SystemCoreClock                          0x20000004   Data           4  system_stm32f4xx.o(.data)
    AHBPrescTable                            0x20000008   Data          16  system_stm32f4xx.o(.data)
    Voltage                                  0x20000018   Data           4  adc.o(.data)
    Voltage_All                              0x2000001c   Data           4  adc.o(.data)
    Led_Count                                0x20000044   Data           4  led.o(.data)
    Comd                                     0x2000004c   Data           2  pstwo.o(.data)
    Handkey                                  0x2000004e   Data           2  pstwo.o(.data)
    MASK                                     0x20000054   Data          32  pstwo.o(.data)
    TIM1CH1_CAPTURE_STA                      0x20000074   Data           1  timer.o(.data)
    TIM1CH2_CAPTURE_STA                      0x20000075   Data           1  timer.o(.data)
    TIM1CH3_CAPTURE_STA                      0x20000076   Data           1  timer.o(.data)
    TIM1CH4_CAPTURE_STA                      0x20000077   Data           1  timer.o(.data)
    TIM1CH1_CAPTURE_UPVAL                    0x2000007c   Data           2  timer.o(.data)
    TIM1CH1_CAPTURE_DOWNVAL                  0x2000007e   Data           2  timer.o(.data)
    TIM1CH2_CAPTURE_UPVAL                    0x20000080   Data           2  timer.o(.data)
    TIM1CH2_CAPTURE_DOWNVAL                  0x20000082   Data           2  timer.o(.data)
    TIM1CH3_CAPTURE_UPVAL                    0x20000084   Data           2  timer.o(.data)
    TIM1CH3_CAPTURE_DOWNVAL                  0x20000086   Data           2  timer.o(.data)
    TIM1CH4_CAPTURE_UPVAL                    0x20000088   Data           2  timer.o(.data)
    TIM1CH4_CAPTURE_DOWNVAL                  0x2000008a   Data           2  timer.o(.data)
    Remoter_Ch1                              0x2000008c   Data           4  timer.o(.data)
    Remoter_Ch2                              0x20000090   Data           4  timer.o(.data)
    Remoter_Ch3                              0x20000094   Data           4  timer.o(.data)
    Remoter_Ch4                              0x20000098   Data           4  timer.o(.data)
    L_Remoter_Ch1                            0x2000009c   Data           4  timer.o(.data)
    L_Remoter_Ch2                            0x200000a0   Data           4  timer.o(.data)
    L_Remoter_Ch3                            0x200000a4   Data           4  timer.o(.data)
    L_Remoter_Ch4                            0x200000a8   Data           4  timer.o(.data)
    TIM1_T1                                  0x200000ac   Data           4  timer.o(.data)
    TIM1_T2                                  0x200000b0   Data           4  timer.o(.data)
    TIM1_T3                                  0x200000b4   Data           4  timer.o(.data)
    TIM1_T4                                  0x200000b8   Data           4  timer.o(.data)
    nav_walk                                 0x200000e8   Data           1  autorecharge.o(.data)
    Allow_Recharge                           0x200000e9   Data           1  autorecharge.o(.data)
    Charging_Current                         0x200000ec   Data           4  autorecharge.o(.data)
    Red_Docker_X                             0x200000f0   Data           4  autorecharge.o(.data)
    Red_Docker_Y                             0x200000f4   Data           4  autorecharge.o(.data)
    Red_Docker_Z                             0x200000f8   Data           4  autorecharge.o(.data)
    Charging                                 0x200000fc   Data           1  autorecharge.o(.data)
    RED_STATE                                0x200000fd   Data           1  autorecharge.o(.data)
    Recharge_Red_Move_X                      0x20000100   Data           4  autorecharge.o(.data)
    Recharge_Red_Move_Y                      0x20000104   Data           4  autorecharge.o(.data)
    Recharge_Red_Move_Z                      0x20000108   Data           4  autorecharge.o(.data)
    Recharge_UP_Move_X                       0x2000010c   Data           4  autorecharge.o(.data)
    Recharge_UP_Move_Y                       0x20000110   Data           4  autorecharge.o(.data)
    Recharge_UP_Move_Z                       0x20000114   Data           4  autorecharge.o(.data)
    L_A                                      0x20000118   Data           1  autorecharge.o(.data)
    L_B                                      0x20000119   Data           1  autorecharge.o(.data)
    R_B                                      0x2000011a   Data           1  autorecharge.o(.data)
    R_A                                      0x2000011b   Data           1  autorecharge.o(.data)
    __stdout                                 0x20000124   Data           4  usart.o(.data)
    pxCurrentTCB                             0x20000138   Data           4  tasks.o(.data)
    Flag_Stop                                0x200001ac   Data           1  system.o(.data)
    Car_Mode                                 0x200001ad   Data           1  system.o(.data)
    RC_Velocity                              0x200001b0   Data           4  system.o(.data)
    Velocity_KP                              0x200001b4   Data           4  system.o(.data)
    Velocity_KI                              0x200001b8   Data           4  system.o(.data)
    PS2_ON_Flag                              0x200001bc   Data           1  system.o(.data)
    APP_ON_Flag                              0x200001bd   Data           1  system.o(.data)
    Remote_ON_Flag                           0x200001be   Data           1  system.o(.data)
    CAN_ON_Flag                              0x200001bf   Data           1  system.o(.data)
    Usart_ON_Flag                            0x200001c0   Data           1  system.o(.data)
    Flag_Direction                           0x200001c1   Data           1  system.o(.data)
    Get_Charging_HardWare                    0x200001c2   Data           1  system.o(.data)
    charger_check                            0x200001c3   Data           1  system.o(.data)
    Divisor_Mode                             0x200001c4   Data           4  system.o(.data)
    Move_X                                   0x200001c8   Data           4  system.o(.data)
    Move_Y                                   0x200001cc   Data           4  system.o(.data)
    Move_Z                                   0x200001d0   Data           4  system.o(.data)
    Encoder_precision                        0x200001d4   Data           4  system.o(.data)
    Wheel_perimeter                          0x200001d8   Data           4  system.o(.data)
    Wheel_spacing                            0x200001dc   Data           4  system.o(.data)
    Axle_spacing                             0x200001e0   Data           4  system.o(.data)
    Flag_Left                                0x200001e4   Data           1  system.o(.data)
    Flag_Right                               0x200001e5   Data           1  system.o(.data)
    Turn_Flag                                0x200001e6   Data           1  system.o(.data)
    PID_Send                                 0x200001e7   Data           1  system.o(.data)
    PS2_LX                                   0x200001e8   Data           4  system.o(.data)
    PS2_LY                                   0x200001ec   Data           4  system.o(.data)
    PS2_RX                                   0x200001f0   Data           4  system.o(.data)
    PS2_RY                                   0x200001f4   Data           4  system.o(.data)
    PS2_KEY                                  0x200001f8   Data           4  system.o(.data)
    start_check_flag                         0x200001fc   Data           1  balance.o(.data)
    wait_clear_times                         0x200001fd   Data           1  balance.o(.data)
    start_clear                              0x200001fe   Data           1  balance.o(.data)
    clear_done_once                          0x200001ff   Data           1  balance.o(.data)
    clear_state                              0x20000200   Data           1  balance.o(.data)
    check_end                                0x20000201   Data           1  balance.o(.data)
    clear_again_times                        0x20000204   Data           2  balance.o(.data)
    robot_mode_check_flag                    0x20000208   Data           4  balance.o(.data)
    Servo_max                                0x2000020c   Data           4  balance.o(.data)
    Servo_min                                0x20000210   Data           4  balance.o(.data)
    Time_count                               0x20000214   Data           4  balance.o(.data)
    check_a                                  0x2000023c   Data           4  balance.o(.data)
    check_b                                  0x20000240   Data           4  balance.o(.data)
    check_c                                  0x20000244   Data           4  balance.o(.data)
    check_d                                  0x20000248   Data           4  balance.o(.data)
    Angle_Smoother_Rate                      0x2000024c   Data           4  balance.o(.data)
    Velocity_Smoother_Rate                   0x20000250   Data           4  balance.o(.data)
    command_lost_count                       0x20000254   Data           1  balance.o(.data)
    SERVO_BIAS                               0x20000258   Data           4  balance.o(.data)
    oled_page                                0x2000025c   Data           1  show.o(.data)
    oled_refresh_flag                        0x2000025f   Data           1  show.o(.data)
    Buzzer_count                             0x20000260   Data           4  show.o(.data)
    base_vol                                 0x20000264   Data           4  show.o(.data)
    Voltage_Show                             0x20000270   Data           4  show.o(.data)
    BrushlessEnable                          0x20000274   Data           4  hubdrivercan.o(.data)
    Deviation_Count                          0x20000278   Data           4  mpu6050.o(.data)
    gyro                                     0x2000027c   Data           6  mpu6050.o(.data)
    accel                                    0x20000282   Data           6  mpu6050.o(.data)
    Deviation_gyro                           0x20000288   Data           6  mpu6050.o(.data)
    Original_gyro                            0x2000028e   Data           6  mpu6050.o(.data)
    Deviation_accel                          0x20000294   Data           6  mpu6050.o(.data)
    Original_accel                           0x2000029a   Data           6  mpu6050.o(.data)
    OLED_GRAM                                0x200002b0   Data        1024  oled.o(.bss)
    Data                                     0x200006b0   Data           9  pstwo.o(.bss)
    Send_Data                                0x200006ee   Data          48  usartx.o(.bss)
    Receive_Data                             0x20000720   Data          32  usartx.o(.bss)
    Send_AutoCharge_Data                     0x20000740   Data          16  usartx.o(.bss)
    xQueueRegistry                           0x20000750   Data          64  queue.o(.bss)
    smooth_control                           0x20005a9c   Data          12  system.o(.bss)
    MOTOR_A                                  0x20005aa8   Data          28  system.o(.bss)
    MOTOR_B                                  0x20005ac4   Data          28  system.o(.bss)
    MOTOR_C                                  0x20005ae0   Data          28  system.o(.bss)
    MOTOR_D                                  0x20005afc   Data          28  system.o(.bss)
    Robot_Parament                           0x20005b18   Data          24  robot_select_init.o(.bss)
    __initial_sp                             0x200060c0   Data           0  startup_stm32f40_41xxx.o(STACK)



==============================================================================

Memory Map of the image

  Image Entry point : 0x08000189

  Load Region LR_IROM1 (Base: 0x08000000, Size: 0x0000a2c8, Max: 0x00080000, ABSOLUTE, COMPRESSED[0x0000a0bc])

    Execution Region ER_IROM1 (Base: 0x08000000, Size: 0x0000a024, Max: 0x00080000, ABSOLUTE)

    Base Addr    Size         Type   Attr      Idx    E Section Name        Object

    0x08000000   0x00000188   Data   RO         1315    RESET               startup_stm32f40_41xxx.o
    0x08000188   0x00000000   Code   RO         5046  * .ARM.Collect$$$$00000000  mc_w.l(entry.o)
    0x08000188   0x00000004   Code   RO         5371    .ARM.Collect$$$$00000001  mc_w.l(entry2.o)
    0x0800018c   0x00000004   Code   RO         5374    .ARM.Collect$$$$00000004  mc_w.l(entry5.o)
    0x08000190   0x00000000   Code   RO         5376    .ARM.Collect$$$$00000008  mc_w.l(entry7b.o)
    0x08000190   0x00000000   Code   RO         5378    .ARM.Collect$$$$0000000A  mc_w.l(entry8b.o)
    0x08000190   0x00000008   Code   RO         5379    .ARM.Collect$$$$0000000B  mc_w.l(entry9a.o)
    0x08000198   0x00000000   Code   RO         5381    .ARM.Collect$$$$0000000D  mc_w.l(entry10a.o)
    0x08000198   0x00000000   Code   RO         5383    .ARM.Collect$$$$0000000F  mc_w.l(entry11a.o)
    0x08000198   0x00000004   Code   RO         5372    .ARM.Collect$$$$00002712  mc_w.l(entry2.o)
    0x0800019c   0x000000b6   Code   RO         4017    .emb_text           port.o
    0x08000252   0x00000002   PAD
    0x08000254   0x00000024   Code   RO         1316    .text               startup_stm32f40_41xxx.o
    0x08000278   0x00000024   Code   RO         5049    .text               mc_w.l(memcpya.o)
    0x0800029c   0x00000024   Code   RO         5051    .text               mc_w.l(memseta.o)
    0x080002c0   0x0000014e   Code   RO         5320    .text               mf_w.l(dadd.o)
    0x0800040e   0x000000e4   Code   RO         5322    .text               mf_w.l(dmul.o)
    0x080004f2   0x000000de   Code   RO         5324    .text               mf_w.l(ddiv.o)
    0x080005d0   0x00000022   Code   RO         5326    .text               mf_w.l(dflti.o)
    0x080005f2   0x0000001a   Code   RO         5328    .text               mf_w.l(dfltui.o)
    0x0800060c   0x00000026   Code   RO         5330    .text               mf_w.l(f2d.o)
    0x08000632   0x00000038   Code   RO         5332    .text               mf_w.l(d2f.o)
    0x0800066a   0x0000002c   Code   RO         5385    .text               mc_w.l(uidiv.o)
    0x08000696   0x0000001e   Code   RO         5389    .text               mc_w.l(llshl.o)
    0x080006b4   0x00000024   Code   RO         5391    .text               mc_w.l(llsshr.o)
    0x080006d8   0x00000000   Code   RO         5400    .text               mc_w.l(iusefp.o)
    0x080006d8   0x0000006e   Code   RO         5401    .text               mf_w.l(fepilogue.o)
    0x08000746   0x000000ba   Code   RO         5403    .text               mf_w.l(depilogue.o)
    0x08000800   0x0000002e   Code   RO         5407    .text               mf_w.l(dscalb.o)
    0x0800082e   0x00000002   PAD
    0x08000830   0x00000030   Code   RO         5411    .text               mf_w.l(cdrcmple.o)
    0x08000860   0x00000024   Code   RO         5413    .text               mc_w.l(init.o)
    0x08000884   0x00000020   Code   RO         5415    .text               mc_w.l(llushr.o)
    0x080008a4   0x000000a2   Code   RO         5417    .text               mf_w.l(dsqrt.o)
    0x08000946   0x00000056   Code   RO         5429    .text               mc_w.l(__dczerorl2.o)
    0x0800099c   0x00000014   Code   RO         2048    i.ADC_Cmd           stm32f4xx_adc.o
    0x080009b0   0x0000002c   Code   RO         2049    i.ADC_CommonInit    stm32f4xx_adc.o
    0x080009dc   0x00000006   Code   RO         2060    i.ADC_GetConversionValue  stm32f4xx_adc.o
    0x080009e2   0x0000000e   Code   RO         2061    i.ADC_GetFlagStatus  stm32f4xx_adc.o
    0x080009f0   0x0000004c   Code   RO         2068    i.ADC_Init          stm32f4xx_adc.o
    0x08000a3c   0x00000074   Code   RO         2073    i.ADC_RegularChannelConfig  stm32f4xx_adc.o
    0x08000ab0   0x0000000a   Code   RO         2075    i.ADC_SoftwareStartConv  stm32f4xx_adc.o
    0x08000aba   0x00000002   PAD
    0x08000abc   0x00000138   Code   RO         4412    i.APP_Show          show.o
    0x08000bf4   0x00000098   Code   RO          996    i.AT_Command_Capture  usartx.o
    0x08000c8c   0x000000a0   Code   RO          392    i.Adc_Init          adc.o
    0x08000d2c   0x00000260   Code   RO         4229    i.Balance_task      balance.o
    0x08000f8c   0x00000002   Code   RO          276    i.BusFault_Handler  stm32f4xx_it.o
    0x08000f8e   0x00000002   PAD
    0x08000f90   0x00000034   Code   RO          644    i.Buzzer_Init       led.o
    0x08000fc4   0x00000184   Code   RO          439    i.CAN1_Mode_Init    can.o
    0x08001148   0x00000220   Code   RO          441    i.CAN1_RX0_IRQHandler  can.o
    0x08001368   0x00000094   Code   RO          443    i.CAN1_Rx_Msg       can.o
    0x080013fc   0x00000036   Code   RO          444    i.CAN1_Send_EXTid_Num  can.o
    0x08001432   0x00000036   Code   RO          447    i.CAN1_Send_Num     can.o
    0x08001468   0x000000ac   Code   RO          448    i.CAN1_Tx_Msg       can.o
    0x08001514   0x00000064   Code   RO          449    i.CAN1_Tx_Staus     can.o
    0x08001578   0x000000cc   Code   RO         2290    i.CAN_FilterInit    stm32f4xx_can.o
    0x08001644   0x00000010   Code   RO         2296    i.CAN_ITConfig      stm32f4xx_can.o
    0x08001654   0x00000068   Code   RO          997    i.CAN_SEND          usartx.o
    0x080016bc   0x0000007c   Code   RO         1153    i.CAN_Send_AutoRecharge  autorecharge.o
    0x08001738   0x00000038   Code   RO          998    i.Check_Sum         usartx.o
    0x08001770   0x00000024   Code   RO          999    i.Check_Sum_AutoCharge  usartx.o
    0x08001794   0x00000002   Code   RO          277    i.DebugMon_Handler  stm32f4xx_it.o
    0x08001796   0x00000002   PAD
    0x08001798   0x000000b4   Code   RO         4230    i.Drive_Motor       balance.o
    0x0800184c   0x00000030   Code   RO          688    i.Enable_Pin        motor.o
    0x0800187c   0x000000dc   Code   RO          519    i.Encoder_Init_TIM2  encoder.o
    0x08001958   0x000000bc   Code   RO          520    i.Encoder_Init_TIM3  encoder.o
    0x08001a14   0x000000bc   Code   RO          521    i.Encoder_Init_TIM4  encoder.o
    0x08001ad0   0x000000bc   Code   RO          522    i.Encoder_Init_TIM5  encoder.o
    0x08001b8c   0x00000048   Code   RO          726    i.FenJie_float      oled.o
    0x08001bd4   0x00000024   Code   RO         4159    i.Find_Charging_HardWare  system.o
    0x08001bf8   0x00000078   Code   RO         1367    i.GPIO_Init         stm32f4xx_gpio.o
    0x08001c70   0x00000020   Code   RO         1368    i.GPIO_PinAFConfig  stm32f4xx_gpio.o
    0x08001c90   0x00000004   Code   RO         1374    i.GPIO_ResetBits    stm32f4xx_gpio.o
    0x08001c94   0x00000004   Code   RO         1375    i.GPIO_SetBits      stm32f4xx_gpio.o
    0x08001c98   0x00000030   Code   RO          393    i.Get_Adc           adc.o
    0x08001cc8   0x000000bc   Code   RO         4231    i.Get_RC            balance.o
    0x08001d84   0x000000a4   Code   RO         4232    i.Get_Velocity_Form_Encoder  balance.o
    0x08001e28   0x0000002e   Code   RO          394    i.Get_adc_Average   adc.o
    0x08001e56   0x00000002   PAD
    0x08001e58   0x00000054   Code   RO          395    i.Get_battery_volt  adc.o
    0x08001eac   0x00000002   Code   RO          278    i.HardFault_Handler  stm32f4xx_it.o
    0x08001eae   0x00000002   PAD
    0x08001eb0   0x00000040   Code   RO         4922    i.I2C_Ack           i2c.o
    0x08001ef0   0x00000044   Code   RO         4923    i.I2C_GPIOInit      i2c.o
    0x08001f34   0x00000040   Code   RO         4924    i.I2C_NAck          i2c.o
    0x08001f74   0x00000070   Code   RO         4926    i.I2C_ReadByte      i2c.o
    0x08001fe4   0x0000003e   Code   RO         4927    i.I2C_ReadOneByte   i2c.o
    0x08002022   0x00000002   PAD
    0x08002024   0x00000050   Code   RO         4928    i.I2C_Start         i2c.o
    0x08002074   0x00000040   Code   RO         4929    i.I2C_Stop          i2c.o
    0x080020b4   0x00000054   Code   RO         4930    i.I2C_WaiteForAck   i2c.o
    0x08002108   0x0000004a   Code   RO         4931    i.I2C_WriteBits     i2c.o
    0x08002152   0x00000002   PAD
    0x08002154   0x00000060   Code   RO         4933    i.I2C_WriteByte     i2c.o
    0x080021b4   0x00000032   Code   RO         4935    i.I2C_WriteOneByte  i2c.o
    0x080021e6   0x00000002   PAD
    0x080021e8   0x000000ac   Code   RO         4233    i.Incremental_PI_A  balance.o
    0x08002294   0x000000bc   Code   RO         4234    i.Incremental_PI_B  balance.o
    0x08002350   0x00000030   Code   RO          588    i.KEY_Init          key.o
    0x08002380   0x0000010c   Code   RO          589    i.KEY_Scan          key.o
    0x0800248c   0x00000074   Code   RO         4236    i.Key               balance.o
    0x08002500   0x00000054   Code   RO          645    i.LED_Init          led.o
    0x08002554   0x00000032   Code   RO         4798    i.MPU6050_Set_LPF   mpu6050.o
    0x08002586   0x00000030   Code   RO         4799    i.MPU6050_Set_Rate  mpu6050.o
    0x080025b6   0x00000084   Code   RO         4801    i.MPU6050_initialize  mpu6050.o
    0x0800263a   0x00000012   Code   RO         4804    i.MPU6050_setFullScaleAccelRange  mpu6050.o
    0x0800264c   0x00000012   Code   RO         4805    i.MPU6050_setFullScaleGyroRange  mpu6050.o
    0x0800265e   0x00000002   PAD
    0x08002660   0x00000040   Code   RO         4809    i.MPU6050_task      mpu6050.o
    0x080026a0   0x00000088   Code   RO         4811    i.MPU_Get_Accelscope  mpu6050.o
    0x08002728   0x000000b8   Code   RO         4812    i.MPU_Get_Gyroscope  mpu6050.o
    0x080027e0   0x00000002   Code   RO          279    i.MemManage_Handler  stm32f4xx_it.o
    0x080027e2   0x00000002   PAD
    0x080027e4   0x000000cc   Code   RO          689    i.MiniBalance_Motor_Init  motor.o
    0x080028b0   0x00000108   Code   RO          690    i.MiniBalance_PWM_Init  motor.o
    0x080029b8   0x00000002   Code   RO          280    i.NMI_Handler       stm32f4xx_it.o
    0x080029ba   0x00000002   PAD
    0x080029bc   0x00000064   Code   RO         1322    i.NVIC_Init         misc.o
    0x08002a20   0x00000014   Code   RO         1323    i.NVIC_PriorityGroupConfig  misc.o
    0x08002a34   0x0000002c   Code   RO          727    i.OLED_Clear        oled.o
    0x08002a60   0x0000003c   Code   RO          730    i.OLED_DrawPoint    oled.o
    0x08002a9c   0x0000012c   Code   RO          731    i.OLED_Init         oled.o
    0x08002bc8   0x00000048   Code   RO          732    i.OLED_Refresh_Gram  oled.o
    0x08002c10   0x00000084   Code   RO          735    i.OLED_ShowChar     oled.o
    0x08002c94   0x00000078   Code   RO          736    i.OLED_ShowNumber   oled.o
    0x08002d0c   0x0000003e   Code   RO          737    i.OLED_ShowString   oled.o
    0x08002d4a   0x00000002   PAD
    0x08002d4c   0x00000044   Code   RO          738    i.OLED_WR_Byte      oled.o
    0x08002d90   0x00000018   Code   RO          837    i.PS2_ClearData     pstwo.o
    0x08002da8   0x00000098   Code   RO          838    i.PS2_Cmd           pstwo.o
    0x08002e40   0x00000040   Code   RO          839    i.PS2_DataKey       pstwo.o
    0x08002e80   0x0000005c   Code   RO          840    i.PS2_EnterConfing  pstwo.o
    0x08002edc   0x0000005c   Code   RO          841    i.PS2_ExitConfing   pstwo.o
    0x08002f38   0x00000048   Code   RO          842    i.PS2_Init          pstwo.o
    0x08002f80   0x000000e0   Code   RO          843    i.PS2_Read          pstwo.o
    0x08003060   0x000000a8   Code   RO          844    i.PS2_ReadData      pstwo.o
    0x08003108   0x0000001e   Code   RO          847    i.PS2_SetInit       pstwo.o
    0x08003126   0x00000002   PAD
    0x08003128   0x00000044   Code   RO          848    i.PS2_ShortPoll     pstwo.o
    0x0800316c   0x00000058   Code   RO          849    i.PS2_TurnOnAnalogMode  pstwo.o
    0x080031c4   0x0000011c   Code   RO         4238    i.PS2_control       balance.o
    0x080032e0   0x0000000c   Code   RO         2994    i.PWR_BackupAccessCmd  stm32f4xx_pwr.o
    0x080032ec   0x00000018   Code   RO         1464    i.RCC_AHB1PeriphClockCmd  stm32f4xx_rcc.o
    0x08003304   0x00000018   Code   RO         1473    i.RCC_APB1PeriphClockCmd  stm32f4xx_rcc.o
    0x0800331c   0x00000018   Code   RO         1476    i.RCC_APB2PeriphClockCmd  stm32f4xx_rcc.o
    0x08003334   0x00000018   Code   RO         1478    i.RCC_APB2PeriphResetCmd  stm32f4xx_rcc.o
    0x0800334c   0x00000090   Code   RO         1485    i.RCC_GetClocksFreq  stm32f4xx_rcc.o
    0x080033dc   0x0000001c   Code   RO         1494    i.RCC_LSEConfig     stm32f4xx_rcc.o
    0x080033f8   0x00000040   Code   RO          523    i.Read_Encoder      encoder.o
    0x08003438   0x0000014c   Code   RO         4239    i.Remote_Control    balance.o
    0x08003584   0x00000054   Code   RO         4383    i.Robot_Init        robot_select_init.o
    0x080035d8   0x00000134   Code   RO         4384    i.Robot_Select      robot_select_init.o
    0x0800370c   0x000000ac   Code   RO          691    i.Servo_PWM_Init    motor.o
    0x080037b8   0x000000b4   Code   RO          355    i.SetSysClock       system_stm32f4xx.o
    0x0800386c   0x00000074   Code   RO         4240    i.Set_Pwm           balance.o
    0x080038e0   0x000000c4   Code   RO         4241    i.Smooth_control    balance.o
    0x080039a4   0x00000018   Code   RO         1326    i.SysTick_CLKSourceConfig  misc.o
    0x080039bc   0x00000014   Code   RO         1194    i.SysTick_Handler   delay.o
    0x080039d0   0x0000005c   Code   RO          357    i.SystemInit        system_stm32f4xx.o
    0x08003a2c   0x0000002e   Code   RO         2447    i.TI1_Config        stm32f4xx_tim.o
    0x08003a5a   0x00000036   Code   RO         2448    i.TI2_Config        stm32f4xx_tim.o
    0x08003a90   0x000002a4   Code   RO          958    i.TIM1_CC_IRQHandler  timer.o
    0x08003d34   0x00000138   Code   RO          959    i.TIM1_Cap_Init     timer.o
    0x08003e6c   0x00000010   Code   RO          960    i.TIM1_UP_TIM10_IRQHandler  timer.o
    0x08003e7c   0x00000010   Code   RO          524    i.TIM2_IRQHandler   encoder.o
    0x08003e8c   0x00000014   Code   RO          525    i.TIM3_IRQHandler   encoder.o
    0x08003ea0   0x00000014   Code   RO          526    i.TIM4_IRQHandler   encoder.o
    0x08003eb4   0x00000014   Code   RO          527    i.TIM5_IRQHandler   encoder.o
    0x08003ec8   0x00000014   Code   RO         2449    i.TIM_ARRPreloadConfig  stm32f4xx_tim.o
    0x08003edc   0x00000006   Code   RO         2455    i.TIM_ClearFlag     stm32f4xx_tim.o
    0x08003ee2   0x00000006   Code   RO         2456    i.TIM_ClearITPendingBit  stm32f4xx_tim.o
    0x08003ee8   0x00000014   Code   RO         2461    i.TIM_Cmd           stm32f4xx_tim.o
    0x08003efc   0x00000016   Code   RO         2463    i.TIM_CtrlPWMOutputs  stm32f4xx_tim.o
    0x08003f12   0x00000032   Code   RO         2470    i.TIM_EncoderInterfaceConfig  stm32f4xx_tim.o
    0x08003f44   0x00000004   Code   RO         2476    i.TIM_GetCapture1   stm32f4xx_tim.o
    0x08003f48   0x00000004   Code   RO         2477    i.TIM_GetCapture2   stm32f4xx_tim.o
    0x08003f4c   0x00000004   Code   RO         2478    i.TIM_GetCapture3   stm32f4xx_tim.o
    0x08003f50   0x00000004   Code   RO         2479    i.TIM_GetCapture4   stm32f4xx_tim.o
    0x08003f54   0x00000018   Code   RO         2482    i.TIM_GetITStatus   stm32f4xx_tim.o
    0x08003f6c   0x000000ac   Code   RO         2484    i.TIM_ICInit        stm32f4xx_tim.o
    0x08004018   0x00000010   Code   RO         2485    i.TIM_ICStructInit  stm32f4xx_tim.o
    0x08004028   0x00000010   Code   RO         2486    i.TIM_ITConfig      stm32f4xx_tim.o
    0x08004038   0x00000060   Code   RO         2490    i.TIM_OC1Init       stm32f4xx_tim.o
    0x08004098   0x0000000c   Code   RO         2492    i.TIM_OC1PolarityConfig  stm32f4xx_tim.o
    0x080040a4   0x0000000c   Code   RO         2493    i.TIM_OC1PreloadConfig  stm32f4xx_tim.o
    0x080040b0   0x00000080   Code   RO         2495    i.TIM_OC2Init       stm32f4xx_tim.o
    0x08004130   0x00000014   Code   RO         2497    i.TIM_OC2PolarityConfig  stm32f4xx_tim.o
    0x08004144   0x00000014   Code   RO         2498    i.TIM_OC2PreloadConfig  stm32f4xx_tim.o
    0x08004158   0x0000007c   Code   RO         2500    i.TIM_OC3Init       stm32f4xx_tim.o
    0x080041d4   0x00000014   Code   RO         2502    i.TIM_OC3PolarityConfig  stm32f4xx_tim.o
    0x080041e8   0x0000000c   Code   RO         2503    i.TIM_OC3PreloadConfig  stm32f4xx_tim.o
    0x080041f4   0x00000060   Code   RO         2505    i.TIM_OC4Init       stm32f4xx_tim.o
    0x08004254   0x00000014   Code   RO         2506    i.TIM_OC4PolarityConfig  stm32f4xx_tim.o
    0x08004268   0x00000014   Code   RO         2507    i.TIM_OC4PreloadConfig  stm32f4xx_tim.o
    0x0800427c   0x00000004   Code   RO         2525    i.TIM_SetCompare3   stm32f4xx_tim.o
    0x08004280   0x00000004   Code   RO         2526    i.TIM_SetCompare4   stm32f4xx_tim.o
    0x08004284   0x00000004   Code   RO         2527    i.TIM_SetCounter    stm32f4xx_tim.o
    0x08004288   0x00000010   Code   RO         2528    i.TIM_SetIC1Prescaler  stm32f4xx_tim.o
    0x08004298   0x00000018   Code   RO         2529    i.TIM_SetIC2Prescaler  stm32f4xx_tim.o
    0x080042b0   0x00000010   Code   RO         2530    i.TIM_SetIC3Prescaler  stm32f4xx_tim.o
    0x080042c0   0x00000018   Code   RO         2531    i.TIM_SetIC4Prescaler  stm32f4xx_tim.o
    0x080042d8   0x0000007c   Code   RO         2533    i.TIM_TimeBaseInit  stm32f4xx_tim.o
    0x08004354   0x00000012   Code   RO         2534    i.TIM_TimeBaseStructInit  stm32f4xx_tim.o
    0x08004366   0x00000002   PAD
    0x08004368   0x00000074   Code   RO         4242    i.Turn_Off          balance.o
    0x080043dc   0x000002a4   Code   RO         1000    i.UART4_IRQHandler  usartx.o
    0x08004680   0x000000dc   Code   RO         1001    i.USART1_IRQHandler  usartx.o
    0x0800475c   0x0000003c   Code   RO         1002    i.USART1_SEND       usartx.o
    0x08004798   0x00000170   Code   RO         1003    i.USART3_IRQHandler  usartx.o
    0x08004908   0x0000003c   Code   RO         1004    i.USART3_SEND       usartx.o
    0x08004944   0x00000014   Code   RO         1858    i.USART_Cmd         stm32f4xx_usart.o
    0x08004958   0x0000003e   Code   RO         1862    i.USART_GetITStatus  stm32f4xx_usart.o
    0x08004996   0x00000030   Code   RO         1864    i.USART_ITConfig    stm32f4xx_usart.o
    0x080049c6   0x00000002   PAD
    0x080049c8   0x000000ac   Code   RO         1865    i.USART_Init        stm32f4xx_usart.o
    0x08004a74   0x00000008   Code   RO         1872    i.USART_ReceiveData  stm32f4xx_usart.o
    0x08004a7c   0x00000002   Code   RO          281    i.UsageFault_Handler  stm32f4xx_it.o
    0x08004a7e   0x00000002   PAD
    0x08004a80   0x00000098   Code   RO         4413    i.VolMean_Filter    show.o
    0x08004b18   0x00000054   Code   RO         1006    i.XYZ_Target_Speed_transition  usartx.o
    0x08004b6c   0x00000068   Code   RO         1007    i._System_Reset_    usartx.o
    0x08004bd4   0x00000020   Code   RO         5148    i.__0printf$3       mc_w.l(printf3.o)
    0x08004bf4   0x00000030   Code   RO         5354    i.__ARM_fpclassify  m_wm.l(fpclassify.o)
    0x08004c24   0x00000004   PAD
    0x08004c28   0x00000c38   Code   RO         5032    i.__hardfp_pow      m_wm.l(pow.o)
    0x08005860   0x000000f8   Code   RO         5356    i.__kernel_poly     m_wm.l(poly.o)
    0x08005958   0x00000030   Code   RO         5334    i.__mathlib_dbl_divzero  m_wm.l(dunder.o)
    0x08005988   0x00000014   Code   RO         5336    i.__mathlib_dbl_infnan2  m_wm.l(dunder.o)
    0x0800599c   0x00000004   PAD
    0x080059a0   0x00000020   Code   RO         5337    i.__mathlib_dbl_invalid  m_wm.l(dunder.o)
    0x080059c0   0x00000020   Code   RO         5338    i.__mathlib_dbl_overflow  m_wm.l(dunder.o)
    0x080059e0   0x00000020   Code   RO         5340    i.__mathlib_dbl_underflow  m_wm.l(dunder.o)
    0x08005a00   0x0000000e   Code   RO         5423    i.__scatterload_copy  mc_w.l(handlers.o)
    0x08005a0e   0x00000002   Code   RO         5424    i.__scatterload_null  mc_w.l(handlers.o)
    0x08005a10   0x0000000e   Code   RO         5425    i.__scatterload_zeroinit  mc_w.l(handlers.o)
    0x08005a1e   0x00000002   PAD
    0x08005a20   0x0000000c   Code   RO         5395    i.__set_errno       mc_w.l(errno.o)
    0x08005a2c   0x000001b8   Code   RO         5155    i._printf_core      mc_w.l(printf3.o)
    0x08005be4   0x00000140   Code   RO         4243    i.auto_pwm_clear    balance.o
    0x08005d24   0x00000022   Code   RO         1008    i.data_task         usartx.o
    0x08005d46   0x00000002   PAD
    0x08005d48   0x000001a4   Code   RO         1009    i.data_transition   usartx.o
    0x08005eec   0x00000038   Code   RO         1195    i.delay_init        delay.o
    0x08005f24   0x00000038   Code   RO         1196    i.delay_ms          delay.o
    0x08005f5c   0x00000034   Code   RO         1197    i.delay_us          delay.o
    0x08005f90   0x00000018   Code   RO         5350    i.fabs              m_wm.l(fabs.o)
    0x08005fa8   0x00000018   Code   RO         1269    i.fputc             usart.o
    0x08005fc0   0x0000001c   Code   RO         1199    i.getSysTickCnt     delay.o
    0x08005fdc   0x00000008   Code   RO         4245    i.int_abs           balance.o
    0x08005fe4   0x00000070   Code   RO          647    i.led_task          led.o
    0x08006054   0x00000038   Code   RO            3    i.main              main.o
    0x0800608c   0x00000008   Code   RO         4246    i.myabs             balance.o
    0x08006094   0x00000010   Code   RO          739    i.oled_pow          oled.o
    0x080060a4   0x000005f0   Code   RO         4414    i.oled_show         show.o
    0x08006694   0x000000e0   Code   RO          740    i.oled_showfloat    oled.o
    0x08006774   0x00000070   Code   RO         3536    i.prvAddCurrentTaskToDelayedList  tasks.o
    0x080067e4   0x000000d0   Code   RO         3537    i.prvAddNewTaskToReadyList  tasks.o
    0x080068b4   0x00000050   Code   RO         3889    i.prvCheckForValidListAndQueue  timers.o
    0x08006904   0x00000054   Code   RO         3538    i.prvCheckTasksWaitingTermination  tasks.o
    0x08006958   0x00000026   Code   RO         3313    i.prvCopyDataFromQueue  queue.o
    0x0800697e   0x0000006c   Code   RO         3314    i.prvCopyDataToQueue  queue.o
    0x080069ea   0x00000014   Code   RO         3539    i.prvDeleteTCB      tasks.o
    0x080069fe   0x00000002   PAD
    0x08006a00   0x0000004c   Code   RO         4102    i.prvHeapInit       heap_4.o
    0x08006a4c   0x00000028   Code   RO         3540    i.prvIdleTask       tasks.o
    0x08006a74   0x000000c0   Code   RO         3541    i.prvInitialiseNewTask  tasks.o
    0x08006b34   0x0000004c   Code   RO         4103    i.prvInsertBlockIntoFreeList  heap_4.o
    0x08006b80   0x00000038   Code   RO         3890    i.prvInsertTimerInActiveList  timers.o
    0x08006bb8   0x0000001a   Code   RO         3315    i.prvIsQueueEmpty   queue.o
    0x08006bd2   0x00000002   PAD
    0x08006bd4   0x00000090   Code   RO         3316    i.prvNotifyQueueSetContainer  queue.o
    0x08006c64   0x00000060   Code   RO         3891    i.prvProcessExpiredTimer  timers.o
    0x08006cc4   0x000000f0   Code   RO         3892    i.prvProcessReceivedCommands  timers.o
    0x08006db4   0x0000006c   Code   RO         3893    i.prvProcessTimerOrBlockTask  timers.o
    0x08006e20   0x00000020   Code   RO         3543    i.prvResetNextTaskUnblockTime  tasks.o
    0x08006e40   0x00000028   Code   RO         3894    i.prvSampleTimeNow  timers.o
    0x08006e68   0x0000006c   Code   RO         3895    i.prvSwitchTimerLists  timers.o
    0x08006ed4   0x00000064   Code   RO         4018    i.prvTaskExitError  port.o
    0x08006f38   0x00000028   Code   RO         3896    i.prvTimerTask      timers.o
    0x08006f60   0x00000078   Code   RO         3317    i.prvUnlockQueue    queue.o
    0x08006fd8   0x00000016   Code   RO          852    i.pstwo_task        pstwo.o
    0x08006fee   0x00000002   PAD
    0x08006ff0   0x00000114   Code   RO         4104    i.pvPortMalloc      heap_4.o
    0x08007104   0x00000018   Code   RO         3545    i.pvTaskIncrementMutexHeldCount  tasks.o
    0x0800711c   0x0000002c   Code   RO         4019    i.pxPortInitialiseStack  port.o
    0x08007148   0x00000134   Code   RO         4415    i.show_task         show.o
    0x0800727c   0x0000006e   Code   RO         5361    i.sqrt              m_wm.l(sqrt.o)
    0x080072ea   0x00000002   PAD
    0x080072ec   0x000000f0   Code   RO            4    i.start_task        main.o
    0x080073dc   0x000000b4   Code   RO         4160    i.systemInit        system.o
    0x08007490   0x00000020   Code   RO         4248    i.target_limit_float  balance.o
    0x080074b0   0x00000010   Code   RO         4249    i.target_limit_int  balance.o
    0x080074c0   0x000000ac   Code   RO         1010    i.uart1_init        usartx.o
    0x0800756c   0x000000b0   Code   RO         1011    i.uart3_init        usartx.o
    0x0800761c   0x000000ac   Code   RO         1012    i.uart4_init        usartx.o
    0x080076c8   0x00000010   Code   RO         1013    i.usart1_send       usartx.o
    0x080076d8   0x00000014   Code   RO         1014    i.usart3_send       usartx.o
    0x080076ec   0x00000024   Code   RO         3268    i.uxListRemove      list.o
    0x08007710   0x00000016   Code   RO         3269    i.vListInitialise   list.o
    0x08007726   0x00000006   Code   RO         3270    i.vListInitialiseItem  list.o
    0x0800772c   0x00000030   Code   RO         3271    i.vListInsert       list.o
    0x0800775c   0x00000018   Code   RO         3272    i.vListInsertEnd    list.o
    0x08007774   0x00000078   Code   RO         4021    i.vPortEnterCritical  port.o
    0x080077ec   0x00000064   Code   RO         4022    i.vPortExitCritical  port.o
    0x08007850   0x0000009c   Code   RO         4105    i.vPortFree         heap_4.o
    0x080078ec   0x00000020   Code   RO         4023    i.vPortSetupTimerInterrupt  port.o
    0x0800790c   0x0000008c   Code   RO         4024    i.vPortValidateInterruptPriority  port.o
    0x08007998   0x00000024   Code   RO         3323    i.vQueueAddToRegistry  queue.o
    0x080079bc   0x00000044   Code   RO         3327    i.vQueueWaitForMessageRestricted  queue.o
    0x08007a00   0x0000006c   Code   RO         3553    i.vTaskDelay        tasks.o
    0x08007a6c   0x000000ac   Code   RO         3554    i.vTaskDelayUntil   tasks.o
    0x08007b18   0x000000cc   Code   RO         3555    i.vTaskDelete       tasks.o
    0x08007be4   0x0000000c   Code   RO         3559    i.vTaskMissedYield  tasks.o
    0x08007bf0   0x00000054   Code   RO         3561    i.vTaskPlaceOnEventList  tasks.o
    0x08007c44   0x0000005c   Code   RO         3562    i.vTaskPlaceOnEventListRestricted  tasks.o
    0x08007ca0   0x00000084   Code   RO         3564    i.vTaskPriorityInherit  tasks.o
    0x08007d24   0x00000048   Code   RO         3568    i.vTaskSetTimeOutState  tasks.o
    0x08007d6c   0x00000094   Code   RO         3569    i.vTaskStartScheduler  tasks.o
    0x08007e00   0x00000010   Code   RO         3571    i.vTaskSuspendAll   tasks.o
    0x08007e10   0x0000007c   Code   RO         3572    i.vTaskSwitchContext  tasks.o
    0x08007e8c   0x00000114   Code   RO         4025    i.xPortStartScheduler  port.o
    0x08007fa0   0x0000002c   Code   RO         4026    i.xPortSysTickHandler  port.o
    0x08007fcc   0x00000078   Code   RO         3332    i.xQueueGenericCreate  queue.o
    0x08008044   0x00000184   Code   RO         3333    i.xQueueGenericReceive  queue.o
    0x080081c8   0x000000a8   Code   RO         3334    i.xQueueGenericReset  queue.o
    0x08008270   0x00000188   Code   RO         3335    i.xQueueGenericSend  queue.o
    0x080083f8   0x000000e0   Code   RO         3336    i.xQueueGenericSendFromISR  queue.o
    0x080084d8   0x00000088   Code   RO         3573    i.xTaskCheckForTimeOut  tasks.o
    0x08008560   0x00000056   Code   RO         3574    i.xTaskCreate       tasks.o
    0x080085b6   0x00000002   PAD
    0x080085b8   0x0000001c   Code   RO         3578    i.xTaskGetSchedulerState  tasks.o
    0x080085d4   0x0000000c   Code   RO         3579    i.xTaskGetTickCount  tasks.o
    0x080085e0   0x000000e8   Code   RO         3581    i.xTaskIncrementTick  tasks.o
    0x080086c8   0x000000b4   Code   RO         3584    i.xTaskPriorityDisinherit  tasks.o
    0x0800877c   0x00000098   Code   RO         3585    i.xTaskRemoveFromEventList  tasks.o
    0x08008814   0x000000e4   Code   RO         3587    i.xTaskResumeAll    tasks.o
    0x080088f8   0x00000074   Code   RO         3899    i.xTimerCreate      timers.o
    0x0800896c   0x00000074   Code   RO         3900    i.xTimerCreateTimerTask  timers.o
    0x080089e0   0x00000090   Code   RO         3901    i.xTimerGenericCommand  timers.o
    0x08008a70   0x000014a4   Data   RO          742    .constdata          oled.o
    0x08009f14   0x00000004   PAD
    0x08009f18   0x00000088   Data   RO         5035    .constdata          m_wm.l(pow.o)
    0x08009fa0   0x00000008   Data   RO         5358    .constdata          m_wm.l(qnan.o)
    0x08009fa8   0x00000059   Data   RO         1017    .conststring        usartx.o
    0x0800a001   0x00000003   PAD
    0x0800a004   0x00000020   Data   RO         5421    Region$$Table       anon$$obj.o


    Execution Region RW_IRAM1 (Base: 0x20000000, Size: 0x000060c0, Max: 0x00020000, ABSOLUTE, COMPRESSED[0x00000098])

    Base Addr    Size         Type   Attr      Idx    E Section Name        Object

    0x20000000   0x00000004   Data   RW            5    .data               main.o
    0x20000004   0x00000014   Data   RW          358    .data               system_stm32f4xx.o
    0x20000018   0x00000004   Data   RW          397    .data               adc.o
    0x2000001c   0x00000004   Data   RW          399    .data               adc.o
    0x20000020   0x0000001e   Data   RW          594    .data               key.o
    0x2000003e   0x00000002   PAD
    0x20000040   0x0000000c   Data   RW          648    .data               led.o
    0x2000004c   0x00000028   Data   RW          854    .data               pstwo.o
    0x20000074   0x00000048   Data   RW          961    .data               timer.o
    0x200000bc   0x0000002c   Data   RW         1018    .data               usartx.o
    0x200000e8   0x00000001   Data   RW         1154    .data               autorecharge.o
    0x200000e9   0x00000001   Data   RW         1155    .data               autorecharge.o
    0x200000ea   0x00000002   PAD
    0x200000ec   0x00000004   Data   RW         1156    .data               autorecharge.o
    0x200000f0   0x0000000c   Data   RW         1157    .data               autorecharge.o
    0x200000fc   0x00000001   Data   RW         1158    .data               autorecharge.o
    0x200000fd   0x00000001   Data   RW         1159    .data               autorecharge.o
    0x200000fe   0x00000002   PAD
    0x20000100   0x00000004   Data   RW         1160    .data               autorecharge.o
    0x20000104   0x00000004   Data   RW         1161    .data               autorecharge.o
    0x20000108   0x00000004   Data   RW         1162    .data               autorecharge.o
    0x2000010c   0x00000004   Data   RW         1163    .data               autorecharge.o
    0x20000110   0x00000004   Data   RW         1164    .data               autorecharge.o
    0x20000114   0x00000004   Data   RW         1165    .data               autorecharge.o
    0x20000118   0x00000001   Data   RW         1166    .data               autorecharge.o
    0x20000119   0x00000001   Data   RW         1167    .data               autorecharge.o
    0x2000011a   0x00000001   Data   RW         1168    .data               autorecharge.o
    0x2000011b   0x00000001   Data   RW         1169    .data               autorecharge.o
    0x2000011c   0x00000008   Data   RW         1200    .data               delay.o
    0x20000124   0x00000004   Data   RW         1273    .data               usart.o
    0x20000128   0x00000010   Data   RW         1517    .data               stm32f4xx_rcc.o
    0x20000138   0x0000003c   Data   RW         3590    .data               tasks.o
    0x20000174   0x00000014   Data   RW         3909    .data               timers.o
    0x20000188   0x0000000c   Data   RW         4027    .data               port.o
    0x20000194   0x00000018   Data   RW         4110    .data               heap_4.o
    0x200001ac   0x00000001   Data   RW         4166    .data               system.o
    0x200001ad   0x00000001   Data   RW         4168    .data               system.o
    0x200001ae   0x00000002   PAD
    0x200001b0   0x00000004   Data   RW         4169    .data               system.o
    0x200001b4   0x00000004   Data   RW         4170    .data               system.o
    0x200001b8   0x00000004   Data   RW         4171    .data               system.o
    0x200001bc   0x00000001   Data   RW         4172    .data               system.o
    0x200001bd   0x00000001   Data   RW         4173    .data               system.o
    0x200001be   0x00000001   Data   RW         4174    .data               system.o
    0x200001bf   0x00000001   Data   RW         4175    .data               system.o
    0x200001c0   0x00000001   Data   RW         4176    .data               system.o
    0x200001c1   0x00000001   Data   RW         4177    .data               system.o
    0x200001c2   0x00000001   Data   RW         4178    .data               system.o
    0x200001c3   0x00000001   Data   RW         4179    .data               system.o
    0x200001c4   0x00000004   Data   RW         4180    .data               system.o
    0x200001c8   0x00000004   Data   RW         4182    .data               system.o
    0x200001cc   0x00000004   Data   RW         4183    .data               system.o
    0x200001d0   0x00000004   Data   RW         4184    .data               system.o
    0x200001d4   0x00000004   Data   RW         4185    .data               system.o
    0x200001d8   0x00000004   Data   RW         4186    .data               system.o
    0x200001dc   0x00000004   Data   RW         4187    .data               system.o
    0x200001e0   0x00000004   Data   RW         4188    .data               system.o
    0x200001e4   0x00000001   Data   RW         4190    .data               system.o
    0x200001e5   0x00000001   Data   RW         4191    .data               system.o
    0x200001e6   0x00000001   Data   RW         4192    .data               system.o
    0x200001e7   0x00000001   Data   RW         4193    .data               system.o
    0x200001e8   0x00000004   Data   RW         4194    .data               system.o
    0x200001ec   0x00000004   Data   RW         4195    .data               system.o
    0x200001f0   0x00000004   Data   RW         4196    .data               system.o
    0x200001f4   0x00000004   Data   RW         4197    .data               system.o
    0x200001f8   0x00000004   Data   RW         4198    .data               system.o
    0x200001fc   0x00000050   Data   RW         4250    .data               balance.o
    0x2000024c   0x00000004   Data   RW         4253    .data               balance.o
    0x20000250   0x00000004   Data   RW         4254    .data               balance.o
    0x20000254   0x00000001   Data   RW         4255    .data               balance.o
    0x20000255   0x00000003   PAD
    0x20000258   0x00000004   Data   RW         4257    .data               balance.o
    0x2000025c   0x00000018   Data   RW         4417    .data               show.o
    0x20000274   0x00000004   Data   RW         4651    .data               hubdrivercan.o
    0x20000278   0x00000028   Data   RW         4823    .data               mpu6050.o
    0x200002a0   0x00000004   Data   RW         5396    .data               mc_w.l(errno.o)
    0x200002a4   0x0000040c   Zero   RW          741    .bss                oled.o
    0x200006b0   0x00000009   Zero   RW          853    .bss                pstwo.o
    0x200006b9   0x00000003   PAD
    0x200006bc   0x00000094   Zero   RW         1016    .bss                usartx.o
    0x20000750   0x00000040   Zero   RW         3347    .bss                queue.o
    0x20000790   0x000002e4   Zero   RW         3589    .bss                tasks.o
    0x20000a74   0x00000028   Zero   RW         3908    .bss                timers.o
    0x20000a9c   0x00005000   Zero   RW         4109    .bss                heap_4.o
    0x20005a9c   0x0000000c   Zero   RW         4161    .bss                system.o
    0x20005aa8   0x0000001c   Zero   RW         4162    .bss                system.o
    0x20005ac4   0x0000001c   Zero   RW         4163    .bss                system.o
    0x20005ae0   0x0000001c   Zero   RW         4164    .bss                system.o
    0x20005afc   0x0000001c   Zero   RW         4165    .bss                system.o
    0x20005b18   0x00000018   Zero   RW         4385    .bss                robot_select_init.o
    0x20005b30   0x00000190   Zero   RW         4416    .bss                show.o
    0x20005cc0   0x00000400   Zero   RW         1313    STACK               startup_stm32f40_41xxx.o


==============================================================================

Image component sizes


      Code (inc. data)   RO Data    RW Data    ZI Data      Debug   Object Name

       338         44          0          8          0       2529   adc.o
       124          8          0         48          0       1474   autorecharge.o
      3044        478          0         93          0      13351   balance.o
      1460        126          0          0          0       5485   can.o
       212         18          0          8          0       2821   delay.o
       924         64          0          0          0       5171   encoder.o
         0          0          0          0          0       9276   event_groups.o
       584        138          0         24      20480       3611   heap_4.o
         0          0          0          4          0        247   hubdrivercan.o
       818         74          0          0          0       5933   i2c.o
       316         32          0         30          0       3681   key.o
       248         24          0         12          0       2128   led.o
       136          0          0          0          0       2818   list.o
       296        130          0          4          0     322084   main.o
       144         14          0          0          0       1853   misc.o
       688         42          0          0          0       2658   motor.o
       650         20          0         40          0       5872   mpu6050.o
      1170         50       5284          0       1036       7635   oled.o
      1038        382          0         12          0      10397   port.o
      1096        118          0         40          9       7260   pstwo.o
      1832        236          0          0         64      11061   queue.o
       392         72          0          0         24       1393   robot_select_init.o
      2292        438          0         24        400       3942   show.o
        36          8        392          0       1024        804   startup_stm32f40_41xxx.o
       286         20          0          0          0       4914   stm32f4xx_adc.o
       220         10          0          0          0       2148   stm32f4xx_can.o
       160          0          0          0          0       2463   stm32f4xx_gpio.o
        12          0          0          0          0       2513   stm32f4xx_it.o
        12          6          0          0          0        478   stm32f4xx_pwr.o
       268         42          0         16          0       5324   stm32f4xx_rcc.o
      1282         60          0          0          0      21020   stm32f4xx_tim.o
       310          8          0          0          0       3686   stm32f4xx_usart.o
       216         20          0         78        124       4702   system.o
       272         36          0         20          0       1641   system_stm32f4xx.o
      2930        714          0         60        740      28149   tasks.o
      1004         48          0         72          0       3818   timer.o
      1144        260          0         20         40       8570   timers.o
        24          6          0          4          0       2268   usart.o
      2930        416         89         44        148      38870   usartx.o

    ----------------------------------------------------------------------
     28952       4162       5804        672      24092     564048   Object Totals
         0          0         32          0          0          0   (incl. Generated)
        44          0          7         11          3          0   (incl. Padding)

    ----------------------------------------------------------------------

      Code (inc. data)   RO Data    RW Data    ZI Data      Debug   Library Member Name

       164         44          0          0          0        620   dunder.o
        24          0          0          0          0        124   fabs.o
        48          0          0          0          0        124   fpclassify.o
       248          0          0          0          0        152   poly.o
      3128        302        136          0          0        356   pow.o
         0          0          8          0          0          0   qnan.o
       110          0          0          0          0        148   sqrt.o
        86          0          0          0          0          0   __dczerorl2.o
         0          0          0          0          0          0   entry.o
         0          0          0          0          0          0   entry10a.o
         0          0          0          0          0          0   entry11a.o
         8          4          0          0          0          0   entry2.o
         4          0          0          0          0          0   entry5.o
         0          0          0          0          0          0   entry7b.o
         0          0          0          0          0          0   entry8b.o
         8          4          0          0          0          0   entry9a.o
        12          6          0          4          0         68   errno.o
        30          0          0          0          0          0   handlers.o
        36          8          0          0          0         68   init.o
         0          0          0          0          0          0   iusefp.o
        30          0          0          0          0         68   llshl.o
        36          0          0          0          0         68   llsshr.o
        32          0          0          0          0         68   llushr.o
        36          0          0          0          0         68   memcpya.o
        36          0          0          0          0        108   memseta.o
       472         14          0          0          0        184   printf3.o
        44          0          0          0          0         80   uidiv.o
        48          0          0          0          0         68   cdrcmple.o
        56          0          0          0          0         88   d2f.o
       334          0          0          0          0        148   dadd.o
       222          0          0          0          0        100   ddiv.o
       186          0          0          0          0        176   depilogue.o
        34          0          0          0          0         76   dflti.o
        26          0          0          0          0         76   dfltui.o
       228          0          0          0          0         96   dmul.o
        46          0          0          0          0         80   dscalb.o
       162          0          0          0          0        100   dsqrt.o
        38          0          0          0          0         68   f2d.o
       110          0          0          0          0        168   fepilogue.o

    ----------------------------------------------------------------------
      6096        382        144          4          0       3548   Library Totals
        14          0          0          0          0          0   (incl. Padding)

    ----------------------------------------------------------------------

      Code (inc. data)   RO Data    RW Data    ZI Data      Debug   Library Name

      3722        346        144          0          0       1524   m_wm.l
       870         36          0          4          0        780   mc_w.l
      1490          0          0          0          0       1244   mf_w.l

    ----------------------------------------------------------------------
      6096        382        144          4          0       3548   Library Totals

    ----------------------------------------------------------------------

==============================================================================


      Code (inc. data)   RO Data    RW Data    ZI Data      Debug   

     35048       4544       5948        676      24092     540692   Grand Totals
     35048       4544       5948        152      24092     540692   ELF Image Totals (compressed)
     35048       4544       5948        152          0          0   ROM Totals

==============================================================================

    Total RO  Size (Code + RO Data)                40996 (  40.04kB)
    Total RW  Size (RW Data + ZI Data)             24768 (  24.19kB)
    Total ROM Size (Code + RO Data + RW Data)      41148 (  40.18kB)

==============================================================================

