<html>
<body>
<pre>
<h1>µVision Build Log</h1>
<h2>Tool Versions:</h2>
IDE-Version: ¦ÌVision V5.14.0.0
Copyright (C) 2015 ARM Ltd and ARM Germany GmbH. All rights reserved.
License Information: wez wez, wez, LIC=50D7S-L584M-INEA7-EMZU2-PL12P-JRCZ5
 
Tool Versions:
Toolchain:       MDK-ARM Professional  Version: 5.14.0.0
Toolchain Path:  C:\Keil_v5\ARM\ARMCC\Bin
C Compiler:      Armcc.exe V5.05 update 1 (build 106)
Assembler:       Armasm.exe V5.05 update 1 (build 106)
Linker/Locator:  ArmLink.exe V5.05 update 1 (build 106)
Library Manager: ArmAr.exe V5.05 update 1 (build 106)
Hex Converter:   FromElf.exe V5.05 update 1 (build 106)
CPU DLL:         SARMCM3.DLL V5.14.0.0
Dialog DLL:      DCM.DLL V1.13.1.0
Target DLL:      STLink\ST-LINKIII-KEIL_SWO.dll V2.0.14.0_KEIL
Dialog DLL:      TCM.DLL V1.14.4.0
 
<h2>Project:</h2>
D:\WheelchairSTM32\USER\WHEELTEC.uvprojx
Project File Date:  08/21/2024

<h2>Output:</h2>
Build target 'FreeRTOS'
compiling main.c...
..\MPU6050\I2C.h(25): warning:  #47-D: incompatible redefinition of macro "__ARMCLIB_VERSION" (declared at line 22 of "C:\Keil_v5\ARM\ARMCC\Bin\..\include\stddef.h")
  #define __ARMCLIB_VERSION 5060044
main.c: 1 warning, 0 errors
compiling adc.c...
..\MPU6050\I2C.h(25): warning:  #47-D: incompatible redefinition of macro "__ARMCLIB_VERSION" (declared at line 22 of "C:\Keil_v5\ARM\ARMCC\Bin\..\include\stddef.h")
  #define __ARMCLIB_VERSION 5060044
..\HARDWARE\adc.c: 1 warning, 0 errors
compiling can.c...
..\MPU6050\I2C.h(25): warning:  #47-D: incompatible redefinition of macro "__ARMCLIB_VERSION" (declared at line 22 of "C:\Keil_v5\ARM\ARMCC\Bin\..\include\stddef.h")
  #define __ARMCLIB_VERSION 5060044
..\HARDWARE\can.c: 1 warning, 0 errors
compiling encoder.c...
..\MPU6050\I2C.h(25): warning:  #47-D: incompatible redefinition of macro "__ARMCLIB_VERSION" (declared at line 22 of "C:\Keil_v5\ARM\ARMCC\Bin\..\include\stddef.h")
  #define __ARMCLIB_VERSION 5060044
..\HARDWARE\encoder.c: 1 warning, 0 errors
compiling key.c...
..\MPU6050\I2C.h(25): warning:  #47-D: incompatible redefinition of macro "__ARMCLIB_VERSION" (declared at line 22 of "C:\Keil_v5\ARM\ARMCC\Bin\..\include\stddef.h")
  #define __ARMCLIB_VERSION 5060044
..\HARDWARE\key.c: 1 warning, 0 errors
compiling LED.C...
..\MPU6050\I2C.h(25): warning:  #47-D: incompatible redefinition of macro "__ARMCLIB_VERSION" (declared at line 22 of "C:\Keil_v5\ARM\ARMCC\Bin\..\include\stddef.h")
  #define __ARMCLIB_VERSION 5060044
..\HARDWARE\LED.C: 1 warning, 0 errors
compiling motor.c...
..\MPU6050\I2C.h(25): warning:  #47-D: incompatible redefinition of macro "__ARMCLIB_VERSION" (declared at line 22 of "C:\Keil_v5\ARM\ARMCC\Bin\..\include\stddef.h")
  #define __ARMCLIB_VERSION 5060044
..\HARDWARE\motor.c: 1 warning, 0 errors
compiling oled.c...
..\MPU6050\I2C.h(25): warning:  #47-D: incompatible redefinition of macro "__ARMCLIB_VERSION" (declared at line 22 of "C:\Keil_v5\ARM\ARMCC\Bin\..\include\stddef.h")
  #define __ARMCLIB_VERSION 5060044
..\HARDWARE\oled.c: 1 warning, 0 errors
compiling pstwo.c...
..\MPU6050\I2C.h(25): warning:  #47-D: incompatible redefinition of macro "__ARMCLIB_VERSION" (declared at line 22 of "C:\Keil_v5\ARM\ARMCC\Bin\..\include\stddef.h")
  #define __ARMCLIB_VERSION 5060044
..\HARDWARE\pstwo.c: 1 warning, 0 errors
compiling timer.c...
..\MPU6050\I2C.h(25): warning:  #47-D: incompatible redefinition of macro "__ARMCLIB_VERSION" (declared at line 22 of "C:\Keil_v5\ARM\ARMCC\Bin\..\include\stddef.h")
  #define __ARMCLIB_VERSION 5060044
..\HARDWARE\timer.c: 1 warning, 0 errors
compiling usartx.c...
..\MPU6050\I2C.h(25): warning:  #47-D: incompatible redefinition of macro "__ARMCLIB_VERSION" (declared at line 22 of "C:\Keil_v5\ARM\ARMCC\Bin\..\include\stddef.h")
  #define __ARMCLIB_VERSION 5060044
..\HARDWARE\usartx.c: 1 warning, 0 errors
compiling AutoRecharge.c...
..\MPU6050\I2C.h(25): warning:  #47-D: incompatible redefinition of macro "__ARMCLIB_VERSION" (declared at line 22 of "C:\Keil_v5\ARM\ARMCC\Bin\..\include\stddef.h")
  #define __ARMCLIB_VERSION 5060044
..\AutoRecharge\AutoRecharge.c: 1 warning, 0 errors
compiling system.c...
..\MPU6050\I2C.h(25): warning:  #47-D: incompatible redefinition of macro "__ARMCLIB_VERSION" (declared at line 22 of "C:\Keil_v5\ARM\ARMCC\Bin\..\include\stddef.h")
  #define __ARMCLIB_VERSION 5060044
..\BALANCE\system.c: 1 warning, 0 errors
compiling balance.c...
..\MPU6050\I2C.h(25): warning:  #47-D: incompatible redefinition of macro "__ARMCLIB_VERSION" (declared at line 22 of "C:\Keil_v5\ARM\ARMCC\Bin\..\include\stddef.h")
  #define __ARMCLIB_VERSION 5060044
..\BALANCE\balance.c: 1 warning, 0 errors
compiling robot_select_init.c...
..\MPU6050\I2C.h(25): warning:  #47-D: incompatible redefinition of macro "__ARMCLIB_VERSION" (declared at line 22 of "C:\Keil_v5\ARM\ARMCC\Bin\..\include\stddef.h")
  #define __ARMCLIB_VERSION 5060044
..\BALANCE\robot_select_init.c: 1 warning, 0 errors
compiling show.c...
..\MPU6050\I2C.h(25): warning:  #47-D: incompatible redefinition of macro "__ARMCLIB_VERSION" (declared at line 22 of "C:\Keil_v5\ARM\ARMCC\Bin\..\include\stddef.h")
  #define __ARMCLIB_VERSION 5060044
..\BALANCE\show.c: 1 warning, 0 errors
compiling HubDriver.c...
..\MPU6050\I2C.h(25): warning:  #47-D: incompatible redefinition of macro "__ARMCLIB_VERSION" (declared at line 22 of "C:\Keil_v5\ARM\ARMCC\Bin\..\include\stddef.h")
  #define __ARMCLIB_VERSION 5060044
..\HUB_DRIVER\HubDriver.c: 1 warning, 0 errors
compiling HubDriverCan.c...
..\MPU6050\I2C.h(25): warning:  #47-D: incompatible redefinition of macro "__ARMCLIB_VERSION" (declared at line 22 of "C:\Keil_v5\ARM\ARMCC\Bin\..\include\stddef.h")
  #define __ARMCLIB_VERSION 5060044
..\HUB_DRIVER\HubDriverCan.c: 1 warning, 0 errors
compiling MPU6050.c...
..\MPU6050\I2C.h(25): warning:  #47-D: incompatible redefinition of macro "__ARMCLIB_VERSION" (declared at line 13 of "C:\Keil_v5\ARM\ARMCC\Bin\..\include\stdarg.h")
  #define __ARMCLIB_VERSION 5060044
..\MPU6050\MPU6050.c: 1 warning, 0 errors
compiling I2C.c...
..\MPU6050\I2C.h(25): warning:  #47-D: incompatible redefinition of macro "__ARMCLIB_VERSION" (declared at line 13 of "C:\Keil_v5\ARM\ARMCC\Bin\..\include\stdarg.h")
  #define __ARMCLIB_VERSION 5060044
..\MPU6050\I2C.c: 1 warning, 0 errors
linking...
Program Size: Code=35472 RO-data=5948 RW-data=676 ZI-data=24092  
FromELF: creating hex file...
"..\OBJ\WHEELTEC.axf" - 0 Error(s), 20 Warning(s).
</pre>
</body>
</html>
